--------- beginning of main
06-25 10:13:22.996 15425 15542 E HiddenApis2: Failed to init DecodeJObjectFuncPtr
06-25 10:13:23.324 15425 15542 E InterpreterCacheClear: Could not find symbol to hook
06-25 10:13:23.618 15425 15544 E fb4a.MobileConfigInit: MobileConfigDebug: endToEndConfigLevelConsistencyTests
06-25 10:13:23.631 15425 15542 E fb4a.AppState: Returning default for firstRunInfo
06-25 10:13:23.631 15425 15542 E fb4a.AppState: Returning default for firstRunInfo
06-25 10:13:23.810 15425 15544 E fb4a.ColdstartExperimentsController: unable to set dex config
06-25 10:13:23.810 15425 15544 E fb4a.ColdstartExperimentsController: java.lang.IllegalStateException: Main DexStore is null
06-25 10:13:23.810 15425 15544 E fb4a.ColdstartExperimentsController: 	at com.facebook.common.dextricksdi.ColdstartExperimentsController.A00(:213)
06-25 10:13:23.810 15425 15544 E fb4a.ColdstartExperimentsController: 	at com.facebook.common.dextricksdi.ColdstartExperimentsController.A01(:64)
06-25 10:13:23.810 15425 15544 E fb4a.ColdstartExperimentsController: 	at X.7do.A2Y(:594)
06-25 10:13:23.810 15425 15544 E fb4a.ColdstartExperimentsController: 	at X.7do.A5A(:3)
06-25 10:13:23.810 15425 15544 E fb4a.ColdstartExperimentsController: 	at X.2Me.A02(:3632)
06-25 10:13:23.810 15425 15544 E fb4a.ColdstartExperimentsController: 	at X.2Me.run(:1659)
06-25 10:13:23.810 15425 15544 E fb4a.ColdstartExperimentsController: 	at X.2Ni.call(:241)
06-25 10:13:23.810 15425 15544 E fb4a.ColdstartExperimentsController: 	at java.util.concurrent.FutureTask.run(FutureTask.java:328)
06-25 10:13:23.810 15425 15544 E fb4a.ColdstartExperimentsController: 	at X.cT0.A00(:28)
06-25 10:13:23.810 15425 15544 E fb4a.ColdstartExperimentsController: 	at X.1VR.call(:48)
06-25 10:13:23.810 15425 15544 E fb4a.ColdstartExperimentsController: 	at java.util.concurrent.FutureTask.run(FutureTask.java:328)
06-25 10:13:23.810 15425 15544 E fb4a.ColdstartExperimentsController: 	at X.1VK.run(:2)
06-25 10:13:23.810 15425 15544 E fb4a.ColdstartExperimentsController: 	at X.1CY.run(:2)
06-25 10:13:23.810 15425 15544 E fb4a.ColdstartExperimentsController: 	at java.util.concurrent.ThreadPoolExecutor.runWorker(ThreadPoolExecutor.java:1100)
06-25 10:13:23.810 15425 15544 E fb4a.ColdstartExperimentsController: 	at java.util.concurrent.ThreadPoolExecutor$Worker.run(ThreadPoolExecutor.java:624)
06-25 10:13:23.810 15425 15544 E fb4a.ColdstartExperimentsController: 	at X.1Cf.run(:3)
06-25 10:13:23.810 15425 15544 E fb4a.ColdstartExperimentsController: 	at X.1Ch.run(:17)
06-25 10:13:23.810 15425 15544 E fb4a.ColdstartExperimentsController: 	at java.lang.Thread.run(Thread.java:1572)
06-25 10:13:23.973 15425 15534 E HQSession.cpp: Connection closed with error err=Transport error: 0x1 msg=Error on socket write Operation not permitted,  proto=h3-fb-05, client CID=, server CID=ae00bec71eaa3bd2, local=[::]:57050, [2a03:2880:f37e:8d:face:b00c:0:2]:443=upstream, drain=none
06-25 10:13:23.981 15425 15534 E HQSession.cpp: Connection closed with error err=Transport error: 0x1 msg=Error on socket write Operation not permitted, Operation not permitted proto=, client CID=, server CID=, local=<uninitialized address>, <uninitialized address>=upstream, drain=none
--------- beginning of system
06-25 10:13:23.992   606   636 E keystore2: system/security/keystore2/src/error.rs:186 - Rc(r#KEY_NOT_FOUND), "system/security/keystore2/src/service.rs:179: In get_key_entry, while trying to load key info. AppUid(10429), Some(\"W3C_PAYMENT_DEVICE_KEY100018256904634\")"
06-25 10:13:24.037 15425 15528 E fb4a.AppState: Returning default for firstRunInfo
06-25 10:13:24.041 15425 15552 E fb4a.AppState: Returning default for firstRunInfo
06-25 10:13:24.046 15425 15552 E fb4a.AppState: Returning default for firstRunInfo
06-25 10:13:24.056  1649  1794 E ActivityThread: Failed to find provider info for com.zhiliaoapp.musically.apm
06-25 10:13:24.192 15992 16010 E ashmem  : Pinning is deprecated since Android Q. Please use trim or other methods.
06-25 10:13:25.486   890   964 E BatteryDump: !@new_battery_dump : 4192,1012,1900,3150,81,307,304,466,0,0,345,466,0,Charging,NO_CHARGING,Normal,Good,USB,1,Normal,0,0,9420,0x48000,0x10010000,0x0,0,0000,0000,00000000,0,0,0,0,869,4114,7450,912,0,
06-25 10:13:26.278   878   973 E SensorsHub: AccSensor : Meta event
06-25 10:13:26.299 15285 15667 E AppLovinSdk: [PersistentPostbackQueueSaveTask] Postbacks queue file does not exist.
06-25 10:13:28.799  3109 16081 E pageboostd: alp start : app comnebulanetapp
06-25 10:13:28.898  3109  3109 E pageboostd: Received HALT command code 2
06-25 10:13:28.900  3109 16081 E pageboostd: comnebulanetapp, amt 31940608 scnt 2 fcnt 0
06-25 10:13:28.900  3109 16081 E pageboostd: alp end : app comnebulanetapp data_amount 31940608
06-25 10:13:28.900  3109 16081 E pageboostd: alp halted comnebulanetapp
06-25 10:13:28.931  3109  3109 E pageboostd: Received HALT command code 2
06-25 10:13:28.950 13122 13122 E HoneySpace.HotseatPot@114390160: Illegal access
06-25 10:13:28.963   920   920 E SurfaceFlinger: alpha changed 1.000 -> 0.000 - Surface(name=Task=341#342742)/@0x74a9130_transition-leash#342747
06-25 10:13:28.998   920   920 E SurfaceFlinger: alpha changed 0.000 -> 0.815 - Surface(name=Task=341#342742)/@0x74a9130_transition-leash#342747
06-25 10:13:29.046   920  2834 E NativeCustomFrequencyManager: [NativeCFMS] BpCustomFrequencyManager::acquire()
06-25 10:13:29.404 15302 16104 E AVManager: Cannot install JSI bindings for AV module because JS context is not available
06-25 10:13:29.444 15302 16104 I ReactNativeJS: Running "main"
06-25 10:13:29.461 15302 16104 W ReactNativeJS: This method is deprecated (as well as all React Native Firebase namespaced API) and will be removed in the next major release as part of move to match Firebase Web modular SDK API. Please see migration guide for more details: https://rnfirebase.io/migrating-to-v22 Please use `getApp()` instead.
06-25 10:13:29.464 15302 16104 W ReactNativeJS: This method is deprecated (as well as all React Native Firebase namespaced API) and will be removed in the next major release as part of move to match Firebase Web modular SDK API. Please see migration guide for more details: https://rnfirebase.io/migrating-to-v22 Please use `getApp()` instead.
06-25 10:13:29.513 15302 16104 W ReactNativeJS: This method is deprecated (as well as all React Native Firebase namespaced API) and will be removed in the next major release as part of move to match Firebase Web modular SDK API. Please see migration guide for more details: https://rnfirebase.io/migrating-to-v22 Please use `getApp()` instead.
06-25 10:13:29.513 15302 16104 W ReactNativeJS: This method is deprecated (as well as all React Native Firebase namespaced API) and will be removed in the next major release as part of move to match Firebase Web modular SDK API. Please see migration guide for more details: https://rnfirebase.io/migrating-to-v22 Please use `getApp()` instead.
06-25 10:13:29.517 15302 16104 W ReactNativeJS: This method is deprecated (as well as all React Native Firebase namespaced API) and will be removed in the next major release as part of move to match Firebase Web modular SDK API. Please see migration guide for more details: https://rnfirebase.io/migrating-to-v22 Please use `getApp()` instead.
06-25 10:13:29.664 15302 16104 W ReactNativeJS: '[Layout children]: No route named "notifications" exists in nested children:', [ '+not-found',
06-25 10:13:29.664 15302 16104 W ReactNativeJS:   'delete-account',
06-25 10:13:29.664 15302 16104 W ReactNativeJS:   'index',
06-25 10:13:29.664 15302 16104 W ReactNativeJS:   'login',
06-25 10:13:29.664 15302 16104 W ReactNativeJS:   'privacy',
06-25 10:13:29.664 15302 16104 W ReactNativeJS:   '(auth)',
06-25 10:13:29.664 15302 16104 W ReactNativeJS:   '(tabs)',
06-25 10:13:29.664 15302 16104 W ReactNativeJS:   'boost',
06-25 10:13:29.664 15302 16104 W ReactNativeJS:   'chat',
06-25 10:13:29.664 15302 16104 W ReactNativeJS:   'community',
06-25 10:13:29.664 15302 16104 W ReactNativeJS:   'create',
06-25 10:13:29.664 15302 16104 W ReactNativeJS:   'hashtag',
06-25 10:13:29.664 15302 16104 W ReactNativeJS:   'notifications/index',
06-25 10:13:29.664 15302 16104 W ReactNativeJS:   'post',
06-25 10:13:29.664 15302 16104 W ReactNativeJS:   'profile',
06-25 10:13:29.664 15302 16104 W ReactNativeJS:   'settings',
06-25 10:13:29.664 15302 16104 W ReactNativeJS:   'story/[id]',
06-25 10:13:29.664 15302 16104 W ReactNativeJS:   'u/[id]',
06-25 10:13:29.664 15302 16104 W ReactNativeJS:   'user',
06-25 10:13:29.664 15302 16104 W ReactNativeJS:   'verify-email-handler/index' ]
06-25 10:13:29.665 15302 16104 W ReactNativeJS: '[Layout children]: No route named "boost/[postId]" exists in nested children:', [ '+not-found',
06-25 10:13:29.665 15302 16104 W ReactNativeJS:   'delete-account',
06-25 10:13:29.665 15302 16104 W ReactNativeJS:   'index',
06-25 10:13:29.665 15302 16104 W ReactNativeJS:   'login',
06-25 10:13:29.665 15302 16104 W ReactNativeJS:   'privacy',
06-25 10:13:29.665 15302 16104 W ReactNativeJS:   '(auth)',
06-25 10:13:29.665 15302 16104 W ReactNativeJS:   '(tabs)',
06-25 10:13:29.665 15302 16104 W ReactNativeJS:   'boost',
06-25 10:13:29.665 15302 16104 W ReactNativeJS:   'chat',
06-25 10:13:29.665 15302 16104 W ReactNativeJS:   'community',
06-25 10:13:29.665 15302 16104 W ReactNativeJS:   'create',
06-25 10:13:29.665 15302 16104 W ReactNativeJS:   'hashtag',
06-25 10:13:29.665 15302 16104 W ReactNativeJS:   'notifications/index',
06-25 10:13:29.665 15302 16104 W ReactNativeJS:   'post',
06-25 10:13:29.665 15302 16104 W ReactNativeJS:   'profile',
06-25 10:13:29.665 15302 16104 W ReactNativeJS:   'settings',
06-25 10:13:29.665 15302 16104 W ReactNativeJS:   'story/[id]',
06-25 10:13:29.665 15302 16104 W ReactNativeJS:   'u/[id]',
06-25 10:13:29.665 15302 16104 W ReactNativeJS:   'user',
06-25 10:13:29.665 15302 16104 W ReactNativeJS:   'verify-email-handler/index' ]
06-25 10:13:29.672 15302 16104 W ReactNativeJS: This method is deprecated (as well as all React Native Firebase namespaced API) and will be removed in the next major release as part of move to match Firebase Web modular SDK API. Please see migration guide for more details: https://rnfirebase.io/migrating-to-v22 Please use `getApp()` instead.
06-25 10:13:29.673 15302 16104 W ReactNativeJS: This method is deprecated (as well as all React Native Firebase namespaced API) and will be removed in the next major release as part of move to match Firebase Web modular SDK API. Please see migration guide for more details: https://rnfirebase.io/migrating-to-v22. Method called was `onMessage`. Please use `onMessage()` instead.
06-25 10:13:29.674 15302 16104 W ReactNativeJS: This method is deprecated (as well as all React Native Firebase namespaced API) and will be removed in the next major release as part of move to match Firebase Web modular SDK API. Please see migration guide for more details: https://rnfirebase.io/migrating-to-v22 Please use `getApp()` instead.
06-25 10:13:29.674 15302 16104 W ReactNativeJS: This method is deprecated (as well as all React Native Firebase namespaced API) and will be removed in the next major release as part of move to match Firebase Web modular SDK API. Please see migration guide for more details: https://rnfirebase.io/migrating-to-v22. Method called was `onAuthStateChanged`. Please use `onAuthStateChanged()` instead.
06-25 10:13:29.676 15302 16104 W ReactNativeJS: '[Layout children]: No route named "notifications" exists in nested children:', [ '+not-found',
06-25 10:13:29.676 15302 16104 W ReactNativeJS:   'delete-account',
06-25 10:13:29.676 15302 16104 W ReactNativeJS:   'index',
06-25 10:13:29.676 15302 16104 W ReactNativeJS:   'login',
06-25 10:13:29.676 15302 16104 W ReactNativeJS:   'privacy',
06-25 10:13:29.676 15302 16104 W ReactNativeJS:   '(auth)',
06-25 10:13:29.676 15302 16104 W ReactNativeJS:   '(tabs)',
06-25 10:13:29.676 15302 16104 W ReactNativeJS:   'boost',
06-25 10:13:29.676 15302 16104 W ReactNativeJS:   'chat',
06-25 10:13:29.676 15302 16104 W ReactNativeJS:   'community',
06-25 10:13:29.676 15302 16104 W ReactNativeJS:   'create',
06-25 10:13:29.676 15302 16104 W ReactNativeJS:   'hashtag',
06-25 10:13:29.676 15302 16104 W ReactNativeJS:   'notifications/index',
06-25 10:13:29.676 15302 16104 W ReactNativeJS:   'post',
06-25 10:13:29.676 15302 16104 W ReactNativeJS:   'profile',
06-25 10:13:29.676 15302 16104 W ReactNativeJS:   'settings',
06-25 10:13:29.676 15302 16104 W ReactNativeJS:   'story/[id]',
06-25 10:13:29.676 15302 16104 W ReactNativeJS:   'u/[id]',
06-25 10:13:29.676 15302 16104 W ReactNativeJS:   'user',
06-25 10:13:29.676 15302 16104 W ReactNativeJS:   'verify-email-handler/index' ]
06-25 10:13:29.676 15302 16104 W ReactNativeJS: '[Layout children]: No route named "boost/[postId]" exists in nested children:', [ '+not-found',
06-25 10:13:29.676 15302 16104 W ReactNativeJS:   'delete-account',
06-25 10:13:29.676 15302 16104 W ReactNativeJS:   'index',
06-25 10:13:29.676 15302 16104 W ReactNativeJS:   'login',
06-25 10:13:29.676 15302 16104 W ReactNativeJS:   'privacy',
06-25 10:13:29.676 15302 16104 W ReactNativeJS:   '(auth)',
06-25 10:13:29.676 15302 16104 W ReactNativeJS:   '(tabs)',
06-25 10:13:29.676 15302 16104 W ReactNativeJS:   'boost',
06-25 10:13:29.676 15302 16104 W ReactNativeJS:   'chat',
06-25 10:13:29.676 15302 16104 W ReactNativeJS:   'community',
06-25 10:13:29.676 15302 16104 W ReactNativeJS:   'create',
06-25 10:13:29.676 15302 16104 W ReactNativeJS:   'hashtag',
06-25 10:13:29.676 15302 16104 W ReactNativeJS:   'notifications/index',
06-25 10:13:29.676 15302 16104 W ReactNativeJS:   'post',
06-25 10:13:29.676 15302 16104 W ReactNativeJS:   'profile',
06-25 10:13:29.676 15302 16104 W ReactNativeJS:   'settings',
06-25 10:13:29.676 15302 16104 W ReactNativeJS:   'story/[id]',
06-25 10:13:29.676 15302 16104 W ReactNativeJS:   'u/[id]',
06-25 10:13:29.676 15302 16104 W ReactNativeJS:   'user',
06-25 10:13:29.676 15302 16104 W ReactNativeJS:   'verify-email-handler/index' ]
06-25 10:13:29.689 15302 16104 W ReactNativeJS: This method is deprecated (as well as all React Native Firebase namespaced API) and will be removed in the next major release as part of move to match Firebase Web modular SDK API. Please see migration guide for more details: https://rnfirebase.io/migrating-to-v22 Please use `getApp()` instead.
06-25 10:13:29.690 15302 16104 W ReactNativeJS: This method is deprecated (as well as all React Native Firebase namespaced API) and will be removed in the next major release as part of move to match Firebase Web modular SDK API. Please see migration guide for more details: https://rnfirebase.io/migrating-to-v22. Method called was `requestPermission`. Please use `requestPermission()` instead.
06-25 10:13:29.690 15302 16104 W ReactNativeJS: This method is deprecated (as well as all React Native Firebase namespaced API) and will be removed in the next major release as part of move to match Firebase Web modular SDK API. Please see migration guide for more details: https://rnfirebase.io/migrating-to-v22 Please use `getApp()` instead.
06-25 10:13:29.690 15302 16104 W ReactNativeJS: This method is deprecated (as well as all React Native Firebase namespaced API) and will be removed in the next major release as part of move to match Firebase Web modular SDK API. Please see migration guide for more details: https://rnfirebase.io/migrating-to-v22. Method called was `collection`. Please use `collection()` instead.
06-25 10:13:29.690 15302 16104 W ReactNativeJS: This method is deprecated (as well as all React Native Firebase namespaced API) and will be removed in the next major release as part of move to match Firebase Web modular SDK API. Please see migration guide for more details: https://rnfirebase.io/migrating-to-v22. Method called was `doc`. Please use `doc()` instead.
06-25 10:13:29.692 15302 16104 W ReactNativeJS: This method is deprecated (as well as all React Native Firebase namespaced API) and will be removed in the next major release as part of move to match Firebase Web modular SDK API. Please see migration guide for more details: https://rnfirebase.io/migrating-to-v22. Method called was `AuthorizationStatus`. Please use `AuthorizationStatus` instead.
06-25 10:13:29.692 15302 16104 W ReactNativeJS: This method is deprecated (as well as all React Native Firebase namespaced API) and will be removed in the next major release as part of move to match Firebase Web modular SDK API. Please see migration guide for more details: https://rnfirebase.io/migrating-to-v22 Please use `getApp()` instead.
06-25 10:13:29.692 15302 16104 W ReactNativeJS: This method is deprecated (as well as all React Native Firebase namespaced API) and will be removed in the next major release as part of move to match Firebase Web modular SDK API. Please see migration guide for more details: https://rnfirebase.io/migrating-to-v22. Method called was `getToken`. Please use `getToken()` instead.
06-25 10:13:29.699 15302 16104 I ReactNativeJS: [Notifications] Channels v2 created successfully
06-25 10:13:29.723  3109  3109 E pageboostd: Received HALT command code 2
06-25 10:13:29.783 15302 16104 D ReactNativeJS: [RevenueCat] ℹ️ Debug logging enabled
06-25 10:13:29.783 15302 16104 D ReactNativeJS: [RevenueCat] ℹ️ SDK Version - 9.22.1
06-25 10:13:29.783 15302 16104 D ReactNativeJS: [RevenueCat] ℹ️ Package name - com.nebulanet.app
06-25 10:13:29.784 12075 13496 E TransitionChain: Can't collect into a chain with no transition
06-25 10:13:29.784 12075 13496 E TransitionChain: Can't collect into a chain with no transition
06-25 10:13:29.786 15381 24704 E AccessibilityService: bindInput must be paired with unbindInput.
06-25 10:13:29.788 15302 16104 D ReactNativeJS: [RevenueCat] 👤 Initial App User ID - rIdGJRfTRUMAAYc0MawosprPVw73
06-25 10:13:29.788 15302 16104 D ReactNativeJS: [RevenueCat] ℹ️ Purchases configured with response verification: DISABLED
06-25 10:13:29.799 12075 13496 E WindowManager: win=Window{e0ee3ab u0 com.sec.android.app.launcher/com.sec.android.app.launcher.activities.LauncherActivity} destroySurfaces: appStopped=true cleanupOnResume=false win.mWindowRemovalAllowed=false win.mRemoveOnExit=false win.mViewVisibility=8 caller=com.android.server.wm.ActivityRecord.destroySurfaces:24 com.android.server.wm.ActivityRecord.activityStopped:209 com.android.server.wm.ActivityClientController.activityStopped:102 android.app.IActivityClientController$Stub.onTransact:829 com.android.server.wm.ActivityClientController.onTransact:1 android.os.Binder.execTransactInternal:1514 android.os.Binder.execTransact:1454 
06-25 10:13:29.815   920   920 E SurfaceFlinger: alpha changed 1.000 -> 0.000 - Surface(name=7fc6719 InputMethod#289664)/@0x3630790 - animation-leash of insets_animation#342758
06-25 10:13:29.819 15302 16104 D ReactNativeJS: [RevenueCat] 👤 Identifying App User ID: rIdGJRfTRUMAAYc0MawosprPVw73
06-25 10:13:29.820 15302 16104 D ReactNativeJS: [RevenueCat] ℹ️ Deleting old synced subscriber attributes that don't belong to rIdGJRfTRUMAAYc0MawosprPVw73
06-25 10:13:29.820 15302 16104 D ReactNativeJS: [RevenueCat] ℹ️ Listener set
06-25 10:13:29.828 15302 16104 D ReactNativeJS: [RevenueCat] ℹ️ Sending latest CustomerInfo to listener.
06-25 10:13:29.868 15302 16104 D ReactNativeJS: [RevenueCat] ℹ️ Starting connection for com.android.billingclient.api.BillingClientImpl@9bdf5e9
06-25 10:13:29.879 15302 16104 D ReactNativeJS: [RevenueCat] ℹ️ App foregrounded
06-25 10:13:29.880 15302 16104 W ReactNativeJS: This method is deprecated (as well as all React Native Firebase namespaced API) and will be removed in the next major release as part of move to match Firebase Web modular SDK API. Please see migration guide for more details: https://rnfirebase.io/migrating-to-v22 Please use `getApp()` instead.
06-25 10:13:29.880 15302 16104 W ReactNativeJS: This method is deprecated (as well as all React Native Firebase namespaced API) and will be removed in the next major release as part of move to match Firebase Web modular SDK API. Please see migration guide for more details: https://rnfirebase.io/migrating-to-v22. Method called was `onTokenRefresh`. Please use `onTokenRefresh()` instead.
06-25 10:13:29.888 15302 16104 D ReactNativeJS: [RevenueCat] ℹ️ CustomerInfo cache is stale, updating from network in foreground.
06-25 10:13:29.888 15302 16104 D ReactNativeJS: [RevenueCat] Retrieving customer info with policy: FETCH_CURRENT
06-25 10:13:29.888 15302 16104 D ReactNativeJS: [RevenueCat] ℹ️ Updating pending purchase queue
06-25 10:13:29.902 15302 16104 D ReactNativeJS: [RevenueCat] ℹ️ Offerings cache is stale, updating from network in foreground
06-25 10:13:29.904 15302 16104 D ReactNativeJS: [RevenueCat] 😻 Start Offerings update from network.
06-25 10:13:29.908 15302 16104 D ReactNativeJS: [RevenueCat] Request already scheduled with jitter delay, adding existing callbacks to unjittered request with key: BackgroundAwareCallbackCacheKey(cacheKey=[/v1/subscribers/rIdGJRfTRUMAAYc0MawosprPVw73/offerings], appInBackground=false)
06-25 10:13:29.908 15302 16104 D ReactNativeJS: [RevenueCat] ℹ️ Updating pending purchase queue
06-25 10:13:29.908 15302 16104 D ReactNativeJS: [RevenueCat] ℹ️ No subscriber attributes to synchronize.
06-25 10:13:29.908 15302 16104 D ReactNativeJS: [RevenueCat] Product entitlement mappings are stale. Updating.
06-25 10:13:29.926 15302 16104 D ReactNativeJS: [RevenueCat] ℹ️ Querying purchases
06-25 10:13:29.927 15302 16104 D ReactNativeJS: [RevenueCat] ℹ️ Starting connection for com.android.billingclient.api.BillingClientImpl@9bdf5e9
06-25 10:13:29.984 15302 16104 D ReactNativeJS: [RevenueCat] ℹ️ Billing Service Setup finished for com.android.billingclient.api.BillingClientImpl@9bdf5e9
06-25 10:13:29.985 15302 16104 D ReactNativeJS: [RevenueCat] ℹ️ Updating pending purchase queue
06-25 10:13:29.998 15302 16104 D ReactNativeJS: [RevenueCat] ℹ️ Cleaning previously sent tokens
06-25 10:13:29.998 15302 16104 D ReactNativeJS: [RevenueCat] ℹ️ Tokens already posted: []
06-25 10:13:29.998 15302 16104 D ReactNativeJS: [RevenueCat] ℹ️ Saving tokens []
06-25 10:13:29.999 15302 16104 D ReactNativeJS: [RevenueCat] ℹ️ Tokens already posted: []
06-25 10:13:29.999 15302 16104 D ReactNativeJS: [RevenueCat] ℹ️ No pending purchases to sync
06-25 10:13:29.999 15302 16104 D ReactNativeJS: [RevenueCat] Request already scheduled with jitter delay, adding existing callbacks to unjittered request with key: BackgroundAwareCallbackCacheKey(cacheKey=[/v1/subscribers/rIdGJRfTRUMAAYc0MawosprPVw73], appInBackground=false)
06-25 10:13:30.107 15302 16177 E GoogleApiManager: Failed to get service from broker. 
06-25 10:13:30.107 15302 16177 E GoogleApiManager: java.lang.SecurityException: Unknown calling package name 'com.google.android.gms'.
06-25 10:13:30.107 15302 16177 E GoogleApiManager: 	at android.os.Parcel.createExceptionOrNull(Parcel.java:3388)
06-25 10:13:30.107 15302 16177 E GoogleApiManager: 	at android.os.Parcel.createException(Parcel.java:3372)
06-25 10:13:30.107 15302 16177 E GoogleApiManager: 	at android.os.Parcel.readException(Parcel.java:3355)
06-25 10:13:30.107 15302 16177 E GoogleApiManager: 	at android.os.Parcel.readException(Parcel.java:3297)
06-25 10:13:30.107 15302 16177 E GoogleApiManager: 	at bkqb.a(:com.google.android.gms@262334035@26.23.34 (260400-933906539):36)
06-25 10:13:30.107 15302 16177 E GoogleApiManager: 	at bknx.y(:com.google.android.gms@262334035@26.23.34 (260400-933906539):143)
06-25 10:13:30.107 15302 16177 E GoogleApiManager: 	at bjty.run(:com.google.android.gms@262334035@26.23.34 (260400-933906539):42)
06-25 10:13:30.107 15302 16177 E GoogleApiManager: 	at android.os.Handler.handleCallback(Handler.java:1070)
06-25 10:13:30.107 15302 16177 E GoogleApiManager: 	at android.os.Handler.dispatchMessage(Handler.java:125)
06-25 10:13:30.107 15302 16177 E GoogleApiManager: 	at dcus.mF(:com.google.android.gms@262334035@26.23.34 (260400-933906539):1)
06-25 10:13:30.107 15302 16177 E GoogleApiManager: 	at dcus.dispatchMessage(:com.google.android.gms@262334035@26.23.34 (260400-933906539):5)
06-25 10:13:30.107 15302 16177 E GoogleApiManager: 	at android.os.Looper.dispatchMessage(Looper.java:358)
06-25 10:13:30.107 15302 16177 E GoogleApiManager: 	at android.os.Looper.loopOnce(Looper.java:288)
06-25 10:13:30.107 15302 16177 E GoogleApiManager: 	at android.os.Looper.loop(Looper.java:392)
06-25 10:13:30.107 15302 16177 E GoogleApiManager: 	at android.os.HandlerThread.run(HandlerThread.java:139)
06-25 10:13:30.126 15302 16104 D ReactNativeJS: [RevenueCat] Billing connected with country code: US
06-25 10:13:30.223 15302 16104 D ReactNativeJS: [RevenueCat] API request started: GET /v1/subscribers/rIdGJRfTRUMAAYc0MawosprPVw73/offerings
06-25 10:13:30.223 15302 16104 D ReactNativeJS: [RevenueCat] API request completed with status: GET /v1/subscribers/rIdGJRfTRUMAAYc0MawosprPVw73/offerings 304
06-25 10:13:30.225 15302 16104 E ReactNativeJS: [RevenueCat] 😿‼️ Error fetching offerings - PurchasesError(code=ConfigurationError, underlyingErrorMessage=You have configured the SDK with a Play Store API key, but there are no Play Store products registered in the RevenueCat dashboard for your offerings. If you don't want to use the offerings system, you can safely ignore this message. To configure offerings and their products, follow the instructions in https://rev.cat/how-to-configure-offerings.
06-25 10:13:30.225 15302 16104 E ReactNativeJS: More information: https://rev.cat/why-are-offerings-empty, message='There is an issue with your configuration. Check the underlying error for more details.')
06-25 10:13:30.226 15302 16104 D ReactNativeJS: [RevenueCat] ℹ️ Querying purchases
06-25 10:13:30.226 15302 16104 D ReactNativeJS: [RevenueCat] ℹ️ Querying purchases
06-25 10:13:30.227 15302 16105 E unknown:ReactNative: console.error: [RevenueCat] 😿‼️ Error fetching offerings - PurchasesError(code=ConfigurationError, underlyingErrorMessage=You have configured the SDK with a Play Store API key, but there are no Play Store products registered in the RevenueCat dashboard for your offerings. If you don't want to use the offerings system, you can safely ignore this message. To configure offerings and their products, follow the instructions in https://rev.cat/how-to-configure-offerings.
06-25 10:13:30.227 15302 16105 E unknown:ReactNative: More information: https://rev.cat/why-are-offerings-empty, message='There is an issue with your configuration. Check the underlying error for more details.'), stack:
06-25 10:13:30.227 15302 16105 E unknown:ReactNative: _construct@1:206882
06-25 10:13:30.227 15302 16105 E unknown:ReactNative: Wrapper@1:206533
06-25 10:13:30.227 15302 16105 E unknown:ReactNative: _callSuper@1:191359
06-25 10:13:30.227 15302 16105 E unknown:ReactNative: SyntheticError@1:206016
06-25 10:13:30.227 15302 16105 E unknown:ReactNative: reactConsoleErrorHandler@1:205578
06-25 10:13:30.227 15302 16105 E unknown:ReactNative: anonymous@1:1506879
06-25 10:13:30.227 15302 16105 E unknown:ReactNative: anonymous@1:1504770
06-25 10:13:30.227 15302 16105 E unknown:ReactNative: emit@1:263868
06-25 10:13:30.227 15302 16105 E unknown:ReactNative: anonymous@1:262510
06-25 10:13:30.227 15302 16105 E unknown:ReactNative: emit@1:262252
06-25 10:13:30.228 15302 16104 D ReactNativeJS: [RevenueCat] ℹ️ Cleaning previously sent tokens
06-25 10:13:30.228 15302 16104 D ReactNativeJS: [RevenueCat] ℹ️ Tokens already posted: []
06-25 10:13:30.228 15302 16104 D ReactNativeJS: [RevenueCat] ℹ️ Saving tokens []
06-25 10:13:30.228 15302 16104 D ReactNativeJS: [RevenueCat] ℹ️ Tokens already posted: []
06-25 10:13:30.228 15302 16104 D ReactNativeJS: [RevenueCat] ℹ️ No pending purchases to sync
06-25 10:13:30.228 15302 16104 D ReactNativeJS: [RevenueCat] ℹ️ Cleaning previously sent tokens
06-25 10:13:30.228 15302 16104 D ReactNativeJS: [RevenueCat] ℹ️ Tokens already posted: []
06-25 10:13:30.228 15302 16104 D ReactNativeJS: [RevenueCat] ℹ️ Saving tokens []
06-25 10:13:30.228 15302 16104 D ReactNativeJS: [RevenueCat] ℹ️ Tokens already posted: []
06-25 10:13:30.228 15302 16104 D ReactNativeJS: [RevenueCat] ℹ️ No pending purchases to sync
06-25 10:13:30.360 15302 16104 D ReactNativeJS: [RevenueCat] API request started: GET /v1/subscribers/rIdGJRfTRUMAAYc0MawosprPVw73
06-25 10:13:30.360 15302 16104 D ReactNativeJS: [RevenueCat] API request completed with status: GET /v1/subscribers/rIdGJRfTRUMAAYc0MawosprPVw73 304
06-25 10:13:30.360 15302 16104 D ReactNativeJS: [RevenueCat] 😻 CustomerInfo updated from network.
06-25 10:13:30.665 15302 16104 W ReactNativeJS: This method is deprecated (as well as all React Native Firebase namespaced API) and will be removed in the next major release as part of move to match Firebase Web modular SDK API. Please see migration guide for more details: https://rnfirebase.io/migrating-to-v22 Please use `getApp()` instead.
06-25 10:13:30.666 15302 16104 W ReactNativeJS: This method is deprecated (as well as all React Native Firebase namespaced API) and will be removed in the next major release as part of move to match Firebase Web modular SDK API. Please see migration guide for more details: https://rnfirebase.io/migrating-to-v22. Method called was `collection`. Please use `collection()` instead.
06-25 10:13:30.667 15302 16104 W ReactNativeJS: This method is deprecated (as well as all React Native Firebase namespaced API) and will be removed in the next major release as part of move to match Firebase Web modular SDK API. Please see migration guide for more details: https://rnfirebase.io/migrating-to-v22. Method called was `doc`. Please use `doc()` instead.
06-25 10:13:30.825 15302 16104 W ReactNativeJS: This method is deprecated (as well as all React Native Firebase namespaced API) and will be removed in the next major release as part of move to match Firebase Web modular SDK API. Please see migration guide for more details: https://rnfirebase.io/migrating-to-v22 Please use `getApp()` instead.
06-25 10:13:30.830 15302 16104 W ReactNativeJS: This method is deprecated (as well as all React Native Firebase namespaced API) and will be removed in the next major release as part of move to match Firebase Web modular SDK API. Please see migration guide for more details: https://rnfirebase.io/migrating-to-v22. Method called was `ref`. Please use `ref()` instead.
06-25 10:13:30.831 15302 16104 W ReactNativeJS: This method is deprecated (as well as all React Native Firebase namespaced API) and will be removed in the next major release as part of move to match Firebase Web modular SDK API. Please see migration guide for more details: https://rnfirebase.io/migrating-to-v22. Method called was `on`. Please use `onValue()` instead.
06-25 10:13:30.837 15302 16104 W ReactNativeJS: This method is deprecated (as well as all React Native Firebase namespaced API) and will be removed in the next major release as part of move to match Firebase Web modular SDK API. Please see migration guide for more details: https://rnfirebase.io/migrating-to-v22. Method called was `collection`. Please use `collection()` instead.
06-25 10:13:30.838 15302 16104 W ReactNativeJS: This method is deprecated (as well as all React Native Firebase namespaced API) and will be removed in the next major release as part of move to match Firebase Web modular SDK API. Please see migration guide for more details: https://rnfirebase.io/migrating-to-v22. Method called was `doc`. Please use `doc()` instead.
06-25 10:13:30.847 15302 16104 W ReactNativeJS: '[Layout children]: No route named "notifications" exists in nested children:', [ '+not-found',
06-25 10:13:30.847 15302 16104 W ReactNativeJS:   'delete-account',
06-25 10:13:30.847 15302 16104 W ReactNativeJS:   'index',
06-25 10:13:30.847 15302 16104 W ReactNativeJS:   'login',
06-25 10:13:30.847 15302 16104 W ReactNativeJS:   'privacy',
06-25 10:13:30.847 15302 16104 W ReactNativeJS:   '(auth)',
06-25 10:13:30.847 15302 16104 W ReactNativeJS:   '(tabs)',
06-25 10:13:30.847 15302 16104 W ReactNativeJS:   'boost',
06-25 10:13:30.847 15302 16104 W ReactNativeJS:   'chat',
06-25 10:13:30.847 15302 16104 W ReactNativeJS:   'community',
06-25 10:13:30.847 15302 16104 W ReactNativeJS:   'create',
06-25 10:13:30.847 15302 16104 W ReactNativeJS:   'hashtag',
06-25 10:13:30.847 15302 16104 W ReactNativeJS:   'notifications/index',
06-25 10:13:30.847 15302 16104 W ReactNativeJS:   'post',
06-25 10:13:30.847 15302 16104 W ReactNativeJS:   'profile',
06-25 10:13:30.847 15302 16104 W ReactNativeJS:   'settings',
06-25 10:13:30.847 15302 16104 W ReactNativeJS:   'story/[id]',
06-25 10:13:30.847 15302 16104 W ReactNativeJS:   'u/[id]',
06-25 10:13:30.847 15302 16104 W ReactNativeJS:   'user',
06-25 10:13:30.847 15302 16104 W ReactNativeJS:   'verify-email-handler/index' ]
06-25 10:13:30.849 15302 16104 W ReactNativeJS: '[Layout children]: No route named "boost/[postId]" exists in nested children:', [ '+not-found',
06-25 10:13:30.849 15302 16104 W ReactNativeJS:   'delete-account',
06-25 10:13:30.849 15302 16104 W ReactNativeJS:   'index',
06-25 10:13:30.849 15302 16104 W ReactNativeJS:   'login',
06-25 10:13:30.849 15302 16104 W ReactNativeJS:   'privacy',
06-25 10:13:30.849 15302 16104 W ReactNativeJS:   '(auth)',
06-25 10:13:30.849 15302 16104 W ReactNativeJS:   '(tabs)',
06-25 10:13:30.849 15302 16104 W ReactNativeJS:   'boost',
06-25 10:13:30.849 15302 16104 W ReactNativeJS:   'chat',
06-25 10:13:30.849 15302 16104 W ReactNativeJS:   'community',
06-25 10:13:30.849 15302 16104 W ReactNativeJS:   'create',
06-25 10:13:30.849 15302 16104 W ReactNativeJS:   'hashtag',
06-25 10:13:30.849 15302 16104 W ReactNativeJS:   'notifications/index',
06-25 10:13:30.849 15302 16104 W ReactNativeJS:   'post',
06-25 10:13:30.849 15302 16104 W ReactNativeJS:   'profile',
06-25 10:13:30.849 15302 16104 W ReactNativeJS:   'settings',
06-25 10:13:30.849 15302 16104 W ReactNativeJS:   'story/[id]',
06-25 10:13:30.849 15302 16104 W ReactNativeJS:   'u/[id]',
06-25 10:13:30.849 15302 16104 W ReactNativeJS:   'user',
06-25 10:13:30.849 15302 16104 W ReactNativeJS:   'verify-email-handler/index' ]
06-25 10:13:30.861 15302 16104 W ReactNativeJS: This method is deprecated (as well as all React Native Firebase namespaced API) and will be removed in the next major release as part of move to match Firebase Web modular SDK API. Please see migration guide for more details: https://rnfirebase.io/migrating-to-v22. Method called was `collection`. Please use `collection()` instead.
06-25 10:13:30.861 15302 16104 W ReactNativeJS: This method is deprecated (as well as all React Native Firebase namespaced API) and will be removed in the next major release as part of move to match Firebase Web modular SDK API. Please see migration guide for more details: https://rnfirebase.io/migrating-to-v22. Method called was `doc`. Please use `doc()` instead.
06-25 10:13:30.861 15302 16104 W ReactNativeJS: This method is deprecated (as well as all React Native Firebase namespaced API) and will be removed in the next major release as part of move to match Firebase Web modular SDK API. Please see migration guide for more details: https://rnfirebase.io/migrating-to-v22 Please use `getApp()` instead.
06-25 10:13:30.861 15302 16104 W ReactNativeJS: This method is deprecated (as well as all React Native Firebase namespaced API) and will be removed in the next major release as part of move to match Firebase Web modular SDK API. Please see migration guide for more details: https://rnfirebase.io/migrating-to-v22. Method called was `collection`. Please use `collection()` instead.
06-25 10:13:30.861 15302 16104 W ReactNativeJS: This method is deprecated (as well as all React Native Firebase namespaced API) and will be removed in the next major release as part of move to match Firebase Web modular SDK API. Please see migration guide for more details: https://rnfirebase.io/migrating-to-v22. Method called was `doc`. Please use `doc()` instead.
06-25 10:13:30.862 15302 16104 W ReactNativeJS: This method is deprecated (as well as all React Native Firebase namespaced API) and will be removed in the next major release as part of move to match Firebase Web modular SDK API. Please see migration guide for more details: https://rnfirebase.io/migrating-to-v22 Please use `getApp()` instead.
06-25 10:13:30.862 15302 16104 W ReactNativeJS: This method is deprecated (as well as all React Native Firebase namespaced API) and will be removed in the next major release as part of move to match Firebase Web modular SDK API. Please see migration guide for more details: https://rnfirebase.io/migrating-to-v22. Method called was `collection`. Please use `collection()` instead.
06-25 10:13:30.862 15302 16104 W ReactNativeJS: This method is deprecated (as well as all React Native Firebase namespaced API) and will be removed in the next major release as part of move to match Firebase Web modular SDK API. Please see migration guide for more details: https://rnfirebase.io/migrating-to-v22. Method called was `doc`. Please use `doc()` instead.
06-25 10:13:30.863 15302 16104 W ReactNativeJS: This method is deprecated (as well as all React Native Firebase namespaced API) and will be removed in the next major release as part of move to match Firebase Web modular SDK API. Please see migration guide for more details: https://rnfirebase.io/migrating-to-v22 Please use `getApp()` instead.
06-25 10:13:30.863 15302 16104 W ReactNativeJS: This method is deprecated (as well as all React Native Firebase namespaced API) and will be removed in the next major release as part of move to match Firebase Web modular SDK API. Please see migration guide for more details: https://rnfirebase.io/migrating-to-v22. Method called was `requestPermission`. Please use `requestPermission()` instead.
06-25 10:13:30.863 15302 16104 W ReactNativeJS: This method is deprecated (as well as all React Native Firebase namespaced API) and will be removed in the next major release as part of move to match Firebase Web modular SDK API. Please see migration guide for more details: https://rnfirebase.io/migrating-to-v22. Method called was `AuthorizationStatus`. Please use `AuthorizationStatus` instead.
06-25 10:13:30.863 15302 16104 W ReactNativeJS: This method is deprecated (as well as all React Native Firebase namespaced API) and will be removed in the next major release as part of move to match Firebase Web modular SDK API. Please see migration guide for more details: https://rnfirebase.io/migrating-to-v22 Please use `getApp()` instead.
06-25 10:13:30.863 15302 16104 W ReactNativeJS: This method is deprecated (as well as all React Native Firebase namespaced API) and will be removed in the next major release as part of move to match Firebase Web modular SDK API. Please see migration guide for more details: https://rnfirebase.io/migrating-to-v22. Method called was `getToken`. Please use `getToken()` instead.
06-25 10:13:30.864 15302 16104 W ReactNativeJS: '[Layout children]: No route named "notifications" exists in nested children:', [ '+not-found',
06-25 10:13:30.864 15302 16104 W ReactNativeJS:   'delete-account',
06-25 10:13:30.864 15302 16104 W ReactNativeJS:   'index',
06-25 10:13:30.864 15302 16104 W ReactNativeJS:   'login',
06-25 10:13:30.864 15302 16104 W ReactNativeJS:   'privacy',
06-25 10:13:30.864 15302 16104 W ReactNativeJS:   '(auth)',
06-25 10:13:30.864 15302 16104 W ReactNativeJS:   '(tabs)',
06-25 10:13:30.864 15302 16104 W ReactNativeJS:   'boost',
06-25 10:13:30.864 15302 16104 W ReactNativeJS:   'chat',
06-25 10:13:30.864 15302 16104 W ReactNativeJS:   'community',
06-25 10:13:30.864 15302 16104 W ReactNativeJS:   'create',
06-25 10:13:30.864 15302 16104 W ReactNativeJS:   'hashtag',
06-25 10:13:30.864 15302 16104 W ReactNativeJS:   'notifications/index',
06-25 10:13:30.864 15302 16104 W ReactNativeJS:   'post',
06-25 10:13:30.864 15302 16104 W ReactNativeJS:   'profile',
06-25 10:13:30.864 15302 16104 W ReactNativeJS:   'settings',
06-25 10:13:30.864 15302 16104 W ReactNativeJS:   'story/[id]',
06-25 10:13:30.864 15302 16104 W ReactNativeJS:   'u/[id]',
06-25 10:13:30.864 15302 16104 W ReactNativeJS:   'user',
06-25 10:13:30.864 15302 16104 W ReactNativeJS:   'verify-email-handler/index' ]
06-25 10:13:30.865 15302 16104 W ReactNativeJS: '[Layout children]: No route named "boost/[postId]" exists in nested children:', [ '+not-found',
06-25 10:13:30.865 15302 16104 W ReactNativeJS:   'delete-account',
06-25 10:13:30.865 15302 16104 W ReactNativeJS:   'index',
06-25 10:13:30.865 15302 16104 W ReactNativeJS:   'login',
06-25 10:13:30.865 15302 16104 W ReactNativeJS:   'privacy',
06-25 10:13:30.865 15302 16104 W ReactNativeJS:   '(auth)',
06-25 10:13:30.865 15302 16104 W ReactNativeJS:   '(tabs)',
06-25 10:13:30.865 15302 16104 W ReactNativeJS:   'boost',
06-25 10:13:30.865 15302 16104 W ReactNativeJS:   'chat',
06-25 10:13:30.865 15302 16104 W ReactNativeJS:   'community',
06-25 10:13:30.865 15302 16104 W ReactNativeJS:   'create',
06-25 10:13:30.865 15302 16104 W ReactNativeJS:   'hashtag',
06-25 10:13:30.865 15302 16104 W ReactNativeJS:   'notifications/index',
06-25 10:13:30.865 15302 16104 W ReactNativeJS:   'post',
06-25 10:13:30.865 15302 16104 W ReactNativeJS:   'profile',
06-25 10:13:30.865 15302 16104 W ReactNativeJS:   'settings',
06-25 10:13:30.865 15302 16104 W ReactNativeJS:   'story/[id]',
06-25 10:13:30.865 15302 16104 W ReactNativeJS:   'u/[id]',
06-25 10:13:30.865 15302 16104 W ReactNativeJS:   'user',
06-25 10:13:30.865 15302 16104 W ReactNativeJS:   'verify-email-handler/index' ]
06-25 10:13:30.869 15302 16104 W ReactNativeJS: This method is deprecated (as well as all React Native Firebase namespaced API) and will be removed in the next major release as part of move to match Firebase Web modular SDK API. Please see migration guide for more details: https://rnfirebase.io/migrating-to-v22. Method called was `collection`. Please use `collection()` instead.
06-25 10:13:30.869 15302 16104 W ReactNativeJS: This method is deprecated (as well as all React Native Firebase namespaced API) and will be removed in the next major release as part of move to match Firebase Web modular SDK API. Please see migration guide for more details: https://rnfirebase.io/migrating-to-v22. Method called was `doc`. Please use `doc()` instead.
06-25 10:13:30.948 15302 16104 W ReactNativeJS: 'presence: privacy settings onSnapshot error', [Error: [firestore/permission-denied] The caller does not have permission to execute the specified operation.]
06-25 10:13:31.065 15302 16104 W ReactNativeJS: '[Layout children]: No route named "notifications" exists in nested children:', [ '+not-found',
06-25 10:13:31.065 15302 16104 W ReactNativeJS:   'delete-account',
06-25 10:13:31.065 15302 16104 W ReactNativeJS:   'index',
06-25 10:13:31.065 15302 16104 W ReactNativeJS:   'login',
06-25 10:13:31.065 15302 16104 W ReactNativeJS:   'privacy',
06-25 10:13:31.065 15302 16104 W ReactNativeJS:   '(auth)',
06-25 10:13:31.065 15302 16104 W ReactNativeJS:   '(tabs)',
06-25 10:13:31.065 15302 16104 W ReactNativeJS:   'boost',
06-25 10:13:31.065 15302 16104 W ReactNativeJS:   'chat',
06-25 10:13:31.065 15302 16104 W ReactNativeJS:   'community',
06-25 10:13:31.065 15302 16104 W ReactNativeJS:   'create',
06-25 10:13:31.065 15302 16104 W ReactNativeJS:   'hashtag',
06-25 10:13:31.065 15302 16104 W ReactNativeJS:   'notifications/index',
06-25 10:13:31.065 15302 16104 W ReactNativeJS:   'post',
06-25 10:13:31.065 15302 16104 W ReactNativeJS:   'profile',
06-25 10:13:31.065 15302 16104 W ReactNativeJS:   'settings',
06-25 10:13:31.065 15302 16104 W ReactNativeJS:   'story/[id]',
06-25 10:13:31.065 15302 16104 W ReactNativeJS:   'u/[id]',
06-25 10:13:31.065 15302 16104 W ReactNativeJS:   'user',
06-25 10:13:31.065 15302 16104 W ReactNativeJS:   'verify-email-handler/index' ]
06-25 10:13:31.066 15302 16104 W ReactNativeJS: '[Layout children]: No route named "boost/[postId]" exists in nested children:', [ '+not-found',
06-25 10:13:31.066 15302 16104 W ReactNativeJS:   'delete-account',
06-25 10:13:31.066 15302 16104 W ReactNativeJS:   'index',
06-25 10:13:31.066 15302 16104 W ReactNativeJS:   'login',
06-25 10:13:31.066 15302 16104 W ReactNativeJS:   'privacy',
06-25 10:13:31.066 15302 16104 W ReactNativeJS:   '(auth)',
06-25 10:13:31.066 15302 16104 W ReactNativeJS:   '(tabs)',
06-25 10:13:31.066 15302 16104 W ReactNativeJS:   'boost',
06-25 10:13:31.066 15302 16104 W ReactNativeJS:   'chat',
06-25 10:13:31.066 15302 16104 W ReactNativeJS:   'community',
06-25 10:13:31.066 15302 16104 W ReactNativeJS:   'create',
06-25 10:13:31.066 15302 16104 W ReactNativeJS:   'hashtag',
06-25 10:13:31.066 15302 16104 W ReactNativeJS:   'notifications/index',
06-25 10:13:31.066 15302 16104 W ReactNativeJS:   'post',
06-25 10:13:31.066 15302 16104 W ReactNativeJS:   'profile',
06-25 10:13:31.066 15302 16104 W ReactNativeJS:   'settings',
06-25 10:13:31.066 15302 16104 W ReactNativeJS:   'story/[id]',
06-25 10:13:31.066 15302 16104 W ReactNativeJS:   'u/[id]',
06-25 10:13:31.066 15302 16104 W ReactNativeJS:   'user',
06-25 10:13:31.066 15302 16104 W ReactNativeJS:   'verify-email-handler/index' ]
06-25 10:13:31.108 15302 16104 W ReactNativeJS: [Layout children]: Too many screens defined. Route "notifications" is extraneous.
06-25 10:13:31.119 15302 16104 W ReactNativeJS: [expo-av]: Expo AV has been deprecated and will be removed in SDK 54. Use the `expo-audio` and `expo-video` packages to replace the required functionality.
06-25 10:13:31.203 15302 16104 I ReactNativeJS: '[HOME DEBUG] myCommunityIds:', []
06-25 10:13:31.205 15302 16104 I ReactNativeJS: '[FEED DEBUG]', 'for-you', '{"sortBy":"newest","limit":20,"language":null}'
06-25 10:13:31.258 15302 16104 W ReactNativeJS: This method is deprecated (as well as all React Native Firebase namespaced API) and will be removed in the next major release as part of move to match Firebase Web modular SDK API. Please see migration guide for more details: https://rnfirebase.io/migrating-to-v22 Please use `getApp()` instead.
06-25 10:13:31.258 15302 16104 W ReactNativeJS: This method is deprecated (as well as all React Native Firebase namespaced API) and will be removed in the next major release as part of move to match Firebase Web modular SDK API. Please see migration guide for more details: https://rnfirebase.io/migrating-to-v22. Method called was `collection`. Please use `collection()` instead.
06-25 10:13:31.258 15302 16104 W ReactNativeJS: This method is deprecated (as well as all React Native Firebase namespaced API) and will be removed in the next major release as part of move to match Firebase Web modular SDK API. Please see migration guide for more details: https://rnfirebase.io/migrating-to-v22. Method called was `where`. Please use `where()` instead.
06-25 10:13:31.260 15302 16104 W ReactNativeJS: This method is deprecated (as well as all React Native Firebase namespaced API) and will be removed in the next major release as part of move to match Firebase Web modular SDK API. Please see migration guide for more details: https://rnfirebase.io/migrating-to-v22 Please use `getApp()` instead.
06-25 10:13:31.260 15302 16104 W ReactNativeJS: This method is deprecated (as well as all React Native Firebase namespaced API) and will be removed in the next major release as part of move to match Firebase Web modular SDK API. Please see migration guide for more details: https://rnfirebase.io/migrating-to-v22. Method called was `collection`. Please use `collection()` instead.
06-25 10:13:31.260 15302 16104 W ReactNativeJS: This method is deprecated (as well as all React Native Firebase namespaced API) and will be removed in the next major release as part of move to match Firebase Web modular SDK API. Please see migration guide for more details: https://rnfirebase.io/migrating-to-v22. Method called was `doc`. Please use `doc()` instead.
06-25 10:13:31.261 15302 16104 W ReactNativeJS: This method is deprecated (as well as all React Native Firebase namespaced API) and will be removed in the next major release as part of move to match Firebase Web modular SDK API. Please see migration guide for more details: https://rnfirebase.io/migrating-to-v22 Please use `getApp()` instead.
06-25 10:13:31.261 15302 16104 W ReactNativeJS: This method is deprecated (as well as all React Native Firebase namespaced API) and will be removed in the next major release as part of move to match Firebase Web modular SDK API. Please see migration guide for more details: https://rnfirebase.io/migrating-to-v22. Method called was `collection`. Please use `collection()` instead.
06-25 10:13:31.261 15302 16104 W ReactNativeJS: This method is deprecated (as well as all React Native Firebase namespaced API) and will be removed in the next major release as part of move to match Firebase Web modular SDK API. Please see migration guide for more details: https://rnfirebase.io/migrating-to-v22. Method called was `where`. Please use `where()` instead.
06-25 10:13:31.262 15302 16104 W ReactNativeJS: This method is deprecated (as well as all React Native Firebase namespaced API) and will be removed in the next major release as part of move to match Firebase Web modular SDK API. Please see migration guide for more details: https://rnfirebase.io/migrating-to-v22 Please use `getApp()` instead.
06-25 10:13:31.262 15302 16104 W ReactNativeJS: This method is deprecated (as well as all React Native Firebase namespaced API) and will be removed in the next major release as part of move to match Firebase Web modular SDK API. Please see migration guide for more details: https://rnfirebase.io/migrating-to-v22. Method called was `collection`. Please use `collection()` instead.
