05-25 21:39:35.940  3400  3871 E Forest_GeckoFetcher: 	at X.0OXd.run(SourceFile:2)
05-25 21:39:35.940  3400  3871 E Forest_GeckoFetcher: 	at java.util.concurrent.ThreadPoolExecutor.runWorker(ThreadPoolExecutor.java:1154)
05-25 21:39:35.940  3400  3871 E Forest_GeckoFetcher: 	at java.util.concurrent.ThreadPoolExecutor$Worker.run(ThreadPoolExecutor.java:652)
05-25 21:39:35.940  3400  3871 E Forest_GeckoFetcher: 	at X.0P7y.run(SourceFile:9)
05-25 21:39:35.940  3400  3871 E Forest_GeckoFetcher: 	at java.lang.Thread.run(Thread.java:1564)
05-25 21:39:35.940  3400  3871 E Forest_GeckoFetcher: 	at com.bytedance.bpea.transmit.delegate.BPEAThread.com_bytedance_bpea_transmit_delegate_BPEAThread__run$___twin___(SourceFile:9)
05-25 21:39:35.940  3400  3871 E Forest_GeckoFetcher: 	at com.bytedance.bpea.transmit.delegate.BPEAThread.com_bytedance_bpea_transmit_delegate_BPEAThread_com_ss_android_ugc_aweme_lancet_RunnableGuardLancet_run(SourceFile:16777216)
05-25 21:39:35.940  3400  3871 E Forest_GeckoFetcher: 	at com.bytedance.bpea.transmit.delegate.BPEAThread.run(Unknown Source:0)
05-25 21:39:35.940  3400  3871 E Forest_GeckoXAdapter: onLocalNewestVersion:localPackage:com.bytedance.geckox.model.LocalPackageModel@e53bcdf
05-25 21:39:36.151  1216  1239 E HeatmapThread: ECT Thread time in milliseconds: 1779763176
05-25 21:39:36.153  1216  1239 E HeatmapThread: !@ CAM New BSOH: 98
05-25 21:39:37.151  1216  1239 E HeatmapThread: ECT Thread time in milliseconds: 1779763177
05-25 21:39:37.153  1216  1239 E HeatmapThread: !@ CAM New BSOH: 98
05-25 21:39:38.151  1216  1239 E HeatmapThread: ECT Thread time in milliseconds: 1779763178
05-25 21:39:38.152  1216  1239 E HeatmapThread: !@ CAM New BSOH: 98
05-25 21:39:39.151  1216  1239 E HeatmapThread: ECT Thread time in milliseconds: 1779763179
05-25 21:39:39.153  1216  1239 E HeatmapThread: !@ CAM New BSOH: 98
05-25 21:39:40.151  1216  1239 E HeatmapThread: ECT Thread time in milliseconds: 1779763180
05-25 21:39:40.152  1216  1239 E HeatmapThread: !@ CAM New BSOH: 98
05-25 21:39:40.539 10114 10202 E Watchdog: !@Sync: 2024 heap(MB): 136 / 158 FD: 1217 [2026-05-25 21:39:40.538]
05-25 21:39:40.544  3400  3664 E ttmn    : <PID-14><6e2b6dd530,ff_demuxer_android.cpp,readFFPacket,911>ffmpeg format error.code:-499960,message:Unknown error 499960
05-25 21:39:40.790  3400  3759 E Forest_null: could not get any valid access key from remote settings
05-25 21:39:40.827  3400  3667 E MediaCodec: Media Quality Service not found.
05-25 21:39:40.831  3400  6980 E aoapp.musically: Failed to query component interface for required system resources: 6
05-25 21:39:40.856  3400  3400 E Forest_null: could not get any valid access key from remote settings
05-25 21:39:40.865  3400  3400 E Forest_ForestFacade: IO operation in UI thread
05-25 21:39:40.948  3400  3400 E Forest_null: could not get any valid access key from remote settings
05-25 21:39:41.151  1216  1239 E HeatmapThread: ECT Thread time in milliseconds: 1779763181
05-25 21:39:41.152  1216  1239 E HeatmapThread: !@ CAM New BSOH: 98
05-25 21:39:41.209  3400  3400 E Forest_null: could not get any valid access key from remote settings
05-25 21:39:41.471  3400  3406 E gcblocker: gc block end, 346330806,747
05-25 21:39:41.624  3400  3934 E BX      : [nonstd::optional<StrategyResult> bytebench::ruleengine::BXRuleEngine::executorStrategy(int, const std::string &, bytebench::ruleengine::MatchParams &, bool):95] bytebench_1233, get strategy failed: studio_is_enable_bytevc1enc8_plugin
05-25 21:39:42.007  3400  3871 E Forest_GeckoFetcher: download failed with waitGeckoUpdate=false ,channel = landing_page_15_7584515967565168912_resource,bundle = /pagejson.json
05-25 21:39:42.007  3400  3871 E Forest_GeckoFetcher: java.lang.Throwable: invalid channel
05-25 21:39:42.007  3400  3871 E Forest_GeckoFetcher: 	at X.16ZM.LJIIIIZZ(SourceFile:33554554)
05-25 21:39:42.007  3400  3871 E Forest_GeckoFetcher: 	at X.0P46.LIZ(SourceFile:378)
05-25 21:39:42.007  3400  3871 E Forest_GeckoFetcher: 	at X.0P46.run(SourceFile:5)
05-25 21:39:42.007  3400  3871 E Forest_GeckoFetcher: 	at Y.AObjectS364S0100000_10.invoke$7(SourceFile:16777222)
05-25 21:39:42.007  3400  3871 E Forest_GeckoFetcher: 	at Y.AObjectS364S0100000_10.invoke(Unknown Source:37)
05-25 21:39:42.007  3400  3871 E Forest_GeckoFetcher: 	at X.0PXC.invoke(SourceFile:4)
05-25 21:39:42.007  3400  3871 E Forest_GeckoFetcher: 	at X.19WH.LIZ(SourceFile:50331890)
05-25 21:39:42.007  3400  3871 E Forest_GeckoFetcher: 	at X.0PXB.LIZJ(SourceFile:86)
05-25 21:39:42.007  3400  3871 E Forest_GeckoFetcher: 	at X.0PXB.run(SourceFile:0)
05-25 21:39:42.007  3400  3871 E Forest_GeckoFetcher: 	at X.0OXd.run(SourceFile:2)
05-25 21:39:42.007  3400  3871 E Forest_GeckoFetcher: 	at java.util.concurrent.ThreadPoolExecutor.runWorker(ThreadPoolExecutor.java:1154)
05-25 21:39:42.007  3400  3871 E Forest_GeckoFetcher: 	at java.util.concurrent.ThreadPoolExecutor$Worker.run(ThreadPoolExecutor.java:652)
05-25 21:39:42.007  3400  3871 E Forest_GeckoFetcher: 	at X.0P7y.run(SourceFile:9)
05-25 21:39:42.007  3400  3871 E Forest_GeckoFetcher: 	at java.lang.Thread.run(Thread.java:1564)
05-25 21:39:42.007  3400  3871 E Forest_GeckoFetcher: 	at com.bytedance.bpea.transmit.delegate.BPEAThread.com_bytedance_bpea_transmit_delegate_BPEAThread__run$___twin___(SourceFile:9)
05-25 21:39:42.007  3400  3871 E Forest_GeckoFetcher: 	at com.bytedance.bpea.transmit.delegate.BPEAThread.com_bytedance_bpea_transmit_delegate_BPEAThread_com_ss_android_ugc_aweme_lancet_RunnableGuardLancet_run(SourceFile:16777216)
05-25 21:39:42.007  3400  3871 E Forest_GeckoFetcher: 	at com.bytedance.bpea.transmit.delegate.BPEAThread.run(Unknown Source:0)
05-25 21:39:42.007  3400  3871 E Forest_GeckoXAdapter: onLocalNewestVersion:localPackage:com.bytedance.geckox.model.LocalPackageModel@e2ec4f6
05-25 21:39:42.008  3400  3871 E Forest_GeckoFetcher: download failed with waitGeckoUpdate=false ,channel = landing_page_r_15_adsformat,bundle = page/template.js
05-25 21:39:42.008  3400  3871 E Forest_GeckoFetcher: java.lang.Throwable: invalid channel
05-25 21:39:42.008  3400  3871 E Forest_GeckoFetcher: 	at X.16ZM.LJIIIIZZ(SourceFile:33554554)
05-25 21:39:42.008  3400  3871 E Forest_GeckoFetcher: 	at X.0P46.LIZ(SourceFile:378)
05-25 21:39:42.008  3400  3871 E Forest_GeckoFetcher: 	at X.0P46.run(SourceFile:5)
05-25 21:39:42.008  3400  3871 E Forest_GeckoFetcher: 	at Y.AObjectS364S0100000_10.invoke$7(SourceFile:16777222)
05-25 21:39:42.008  3400  3871 E Forest_GeckoFetcher: 	at Y.AObjectS364S0100000_10.invoke(Unknown Source:37)
05-25 21:39:42.008  3400  3871 E Forest_GeckoFetcher: 	at X.0PXC.invoke(SourceFile:4)
05-25 21:39:42.008  3400  3871 E Forest_GeckoFetcher: 	at X.19WH.LIZ(SourceFile:50331890)
05-25 21:39:42.008  3400  3871 E Forest_GeckoFetcher: 	at X.0PXB.LIZJ(SourceFile:86)
05-25 21:39:42.008  3400  3871 E Forest_GeckoFetcher: 	at X.0PXB.run(SourceFile:0)
05-25 21:39:42.008  3400  3871 E Forest_GeckoFetcher: 	at X.0OXd.run(SourceFile:2)
05-25 21:39:42.008  3400  3871 E Forest_GeckoFetcher: 	at java.util.concurrent.ThreadPoolExecutor.runWorker(ThreadPoolExecutor.java:1154)
05-25 21:39:42.008  3400  3871 E Forest_GeckoFetcher: 	at java.util.concurrent.ThreadPoolExecutor$Worker.run(ThreadPoolExecutor.java:652)
05-25 21:39:42.008  3400  3871 E Forest_GeckoFetcher: 	at X.0P7y.run(SourceFile:9)
05-25 21:39:42.008  3400  3871 E Forest_GeckoFetcher: 	at java.lang.Thread.run(Thread.java:1564)
05-25 21:39:42.008  3400  3871 E Forest_GeckoFetcher: 	at com.bytedance.bpea.transmit.delegate.BPEAThread.com_bytedance_bpea_transmit_delegate_BPEAThread__run$___twin___(SourceFile:9)
05-25 21:39:42.008  3400  3871 E Forest_GeckoFetcher: 	at com.bytedance.bpea.transmit.delegate.BPEAThread.com_bytedance_bpea_transmit_delegate_BPEAThread_com_ss_android_ugc_aweme_lancet_RunnableGuardLancet_run(SourceFile:16777216)
05-25 21:39:42.008  3400  3871 E Forest_GeckoFetcher: 	at com.bytedance.bpea.transmit.delegate.BPEAThread.run(Unknown Source:0)
05-25 21:39:42.008  3400  3871 E Forest_GeckoXAdapter: onLocalNewestVersion:localPackage:com.bytedance.geckox.model.LocalPackageModel@732db64
05-25 21:39:42.126  3400  3932 E BX      : [nonstd::optional<StrategyResult> bytebench::ruleengine::BXRuleEngine::executorStrategy(int, const std::string &, bytebench::ruleengine::MatchParams &, bool):95] bytebench_1233, get strategy failed: studio_is_enable_bytevc1enc8_plugin
05-25 21:39:42.151  1216  1239 E HeatmapThread: ECT Thread time in milliseconds: 1779763182
05-25 21:39:42.152  1216  1239 E HeatmapThread: !@ CAM New BSOH: 98
05-25 21:39:43.151  1216  1239 E HeatmapThread: ECT Thread time in milliseconds: 1779763183
05-25 21:39:43.152  1216  1239 E HeatmapThread: !@ CAM New BSOH: 98
05-25 21:39:44.151  1216  1239 E HeatmapThread: ECT Thread time in milliseconds: 1779763184
05-25 21:39:44.152  1216  1239 E HeatmapThread: !@ CAM New BSOH: 98
05-25 21:39:45.151  1216  1239 E HeatmapThread: ECT Thread time in milliseconds: 1779763185
05-25 21:39:45.153  1216  1239 E HeatmapThread: !@ CAM New BSOH: 98
05-25 21:39:46.015  7059  7073 E ashmem  : Pinning is deprecated since Android Q. Please use trim or other methods.
05-25 21:39:46.085  1173  1214 E DEVROOT#VND:  Invalid fileStatus ret : -10003
05-25 21:39:46.087   610  2822 E DEVROOT#CIF:  process_cmd was failed. (-10003)
05-25 21:39:46.151  1216  1239 E HeatmapThread: ECT Thread time in milliseconds: 1779763186
05-25 21:39:46.152  1216  1239 E HeatmapThread: !@ CAM New BSOH: 98
05-25 21:39:47.151  1216  1239 E HeatmapThread: ECT Thread time in milliseconds: 1779763187
05-25 21:39:47.152  1216  1239 E HeatmapThread: !@ CAM New BSOH: 98
05-25 21:39:48.151  1216  1239 E HeatmapThread: ECT Thread time in milliseconds: 1779763188
05-25 21:39:48.152  1216  1239 E HeatmapThread: !@ CAM New BSOH: 98
05-25 21:39:48.783  3400  3515 E ActivityThread: Failed to find provider info for com.zhiliaoapp.musically.apm
05-25 21:39:48.839  3400  3515 E ActivityThread: Failed to find provider info for com.zhiliaoapp.musically.apm
05-25 21:39:48.840  3400  3515 E ActivityThread: Failed to find provider info for com.zhiliaoapp.musically.apm
05-25 21:39:49.151  1216  1239 E HeatmapThread: ECT Thread time in milliseconds: 1779763189
05-25 21:39:49.152  1216  1239 E HeatmapThread: !@ CAM New BSOH: 98
05-25 21:39:49.597  3400  3529 E ActivityThread: Failed to find provider info for com.zhiliaoapp.musically.apm
05-25 21:39:49.598  3400  3529 E ActivityThread: Failed to find provider info for com.zhiliaoapp.musically.apm
05-25 21:39:50.151  1216  1239 E HeatmapThread: ECT Thread time in milliseconds: 1779763190
05-25 21:39:50.152  1216  1239 E HeatmapThread: !@ CAM New BSOH: 98
05-25 21:39:51.151  1216  1239 E HeatmapThread: ECT Thread time in milliseconds: 1779763191
05-25 21:39:51.152  1216  1239 E HeatmapThread: !@ CAM New BSOH: 98
05-25 21:39:52.151  1216  1239 E HeatmapThread: ECT Thread time in milliseconds: 1779763192
05-25 21:39:52.153  1216  1239 E HeatmapThread: !@ CAM New BSOH: 98
05-25 21:39:53.151  1216  1239 E HeatmapThread: ECT Thread time in milliseconds: 1779763193
05-25 21:39:53.153  1216  1239 E HeatmapThread: !@ CAM New BSOH: 98
05-25 21:39:54.151  1216  1239 E HeatmapThread: ECT Thread time in milliseconds: 1779763194
05-25 21:39:54.153  1216  1239 E HeatmapThread: !@ CAM New BSOH: 98
05-25 21:39:55.151  1216  1239 E HeatmapThread: ECT Thread time in milliseconds: 1779763195
05-25 21:39:55.153  1216  1239 E HeatmapThread: !@ CAM New BSOH: 98
05-25 21:39:56.151  1216  1239 E HeatmapThread: ECT Thread time in milliseconds: 1779763196
05-25 21:39:56.154  1216  1239 E HeatmapThread: !@ CAM New BSOH: 98
05-25 21:39:56.700  3400  3788 E Forest_ForestFacade: [FatalError:fetchResourceAsync] request reuse failed, url: 
05-25 21:39:56.700  3400  3788 E Forest_null: could not get any valid access key from remote settings
05-25 21:39:56.708  3400  3871 E Forest_GeckoFetcher: download failed with waitGeckoUpdate=false ,channel = mt_dm_streak_milestone_small_resource,bundle = 200/dark/social_dm_streakupgrade_fire5_dark.json
05-25 21:39:56.708  3400  3871 E Forest_GeckoFetcher: java.lang.Throwable: invalid channel
05-25 21:39:56.708  3400  3871 E Forest_GeckoFetcher: 	at X.16ZM.LJIIIIZZ(SourceFile:33554554)
05-25 21:39:56.708  3400  3871 E Forest_GeckoFetcher: 	at X.0P46.LIZ(SourceFile:378)
05-25 21:39:56.708  3400  3871 E Forest_GeckoFetcher: 	at X.0P46.run(SourceFile:5)
05-25 21:39:56.708  3400  3871 E Forest_GeckoFetcher: 	at Y.AObjectS364S0100000_10.invoke$7(SourceFile:16777222)
05-25 21:39:56.708  3400  3871 E Forest_GeckoFetcher: 	at Y.AObjectS364S0100000_10.invoke(Unknown Source:37)
05-25 21:39:56.708  3400  3871 E Forest_GeckoFetcher: 	at X.0PXC.invoke(SourceFile:4)
05-25 21:39:56.708  3400  3871 E Forest_GeckoFetcher: 	at X.19WH.LIZ(SourceFile:50331890)
05-25 21:39:56.708  3400  3871 E Forest_GeckoFetcher: 	at X.0PXB.LIZJ(SourceFile:86)
05-25 21:39:56.708  3400  3871 E Forest_GeckoFetcher: 	at X.0PXB.run(SourceFile:0)
05-25 21:39:56.708  3400  3871 E Forest_GeckoFetcher: 	at X.0OXd.run(SourceFile:2)
05-25 21:39:56.708  3400  3871 E Forest_GeckoFetcher: 	at java.util.concurrent.ThreadPoolExecutor.runWorker(ThreadPoolExecutor.java:1154)
05-25 21:39:56.708  3400  3871 E Forest_GeckoFetcher: 	at java.util.concurrent.ThreadPoolExecutor$Worker.run(ThreadPoolExecutor.java:652)
05-25 21:39:56.708  3400  3871 E Forest_GeckoFetcher: 	at X.0P7y.run(SourceFile:9)
05-25 21:39:56.708  3400  3871 E Forest_GeckoFetcher: 	at java.lang.Thread.run(Thread.java:1564)
05-25 21:39:56.708  3400  3871 E Forest_GeckoFetcher: 	at com.bytedance.bpea.transmit.delegate.BPEAThread.com_bytedance_bpea_transmit_delegate_BPEAThread__run$___twin___(SourceFile:9)
05-25 21:39:56.708  3400  3871 E Forest_GeckoFetcher: 	at com.bytedance.bpea.transmit.delegate.BPEAThread.com_bytedance_bpea_transmit_delegate_BPEAThread_com_ss_android_ugc_aweme_lancet_RunnableGuardLancet_run(SourceFile:16777216)
05-25 21:39:56.708  3400  3871 E Forest_GeckoFetcher: 	at com.bytedance.bpea.transmit.delegate.BPEAThread.run(Unknown Source:0)
05-25 21:39:56.708  3400  3871 E Forest_GeckoXAdapter: onLocalNewestVersion:localPackage:com.bytedance.geckox.model.LocalPackageModel@8b87340
05-25 21:39:56.713  3400  3469 E Forest_ForestFacade: [FatalError:fetchResourceAsync] request reuse failed, url: 
05-25 21:39:56.714  3400  3469 E Forest_null: could not get any valid access key from remote settings
05-25 21:39:56.714  3400  3469 E Forest_ResourceFetcherChain: fetchAsync error:30: memoryError:cannot find cached buffer, 
05-25 21:39:56.724  3400  3469 E Forest_ForestFacade: [FatalError:fetchResourceAsync] request reuse failed, url: 
05-25 21:39:56.724  3400  3469 E Forest_null: could not get any valid access key from remote settings
05-25 21:39:56.725  3400  3469 E Forest_ResourceFetcherChain: fetchAsync error:30: memoryError:cannot find cached buffer, 
05-25 21:39:56.727  3400  3871 E Forest_GeckoFetcher: download failed with waitGeckoUpdate=false ,channel = mt_dm_streak_common_resource,bundle = /dm_friends_restore/social_dm_friends_restore_Light.json
05-25 21:39:56.727  3400  3871 E Forest_GeckoFetcher: java.lang.Throwable: invalid channel
05-25 21:39:56.727  3400  3871 E Forest_GeckoFetcher: 	at X.16ZM.LJIIIIZZ(SourceFile:33554554)
05-25 21:39:56.727  3400  3871 E Forest_GeckoFetcher: 	at X.0P46.LIZ(SourceFile:378)
05-25 21:39:56.727  3400  3871 E Forest_GeckoFetcher: 	at X.0P46.run(SourceFile:5)
05-25 21:39:56.727  3400  3871 E Forest_GeckoFetcher: 	at Y.AObjectS364S0100000_10.invoke$7(SourceFile:16777222)
05-25 21:39:56.727  3400  3871 E Forest_GeckoFetcher: 	at Y.AObjectS364S0100000_10.invoke(Unknown Source:37)
05-25 21:39:56.727  3400  3871 E Forest_GeckoFetcher: 	at X.0PXC.invoke(SourceFile:4)
05-25 21:39:56.727  3400  3871 E Forest_GeckoFetcher: 	at X.19WH.LIZ(SourceFile:50331890)
05-25 21:39:56.727  3400  3871 E Forest_GeckoFetcher: 	at X.0PXB.LIZJ(SourceFile:86)
05-25 21:39:56.727  3400  3871 E Forest_GeckoFetcher: 	at X.0PXB.run(SourceFile:0)
05-25 21:39:56.727  3400  3871 E Forest_GeckoFetcher: 	at X.0OXd.run(SourceFile:2)
05-25 21:39:56.727  3400  3871 E Forest_GeckoFetcher: 	at java.util.concurrent.ThreadPoolExecutor.runWorker(ThreadPoolExecutor.java:1154)
05-25 21:39:56.727  3400  3871 E Forest_GeckoFetcher: 	at java.util.concurrent.ThreadPoolExecutor$Worker.run(ThreadPoolExecutor.java:652)
05-25 21:39:56.727  3400  3871 E Forest_GeckoFetcher: 	at X.0P7y.run(SourceFile:9)
05-25 21:39:56.727  3400  3871 E Forest_GeckoFetcher: 	at java.lang.Thread.run(Thread.java:1564)
05-25 21:39:56.727  3400  3871 E Forest_GeckoFetcher: 	at com.bytedance.bpea.transmit.delegate.BPEAThread.com_bytedance_bpea_transmit_delegate_BPEAThread__run$___twin___(SourceFile:9)
05-25 21:39:56.727  3400  3871 E Forest_GeckoFetcher: 	at com.bytedance.bpea.transmit.delegate.BPEAThread.com_bytedance_bpea_transmit_delegate_BPEAThread_com_ss_android_ugc_aweme_lancet_RunnableGuardLancet_run(SourceFile:16777216)
05-25 21:39:56.727  3400  3871 E Forest_GeckoFetcher: 	at com.bytedance.bpea.transmit.delegate.BPEAThread.run(Unknown Source:0)
05-25 21:39:56.728  3400  3871 E Forest_GeckoXAdapter: onLocalNewestVersion:localPackage:com.bytedance.geckox.model.LocalPackageModel@7b1f5ca
05-25 21:39:56.730  3400  3469 E Forest_ForestFacade: [FatalError:fetchResourceAsync] request reuse failed, url: 
05-25 21:39:56.730  3400  3469 E Forest_null: could not get any valid access key from remote settings
05-25 21:39:56.730  3400  3469 E Forest_ResourceFetcherChain: fetchAsync error:30: memoryError:cannot find cached buffer, 
05-25 21:39:56.733  3400  3871 E Forest_GeckoFetcher: download failed with waitGeckoUpdate=false ,channel = mt_dm_streak_common_resource,bundle = /dm_friends_restore/social_dm_friends_restore_Dark.json
05-25 21:39:56.733  3400  3871 E Forest_GeckoFetcher: java.lang.Throwable: invalid channel
05-25 21:39:56.733  3400  3871 E Forest_GeckoFetcher: 	at X.16ZM.LJIIIIZZ(SourceFile:33554554)
05-25 21:39:56.733  3400  3871 E Forest_GeckoFetcher: 	at X.0P46.LIZ(SourceFile:378)
05-25 21:39:56.733  3400  3871 E Forest_GeckoFetcher: 	at X.0P46.run(SourceFile:5)
05-25 21:39:56.733  3400  3871 E Forest_GeckoFetcher: 	at Y.AObjectS364S0100000_10.invoke$7(SourceFile:16777222)
05-25 21:39:56.733  3400  3871 E Forest_GeckoFetcher: 	at Y.AObjectS364S0100000_10.invoke(Unknown Source:37)
05-25 21:39:56.733  3400  3871 E Forest_GeckoFetcher: 	at X.0PXC.invoke(SourceFile:4)
05-25 21:39:56.733  3400  3871 E Forest_GeckoFetcher: 	at X.19WH.LIZ(SourceFile:50331890)
05-25 21:39:56.733  3400  3871 E Forest_GeckoFetcher: 	at X.0PXB.LIZJ(SourceFile:86)
05-25 21:39:56.733  3400  3871 E Forest_GeckoFetcher: 	at X.0PXB.run(SourceFile:0)
05-25 21:39:56.733  3400  3871 E Forest_GeckoFetcher: 	at X.0OXd.run(SourceFile:2)
05-25 21:39:56.733  3400  3871 E Forest_GeckoFetcher: 	at java.util.concurrent.ThreadPoolExecutor.runWorker(ThreadPoolExecutor.java:1154)
05-25 21:39:56.733  3400  3871 E Forest_GeckoFetcher: 	at java.util.concurrent.ThreadPoolExecutor$Worker.run(ThreadPoolExecutor.java:652)
05-25 21:39:56.733  3400  3871 E Forest_GeckoFetcher: 	at X.0P7y.run(SourceFile:9)
05-25 21:39:56.733  3400  3871 E Forest_GeckoFetcher: 	at java.lang.Thread.run(Thread.java:1564)
05-25 21:39:56.733  3400  3871 E Forest_GeckoFetcher: 	at com.bytedance.bpea.transmit.delegate.BPEAThread.com_bytedance_bpea_transmit_delegate_BPEAThread__run$___twin___(SourceFile:9)
05-25 21:39:56.733  3400  3871 E Forest_GeckoFetcher: 	at com.bytedance.bpea.transmit.delegate.BPEAThread.com_bytedance_bpea_transmit_delegate_BPEAThread_com_ss_android_ugc_aweme_lancet_RunnableGuardLancet_run(SourceFile:16777216)
05-25 21:39:56.733  3400  3871 E Forest_GeckoFetcher: 	at com.bytedance.bpea.transmit.delegate.BPEAThread.run(Unknown Source:0)
05-25 21:39:56.733  3400  3871 E Forest_GeckoXAdapter: onLocalNewestVersion:localPackage:com.bytedance.geckox.model.LocalPackageModel@58b7422
05-25 21:39:56.734  3400  3469 E Forest_ResourceFetcherChain: fetchAsync error:330: memoryError:cannot find cached buffer, geckoError:gecko File Not Found, 
05-25 21:39:56.734  3400  7118 E Forest_ResourceFetcherChain: fetchAsync error:60330: memoryError:cannot find cached buffer, geckoError:gecko File Not Found, cdnError:CDN Url Blank, 
05-25 21:39:56.736  3400  3871 E Forest_GeckoFetcher: download failed with waitGeckoUpdate=false ,channel = mt_dm_streak_common_resource,bundle = /egg_share_panel_animation.json
05-25 21:39:56.736  3400  3871 E Forest_GeckoFetcher: java.lang.Throwable: invalid channel
05-25 21:39:56.736  3400  3871 E Forest_GeckoFetcher: 	at X.16ZM.LJIIIIZZ(SourceFile:33554554)
05-25 21:39:56.736  3400  3871 E Forest_GeckoFetcher: 	at X.0P46.LIZ(SourceFile:378)
05-25 21:39:56.736  3400  3871 E Forest_GeckoFetcher: 	at X.0P46.run(SourceFile:5)
05-25 21:39:56.736  3400  3871 E Forest_GeckoFetcher: 	at Y.AObjectS364S0100000_10.invoke$7(SourceFile:16777222)
05-25 21:39:56.736  3400  3871 E Forest_GeckoFetcher: 	at Y.AObjectS364S0100000_10.invoke(Unknown Source:37)
05-25 21:39:56.736  3400  3871 E Forest_GeckoFetcher: 	at X.0PXC.invoke(SourceFile:4)
05-25 21:39:56.736  3400  3871 E Forest_GeckoFetcher: 	at X.19WH.LIZ(SourceFile:50331890)
05-25 21:39:56.736  3400  3871 E Forest_GeckoFetcher: 	at X.0PXB.LIZJ(SourceFile:86)
05-25 21:39:56.736  3400  3871 E Forest_GeckoFetcher: 	at X.0PXB.run(SourceFile:0)
05-25 21:39:56.736  3400  3871 E Forest_GeckoFetcher: 	at X.0OXd.run(SourceFile:2)
05-25 21:39:56.736  3400  3871 E Forest_GeckoFetcher: 	at java.util.concurrent.ThreadPoolExecutor.runWorker(ThreadPoolExecutor.java:1154)
05-25 21:39:56.736  3400  3871 E Forest_GeckoFetcher: 	at java.util.concurrent.ThreadPoolExecutor$Worker.run(ThreadPoolExecutor.java:652)
05-25 21:39:56.736  3400  3871 E Forest_GeckoFetcher: 	at X.0P7y.run(SourceFile:9)
05-25 21:39:56.736  3400  3871 E Forest_GeckoFetcher: 	at java.lang.Thread.run(Thread.java:1564)
05-25 21:39:56.736  3400  3871 E Forest_GeckoFetcher: 	at com.bytedance.bpea.transmit.delegate.BPEAThread.com_bytedance_bpea_transmit_delegate_BPEAThread__run$___twin___(SourceFile:9)
05-25 21:39:56.736  3400  3871 E Forest_GeckoFetcher: 	at com.bytedance.bpea.transmit.delegate.BPEAThread.com_bytedance_bpea_transmit_delegate_BPEAThread_com_ss_android_ugc_aweme_lancet_RunnableGuardLancet_run(SourceFile:16777216)
05-25 21:39:56.736  3400  3871 E Forest_GeckoFetcher: 	at com.bytedance.bpea.transmit.delegate.BPEAThread.run(Unknown Source:0)
05-25 21:39:56.736  3400  3871 E Forest_GeckoXAdapter: onLocalNewestVersion:localPackage:com.bytedance.geckox.model.LocalPackageModel@810b06e
05-25 21:39:56.737  1172  1232 E BatteryDump: !@new_battery_dump : 3624,-908,100,100,12,375,372,480,0,0,402,480,0,Discharging,NO_CHARGING,None,Good,NONE,0,Normal,0,0,9420,0x40040000,0x10000,0x0,0,0000,0000,00000000,0,0,0,0,812,3698,1280,990,0,
05-25 21:39:56.755  3400  6423 E Forest_ForestFacade: [FatalError:fetchResourceAsync] request reuse failed, url: 
05-25 21:39:56.755  3400  6423 E Forest_null: could not get any valid access key from remote settings
05-25 21:39:56.756  3400  6423 E Forest_ResourceFetcherChain: fetchAsync error:30: memoryError:cannot find cached buffer, 
05-25 21:39:56.764  3400  6423 E Forest_ForestFacade: [FatalError:fetchResourceAsync] request reuse failed, url: 
05-25 21:39:56.765  3400  6423 E Forest_null: could not get any valid access key from remote settings
05-25 21:39:56.765  3400  6423 E Forest_ResourceFetcherChain: fetchAsync error:30: memoryError:cannot find cached buffer, 
05-25 21:39:56.769  3400  3871 E Forest_GeckoFetcher: download failed with waitGeckoUpdate=false ,channel = tiktok_im_streak_pet,bundle = /pet/template.js
05-25 21:39:56.769  3400  3871 E Forest_GeckoFetcher: java.lang.Throwable: invalid channel
05-25 21:39:56.769  3400  3871 E Forest_GeckoFetcher: 	at X.16ZM.LJIIIIZZ(SourceFile:33554554)
05-25 21:39:56.769  3400  3871 E Forest_GeckoFetcher: 	at X.0P46.LIZ(SourceFile:378)
05-25 21:39:56.769  3400  3871 E Forest_GeckoFetcher: 	at X.0P46.run(SourceFile:5)
05-25 21:39:56.769  3400  3871 E Forest_GeckoFetcher: 	at Y.AObjectS364S0100000_10.invoke$7(SourceFile:16777222)
05-25 21:39:56.769  3400  3871 E Forest_GeckoFetcher: 	at Y.AObjectS364S0100000_10.invoke(Unknown Source:37)
05-25 21:39:56.769  3400  3871 E Forest_GeckoFetcher: 	at X.0PXC.invoke(SourceFile:4)
05-25 21:39:56.769  3400  3871 E Forest_GeckoFetcher: 	at X.19WH.LIZ(SourceFile:50331890)
05-25 21:39:56.769  3400  3871 E Forest_GeckoFetcher: 	at X.0PXB.LIZJ(SourceFile:86)
05-25 21:39:56.769  3400  3871 E Forest_GeckoFetcher: 	at X.0PXB.run(SourceFile:0)
05-25 21:39:56.769  3400  3871 E Forest_GeckoFetcher: 	at X.0OXd.run(SourceFile:2)
05-25 21:39:56.769  3400  3871 E Forest_GeckoFetcher: 	at java.util.concurrent.ThreadPoolExecutor.runWorker(ThreadPoolExecutor.java:1154)
05-25 21:39:56.769  3400  3871 E Forest_GeckoFetcher: 	at java.util.concurrent.ThreadPoolExecutor$Worker.run(ThreadPoolExecutor.java:652)
05-25 21:39:56.769  3400  3871 E Forest_GeckoFetcher: 	at X.0P7y.run(SourceFile:9)
05-25 21:39:56.769  3400  3871 E Forest_GeckoFetcher: 	at java.lang.Thread.run(Thread.java:1564)
05-25 21:39:56.769  3400  3871 E Forest_GeckoFetcher: 	at com.bytedance.bpea.transmit.delegate.BPEAThread.com_bytedance_bpea_transmit_delegate_BPEAThread__run$___twin___(SourceFile:9)
05-25 21:39:56.769  3400  3871 E Forest_GeckoFetcher: 	at com.bytedance.bpea.transmit.delegate.BPEAThread.com_bytedance_bpea_transmit_delegate_BPEAThread_com_ss_android_ugc_aweme_lancet_RunnableGuardLancet_run(SourceFile:16777216)
05-25 21:39:56.769  3400  3871 E Forest_GeckoFetcher: 	at com.bytedance.bpea.transmit.delegate.BPEAThread.run(Unknown Source:0)
05-25 21:39:56.770  3400  3871 E Forest_GeckoXAdapter: onLocalNewestVersion:localPackage:com.bytedance.geckox.model.LocalPackageModel@fa7f21
05-25 21:39:56.775  3400  6423 E Forest_ForestFacade: [FatalError:fetchResourceAsync] request reuse failed, url: 
05-25 21:39:56.775  3400  6423 E Forest_null: could not get any valid access key from remote settings
05-25 21:39:56.777  3400  3871 E Forest_GeckoFetcher: download failed with waitGeckoUpdate=false ,channel = tiktok_im_streak_pet,bundle = /widget/template.js
05-25 21:39:56.777  3400  3871 E Forest_GeckoFetcher: java.lang.Throwable: invalid channel
05-25 21:39:56.777  3400  3871 E Forest_GeckoFetcher: 	at X.16ZM.LJIIIIZZ(SourceFile:33554554)
05-25 21:39:56.777  3400  3871 E Forest_GeckoFetcher: 	at X.0P46.LIZ(SourceFile:378)
05-25 21:39:56.777  3400  3871 E Forest_GeckoFetcher: 	at X.0P46.run(SourceFile:5)
05-25 21:39:56.777  3400  3871 E Forest_GeckoFetcher: 	at Y.AObjectS364S0100000_10.invoke$7(SourceFile:16777222)
05-25 21:39:56.777  3400  3871 E Forest_GeckoFetcher: 	at Y.AObjectS364S0100000_10.invoke(Unknown Source:37)
05-25 21:39:56.777  3400  3871 E Forest_GeckoFetcher: 	at X.0PXC.invoke(SourceFile:4)
05-25 21:39:56.777  3400  3871 E Forest_GeckoFetcher: 	at X.19WH.LIZ(SourceFile:50331890)
05-25 21:39:56.777  3400  3871 E Forest_GeckoFetcher: 	at X.0PXB.LIZJ(SourceFile:86)
05-25 21:39:56.777  3400  3871 E Forest_GeckoFetcher: 	at X.0PXB.run(SourceFile:0)
05-25 21:39:56.777  3400  3871 E Forest_GeckoFetcher: 	at X.0OXd.run(SourceFile:2)
05-25 21:39:56.777  3400  3871 E Forest_GeckoFetcher: 	at java.util.concurrent.ThreadPoolExecutor.runWorker(ThreadPoolExecutor.java:1154)
05-25 21:39:56.777  3400  3871 E Forest_GeckoFetcher: 	at java.util.concurrent.ThreadPoolExecutor$Worker.run(ThreadPoolExecutor.java:652)
05-25 21:39:56.777  3400  3871 E Forest_GeckoFetcher: 	at X.0P7y.run(SourceFile:9)
05-25 21:39:56.777  3400  3871 E Forest_GeckoFetcher: 	at java.lang.Thread.run(Thread.java:1564)
05-25 21:39:56.777  3400  3871 E Forest_GeckoFetcher: 	at com.bytedance.bpea.transmit.delegate.BPEAThread.com_bytedance_bpea_transmit_delegate_BPEAThread__run$___twin___(SourceFile:9)
05-25 21:39:56.777  3400  3871 E Forest_GeckoFetcher: 	at com.bytedance.bpea.transmit.delegate.BPEAThread.com_bytedance_bpea_transmit_delegate_BPEAThread_com_ss_android_ugc_aweme_lancet_RunnableGuardLancet_run(SourceFile:16777216)
05-25 21:39:56.777  3400  3871 E Forest_GeckoFetcher: 	at com.bytedance.bpea.transmit.delegate.BPEAThread.run(Unknown Source:0)
05-25 21:39:56.777  3400  3871 E Forest_GeckoXAdapter: onLocalNewestVersion:localPackage:com.bytedance.geckox.model.LocalPackageModel@d084a15
05-25 21:39:56.778  3400  6423 E Forest_ResourceFetcherChain: fetchAsync error:30: memoryError:cannot find cached buffer, 
05-25 21:39:56.786  3400  3871 E Forest_GeckoFetcher: download failed with waitGeckoUpdate=false ,channel = tiktok_im_message_card_lynx,bundle = /pages/streak_pet_invitation/template.js
05-25 21:39:56.786  3400  3871 E Forest_GeckoFetcher: java.lang.Throwable: invalid channel
05-25 21:39:56.786  3400  3871 E Forest_GeckoFetcher: 	at X.16ZM.LJIIIIZZ(SourceFile:33554554)
05-25 21:39:56.786  3400  3871 E Forest_GeckoFetcher: 	at X.0P46.LIZ(SourceFile:378)
05-25 21:39:56.786  3400  3871 E Forest_GeckoFetcher: 	at X.0P46.run(SourceFile:5)
05-25 21:39:56.786  3400  3871 E Forest_GeckoFetcher: 	at Y.AObjectS364S0100000_10.invoke$7(SourceFile:16777222)
05-25 21:39:56.786  3400  3871 E Forest_GeckoFetcher: 	at Y.AObjectS364S0100000_10.invoke(Unknown Source:37)
05-25 21:39:56.786  3400  3871 E Forest_GeckoFetcher: 	at X.0PXC.invoke(SourceFile:4)
05-25 21:39:56.786  3400  3871 E Forest_GeckoFetcher: 	at X.19WH.LIZ(SourceFile:50331890)
05-25 21:39:56.786  3400  3871 E Forest_GeckoFetcher: 	at X.0PXB.LIZJ(SourceFile:86)
05-25 21:39:56.786  3400  3871 E Forest_GeckoFetcher: 	at X.0PXB.run(SourceFile:0)
05-25 21:39:56.786  3400  3871 E Forest_GeckoFetcher: 	at X.0OXd.run(SourceFile:2)
05-25 21:39:56.786  3400  3871 E Forest_GeckoFetcher: 	at java.util.concurrent.ThreadPoolExecutor.runWorker(ThreadPoolExecutor.java:1154)
05-25 21:39:56.786  3400  3871 E Forest_GeckoFetcher: 	at java.util.concurrent.ThreadPoolExecutor$Worker.run(ThreadPoolExecutor.java:652)
05-25 21:39:56.786  3400  3871 E Forest_GeckoFetcher: 	at X.0P7y.run(SourceFile:9)
05-25 21:39:56.786  3400  3871 E Forest_GeckoFetcher: 	at java.lang.Thread.run(Thread.java:1564)
05-25 21:39:56.786  3400  3871 E Forest_GeckoFetcher: 	at com.bytedance.bpea.transmit.delegate.BPEAThread.com_bytedance_bpea_transmit_delegate_BPEAThread__run$___twin___(SourceFile:9)
05-25 21:39:56.786  3400  3871 E Forest_GeckoFetcher: 	at com.bytedance.bpea.transmit.delegate.BPEAThread.com_bytedance_bpea_transmit_delegate_BPEAThread_com_ss_android_ugc_aweme_lancet_RunnableGuardLancet_run(SourceFile:16777216)
05-25 21:39:56.786  3400  3871 E Forest_GeckoFetcher: 	at com.bytedance.bpea.transmit.delegate.BPEAThread.run(Unknown Source:0)
05-25 21:39:56.786  3400  3871 E Forest_GeckoXAdapter: onLocalNewestVersion:localPackage:com.bytedance.geckox.model.LocalPackageModel@9684df7
05-25 21:39:57.120  7120  7140 E ashmem  : Pinning is deprecated since Android Q. Please use trim or other methods.
05-25 21:39:57.151  1216  1239 E HeatmapThread: ECT Thread time in milliseconds: 1779763197
05-25 21:39:57.153  1216  1239 E HeatmapThread: !@ CAM New BSOH: 98
05-25 21:39:57.418  7162  7162 E ashmem  : Pinning is deprecated since Android Q. Please use trim or other methods.
05-25 21:39:58.151  1216  1239 E HeatmapThread: ECT Thread time in milliseconds: 1779763198
05-25 21:39:58.153  1216  1239 E HeatmapThread: !@ CAM New BSOH: 98
05-25 21:39:59.151  1216  1239 E HeatmapThread: ECT Thread time in milliseconds: 1779763199
05-25 21:39:59.160  1216  1239 E HeatmapThread: !@ CAM New BSOH: 98
05-25 21:39:59.390  3400  3766 E MediaCodec: Media Quality Service not found.
05-25 21:39:59.393  3400  7212 E aoapp.musically: Failed to query component interface for required system resources: 6
05-25 21:39:59.944  3400  3406 E gcblocker: gc block end, 346349213,814
05-25 21:40:00.151  1216  1239 E HeatmapThread: ECT Thread time in milliseconds: 1779763200
05-25 21:40:00.153  1216  1239 E HeatmapThread: !@ CAM New BSOH: 98
05-25 21:40:00.400  1237  1237 E SurfaceFlinger: alpha changed 1.000 -> 0.000 - Surface(name=TransientLaunchOverlayToken{87124ec token=android.os.BinderProxy@48bdb9f})/@0x9f60c72_transition-leash#121876
05-25 21:40:00.400  1237  1237 E SurfaceFlinger: alpha changed 1.000 -> 0.000 - Surface(name=Task=15)/@0x7ba38c3_transition-leash#121877
05-25 21:40:00.458  1237  1237 E SurfaceFlinger: alpha changed 0.000 -> 1.000 - Surface(name=Task=15)/@0x7ba38c3_transition-leash#121877
05-25 21:40:00.458  1237  1237 E SurfaceFlinger: alpha changed 0.000 -> 1.000 - Surface(name=TransientLaunchOverlayToken{87124ec token=android.os.BinderProxy@48bdb9f})/@0x9f60c72_transition-leash#121876
05-25 21:40:00.494  1237  1799 E NativeCustomFrequencyManager: [NativeCFMS] BpCustomFrequencyManager::acquire()
05-25 21:40:00.902 10114 10724 E TransitionChain: Can't collect into a chain with no transition
05-25 21:40:00.996 12763 32212 E AccessibilityService: bindInput must be paired with unbindInput.
05-25 21:40:01.025  1237  1237 E SurfaceFlinger: alpha changed 1.000 -> 0.000 - Surface(name=68383d2 InputMethod)/@0xbfd7ba0 - animation-leash of insets_animation#121881
05-25 21:40:01.075 13696  7370 E AtomicFile: Failed to rename /data/user_de/0/com.samsung.android.honeyboard/files/selected.json.new to /data/user_de/0/com.samsung.android.honeyboard/files/selected.json
05-25 21:40:01.140 13696  7372 E AtomicFile: Failed to rename /data/user_de/0/com.samsung.android.honeyboard/files/selected.json.new to /data/user_de/0/com.samsung.android.honeyboard/files/selected.json
05-25 21:40:01.151  1216  1239 E HeatmapThread: ECT Thread time in milliseconds: 1779763201
05-25 21:40:01.153  1216  1239 E HeatmapThread: !@ CAM New BSOH: 98
05-25 21:40:01.348  3400  3400 E ActivityThread: Failed to find provider info for com.zhiliaoapp.musically.apm
05-25 21:40:01.498  3072  3072 E pageboostd: Received HALT command code 2
05-25 21:40:01.650  1237  1237 E SurfaceFlinger: alpha changed 1.000 -> 0.000 - Surface(name=Task=139)/@0x2f959b9_transition-leash#121887
05-25 21:40:01.650  1237  1237 E SurfaceFlinger: alpha changed 0.000 -> 0.000 - Surface(name=Task=139)/@0x2f959b9_transition-leash#121887
05-25 21:40:01.675  1237  1237 E SurfaceFlinger: alpha changed 0.000 -> 1.000 - Surface(name=Task=139)/@0x2f959b9_transition-leash#121887
05-25 21:40:01.993  7396  7428 E ashmem  : Pinning is deprecated since Android Q. Please use trim or other methods.
05-25 21:40:02.064 10114 10197 E SensorService: 	 >>>ERROR: activate called without batch
05-25 21:40:02.064 10114 10197 E SensorService: 	 >>>ERROR: activate called without batch
05-25 21:40:02.151  1216  1239 E HeatmapThread: ECT Thread time in milliseconds: 1779763202
05-25 21:40:02.153  1216  1239 E HeatmapThread: !@ CAM New BSOH: 98
05-25 21:40:02.334  3400  3400 E chromium: [ERROR:android_webview/browser/aw_browser_terminator.cc:175] Renderer process (4914) crash detected (code -1).
05-25 21:40:02.397  7396  7485 E senger.external: No package ID 6a found for resource ID 0x6a0b0013.
05-25 21:40:02.975  3072  3072 E pageboostd: Received HALT command code 2
05-25 21:40:03.028 10114 10376 E WindowManager: win=Window{73f9c8e u0 com.sec.android.app.launcher/com.android.quickstep.RecentsActivity} destroySurfaces: appStopped=true cleanupOnResume=false win.mWindowRemovalAllowed=false win.mRemoveOnExit=false win.mViewVisibility=8 caller=com.android.server.wm.ActivityRecord.destroySurfaces:25 com.android.server.wm.ActivityRecord.activityStopped:192 com.android.server.wm.ActivityClientController.activityStopped:97 android.app.IActivityClientController$Stub.onTransact:740 com.android.server.wm.ActivityClientController.onTransact:1 android.os.Binder.execTransactInternal:1462 android.os.Binder.execTransact:1401 
05-25 21:40:03.044 12763 12821 E AccessibilityService: bindInput must be paired with unbindInput.
05-25 21:40:03.068  1237  1237 E SurfaceFlinger: alpha changed 1.000 -> 0.000 - Surface(name=68383d2 InputMethod)/@0xbfd7ba0 - animation-leash of insets_animation#121899
05-25 21:40:03.126 13696  7649 E AtomicFile: Failed to rename /data/user_de/0/com.samsung.android.honeyboard/files/selected.json.new to /data/user_de/0/com.samsung.android.honeyboard/files/selected.json
05-25 21:40:03.151  1216  1239 E HeatmapThread: ECT Thread time in milliseconds: 1779763203
05-25 21:40:03.153  1216  1239 E HeatmapThread: !@ CAM New BSOH: 98
05-25 21:40:03.461 19541 22403 E adservices.measurement: Measurement Register Trigger API is disabled
05-25 21:40:03.469 19541 22403 E adservices.measurement: Measurement API is disabled by kill-switch.
05-25 21:40:04.151  1216  1239 E HeatmapThread: ECT Thread time in milliseconds: 1779763204
05-25 21:40:04.153  1216  1239 E HeatmapThread: !@ CAM New BSOH: 98
05-25 21:40:04.478 10569 11323 E DatabaseUtils: Writing exception to parcel
05-25 21:40:04.478 10569 11323 E DatabaseUtils: java.lang.SecurityException: No permission to access APN settings
05-25 21:40:04.478 10569 11323 E DatabaseUtils: 	at com.android.providers.telephony.TelephonyProvider.checkPermissionForApnTable(TelephonyProvider.java:8306)
05-25 21:40:04.478 10569 11323 E DatabaseUtils: 	at com.android.providers.telephony.TelephonyProvider.checkPermission(TelephonyProvider.java:8266)
05-25 21:40:04.478 10569 11323 E DatabaseUtils: 	at com.android.providers.telephony.TelephonyProvider.checkPermissionCompat(TelephonyProvider.java:8323)
05-25 21:40:04.478 10569 11323 E DatabaseUtils: 	at com.android.providers.telephony.TelephonyProvider.query(TelephonyProvider.java:6344)
05-25 21:40:04.478 10569 11323 E DatabaseUtils: 	at android.content.ContentProvider.query(ContentProvider.java:1686)
05-25 21:40:04.478 10569 11323 E DatabaseUtils: 	at android.content.ContentProvider.query(ContentProvider.java:1782)
05-25 21:40:04.478 10569 11323 E DatabaseUtils: 	at android.content.ContentProvider$Transport.query(ContentProvider.java:300)
05-25 21:40:04.478 10569 11323 E DatabaseUtils: 	at android.content.ContentProviderNative.onTransact(ContentProviderNative.java:107)
05-25 21:40:04.478 10569 11323 E DatabaseUtils: 	at android.os.Binder.execTransactInternal(Binder.java:1457)
05-25 21:40:04.478 10569 11323 E DatabaseUtils: 	at android.os.Binder.execTransact(Binder.java:1401)
05-25 21:40:04.505 25036 25098 E RequestContextBuilder: Could not get APN after (but including) LollipopMr1: 
05-25 21:40:04.505 25036 25098 E RequestContextBuilder: java.lang.SecurityException: No permission to access APN settings
05-25 21:40:04.505 25036 25098 E RequestContextBuilder: 	at android.os.Parcel.createExceptionOrNull(Parcel.java:3354)
05-25 21:40:04.505 25036 25098 E RequestContextBuilder: 	at android.os.Parcel.createException(Parcel.java:3338)
05-25 21:40:04.505 25036 25098 E RequestContextBuilder: 	at android.os.Parcel.readException(Parcel.java:3321)
05-25 21:40:04.505 25036 25098 E RequestContextBuilder: 	at android.database.DatabaseUtils.readExceptionFromParcel(DatabaseUtils.java:201)
05-25 21:40:04.505 25036 25098 E RequestContextBuilder: 	at android.database.DatabaseUtils.readExceptionFromParcel(DatabaseUtils.java:153)
05-25 21:40:04.505 25036 25098 E RequestContextBuilder: 	at android.content.ContentProviderProxy.query(ContentProviderNative.java:495)
05-25 21:40:04.505 25036 25098 E RequestContextBuilder: 	at android.content.ContentResolver.query(ContentResolver.java:1235)
05-25 21:40:04.505 25036 25098 E RequestContextBuilder: 	at android.content.ContentResolver.query(ContentResolver.java:1167)
05-25 21:40:04.505 25036 25098 E RequestContextBuilder: 	at android.content.ContentResolver.query(ContentResolver.java:1123)
05-25 21:40:04.505 25036 25098 E RequestContextBuilder: 	at bksn.b(PG:113)
05-25 21:40:04.505 25036 25098 E RequestContextBuilder: 	at bksn.a(PG:137)
05-25 21:40:04.505 25036 25098 E RequestContextBuilder: 	at bkol.a(PG:608)
05-25 21:40:04.505 25036 25098 E RequestContextBuilder: 	at bkok.s(PG:5)
05-25 21:40:04.505 25036 25098 E RequestContextBuilder: 	at bkok.n(PG:52)
05-25 21:40:04.505 25036 25098 E RequestContextBuilder: 	at qrm.call(PG:435)
05-25 21:40:04.505 25036 25098 E RequestContextBuilder: 	at bmzq.a(PG:3)
05-25 21:40:04.505 25036 25098 E RequestContextBuilder: 	at bmyv.run(PG:19)
05-25 21:40:04.505 25036 25098 E RequestContextBuilder: 	at bmzr.run(PG:5)
05-25 21:40:04.505 25036 25098 E RequestContextBuilder: 	at java.util.concurrent.ThreadPoolExecutor.runWorker(ThreadPoolExecutor.java:1154)
05-25 21:40:04.505 25036 25098 E RequestContextBuilder: 	at java.util.concurrent.ThreadPoolExecutor$Worker.run(ThreadPoolExecutor.java:652)
05-25 21:40:04.505 25036 25098 E RequestContextBuilder: 	at vpy.run(PG:636)
05-25 21:40:04.505 25036 25098 E RequestContextBuilder: 	at java.lang.Thread.run(Thread.java:1564)
05-25 21:40:04.835  7396  7396 E AppLovinSdk: [AppLovinSdk] Mediation provider is null. Please set the mediation provider in the AppLovinSdkInitializationConfiguration.Builder when initializing the AppLovinSDK.
05-25 21:40:04.936  7396  7825 E chromium: [0525/214004.936383:ERROR:android_webview/browser/variations/variations_seed_loader.cc:39] Seed missing signature.
05-25 21:40:05.043  7829  7829 E libc    : SetHeapTaggingLevel: re-enabling tagging after it was disabled is not supported
05-25 21:40:05.151  1216  1239 E HeatmapThread: ECT Thread time in milliseconds: 1779763205
05-25 21:40:05.153  1216  1239 E HeatmapThread: !@ CAM New BSOH: 98
05-25 21:40:05.168 19541 31693 E adservices.measurement: Measurement API is disabled by kill-switch.
05-25 21:40:05.211  7396  7396 E AppLovinSdk: [AppLovinSdk] Mediation provider is null. Please set the mediation provider in the AppLovinSdkInitializationConfiguration.Builder when initializing the AppLovinSDK.
05-25 21:40:05.215  7396  7396 E AppLovinSdk: [AppLovinSdk] Mediation provider is null. Please set the mediation provider in the AppLovinSdkInitializationConfiguration.Builder when initializing the AppLovinSDK.
05-25 21:40:05.224  7396  7396 E AppLovinSdk: [AppLovinSdk] Mediation provider is null. Please set the mediation provider in the AppLovinSdkInitializationConfiguration.Builder when initializing the AppLovinSDK.
05-25 21:40:05.301  7396  7870 E senger.external: Invalid resource ID 0x00000000.
05-25 21:40:05.930  1148  1200 E SensorsHub: AccSensor : Meta event
05-25 21:40:05.936  1148  1200 E SensorsHub: GyroSensor : Meta event
05-25 21:40:05.956  7396  7396 E [InMobi]: Please grant the location permissions (ACCESS_COARSE_LOCATION or ACCESS_FINE_LOCATION, or both) for better ad targeting.
05-25 21:40:06.011  1148  1200 E SensorsHub: AccSensor : Meta event
05-25 21:40:06.035  7396  7862 E LevelPlaySDK: API: p a - bidding data cannot be retrieved, SDK not initialized
05-25 21:40:06.057  7396  7858 E LevelPlaySDK: API: p a - bidding data cannot be retrieved, SDK not initialized
05-25 21:40:06.151  1216  1239 E HeatmapThread: ECT Thread time in milliseconds: 1779763206
05-25 21:40:06.153  1216  1239 E HeatmapThread: !@ CAM New BSOH: 98
05-25 21:40:06.163  7396  8023 E AppLovinSdk: [AppLovinCommunicator] Attempting to re-subscribe subscriber (68482217) to topic (max_revenue_events)
05-25 21:40:06.329  7965  8109 E ashmem  : Pinning is deprecated since Android Q. Please use trim or other methods.
05-25 21:40:06.405  7965  8186 E HeliumCrashReporter: Pending crash path /data/data/com.facebook.katana/cache/webview_embedded/Helium Crashpad/pending/ is not a directory
05-25 21:40:06.420  1148  1200 E SensorsHub: AccSensor : Meta event
05-25 21:40:06.439  1148  1200 E SensorsHub: GyroSensor : Meta event
05-25 21:40:06.458  7965  8109 E libEGL  : call to OpenGL ES API with no current context (logged once per thread)
05-25 21:40:06.458  7965  8109 E libEGL  : call to OpenGL ES API with no current context (logged once per thread)
05-25 21:40:06.459  7965  8109 E libEGL  : call to OpenGL ES API with no current context (logged once per thread)
05-25 21:40:06.463  7965  8109 E libEGL  : call to OpenGL ES API with no current context (logged once per thread)
05-25 21:40:06.600  7396  7858 E LevelPlaySDK: API: p a - bidding data cannot be retrieved, SDK not initialized
05-25 21:40:06.604  7396  7862 E LevelPlaySDK: API: p a - bidding data cannot be retrieved, SDK not initialized
05-25 21:40:06.688  7396  8023 E AppLovinSdk: [AppLovinCommunicator] Attempting to re-subscribe subscriber (68482217) to topic (max_revenue_events)
05-25 21:40:06.770  7965  7965 E ActionQueryTaskListener: 0 onTaskStart LOAD_ONLY modules: [instantgamesads] actions: [LOAD=[instantgamesads],COMPLETE_SUCCESS=[instantgamesads]]
05-25 21:40:06.775  7965  8262 E ActionQueryTaskListener: 0 onLoadBatchStart LOAD_ONLY modules: [instantgamesads] actions: [LOAD=[instantgamesads],COMPLETE_SUCCESS=[instantgamesads]]
05-25 21:40:06.795  7965  8262 E FbVoltronModuleLoader: Created context for split: instantgamesads, location: /data/app/~~yOO-URz91ZN0b3SN37U-Qw==/com.facebook.katana-PR3RHLjSr57vr8nJycPVcA==/base.apk
05-25 21:40:06.795  7965  8262 E FbVoltronModuleLoader: Created context for split: instantgamesads, location: /data/app/~~yOO-URz91ZN0b3SN37U-Qw==/com.facebook.katana-PR3RHLjSr57vr8nJycPVcA==/base.apk
05-25 21:40:06.814  7965  8207 E QPLProvider: QuickPerformanceLogger instance wasn't installed in provider, returning noop. Please call QuickPerformanceLoggerProvider.setQuickPerformanceLogger() before getting the instance.
05-25 21:40:06.814  7965  8207 E QPLProvider: java.lang.IllegalStateException: No QPL instance provided
05-25 21:40:06.814  7965  8207 E QPLProvider: 	at com.facebook.quicklog.QuickPerformanceLoggerProvider.getQPLInstance(:35)
05-25 21:40:06.814  7965  8207 E QPLProvider: 	at com.facebook.quicklog.QuickPerformanceLoggerNativeProvider.getQPLInstance(:0)
05-25 21:40:06.814  7965  8207 E QPLProvider: 	at com.facebook.zero.rewritenative.ZeroNativeRequestInterceptor.initHybrid(Native Method)
05-25 21:40:06.814  7965  8207 E QPLProvider: 	at com.facebook.zero.rewritenative.ZeroNativeRequestInterceptor.<init>(Unknown Source:425)
05-25 21:40:06.814  7965  8207 E QPLProvider: 	at X.3ZB.A08(Unknown Source:1412)
05-25 21:40:06.814  7965  8207 E QPLProvider: 	at X.3ZB.A09(Unknown Source:11)
05-25 21:40:06.814  7965  8207 E QPLProvider: 	at X.3ZB.A06(Unknown Source:5)
05-25 21:40:06.814  7965  8207 E QPLProvider: 	at X.17a.A01(:28)
05-25 21:40:06.814  7965  8207 E QPLProvider: 	at X.3HW.A03(Unknown Source:69)
05-25 21:40:06.814  7965  8207 E QPLProvider: 	at X.3Hb.get(Unknown Source:4)
05-25 21:40:06.814  7965  8207 E QPLProvider: 	at X.1Ag.next(Unknown Source:46)
05-25 21:40:06.814  7965  8207 E QPLProvider: 	at X.1RX.<init>(Unknown Source:25)
05-25 21:40:06.814  7965  8207 E QPLProvider: 	at X.DmV.A0A(Unknown Source:353)
05-25 21:40:06.814  7965  8207 E QPLProvider: 	at X.DmV.A09(Unknown Source:3)
05-25 21:40:06.814  7965  8207 E QPLProvider: 	at X.DmV.A0B(Unknown Source:3)
05-25 21:40:06.814  7965  8207 E QPLProvider: 	at X.DmV.A01(Unknown Source:3)
05-25 21:40:06.814  7965  8207 E QPLProvider: 	at X.DmV.A0C(Unknown Source:3)
05-25 21:40:06.814  7965  8207 E QPLProvider: 	at X.DmV.A02(Unknown Source:3)
05-25 21:40:06.814  7965  8207 E QPLProvider: 	at X.DmV.A08(Unknown Source:3)
05-25 21:40:06.814  7965  8207 E QPLProvider: 	at X.DmV.A03(Unknown Source:3)
05-25 21:40:06.814  7965  8207 E QPLProvider: 	at X.DmV.A0D(Unknown Source:3)
05-25 21:40:06.814  7965  8207 E QPLProvider: 	at X.DmV.A0E(Unknown Source:11)
05-25 21:40:06.814  7965  8207 E QPLProvider: 	at X.DmV.A07(Unknown Source:5)
05-25 21:40:06.814  7965  8207 E QPLProvider: 	at X.17a.A01(:56)
05-25 21:40:06.814  7965  8207 E QPLProvider: 	at X.3HW.A03(Unknown Source:69)
05-25 21:40:06.814  7965  8207 E QPLProvider: 	at X.19W.get(Unknown Source:15)
05-25 21:40:06.814  7965  8207 E QPLProvider: 	at X.19X.get(Unknown Source:2)
05-25 21:40:06.814  7965  8207 E QPLProvider: 	at X.1I6.A00(Unknown Source:221)
05-25 21:40:06.814  7965  8207 E QPLProvider: 	at com.facebook.tigon.fbtigon.FBTigonService.<init>(Unknown Source:84)
05-25 21:40:06.814  7965  8207 E QPLProvider: 	at X.DmV.A0C(Unknown Source:573)
05-25 21:40:06.814  7965  8207 E QPLProvider: 	at X.DmV.A02(Unknown Source:3)
05-25 21:40:06.814  7965  8207 E QPLProvider: 	at X.DmV.A08(Unknown Source:3)
05-25 21:40:06.814  7965  8207 E QPLProvider: 	at X.DmV.A03(Unknown Source:3)
05-25 21:40:06.814  7965  8207 E QPLProvider: 	at X.DmV.A0D(Unknown Source:3)
05-25 21:40:06.814  7965  8207 E QPLProvider: 	at X.DmV.A0E(Unknown Source:11)
05-25 21:40:06.814  7965  8207 E QPLProvider: 	at X.DmV.A07(Unknown Source:5)
05-25 21:40:06.814  7965  8207 E QPLProvider: 	at X.17a.A01(:56)
05-25 21:40:06.814  7965  8207 E QPLProvider: 	at X.3HW.A03(Unknown Source:69)
05-25 21:40:06.814  7965  8207 E QPLProvider: 	at X.3HW.A02(Unknown Source:4)
05-25 21:40:06.814  7965  8207 E QPLProvider: 	at X.DmV.A0C(Unknown Source:566)
05-25 21:40:06.814  7965  8207 E QPLProvider: 	at X.DmV.A02(Unknown Source:3)
05-25 21:40:06.814  7965  8207 E QPLProvider: 	at X.DmV.A08(Unknown Source:3)
05-25 21:40:06.814  7965  8207 E QPLProvider: 	at X.DmV.A03(Unknown Source:3)
05-25 21:40:06.814  7965  8207 E QPLProvider: 	at X.DmV.A0D(Unknown Source:3)
05-25 21:40:06.814  7965  8207 E QPLProvider: 	at X.DmV.A0E(Unknown Source:11)
05-25 21:40:06.814  7965  8207 E QPLProvider: 	at X.DmV.A07(Unknown Source:5)
05-25 21:40:06.814  7965  8207 E QPLProvider: 	at X.17a.A01(:56)
05-25 21:40:06.814  7965  8207 E QPLProvider: 	at X.3HW.A03(Unknown Source:69)
05-25 21:40:06.814  7965  8207 E QPLProvider: 	at X.19W.get(Unknown Source:15)
05-25 21:40:06.814  7965  8207 E QPLProvider: 	at com.facebook.http.internal.tigonengine.TigonHttpClientAdapterImpl.<init>(Unknown Source:98)
05-25 21:40:06.814  7965  8207 E QPLProvider: 	at X.3ZB.A07(Unknown Source:642)
05-25 21:40:06.814  7965  8207 E QPLProvider: 	at X.3ZB.A04(Unknown Source:11)
05-25 21:40:06.814  7965  8207 E QPLProvider: 	at X.3ZB.A08(Unknown Source:10)
05-25 21:40:06.814  7965  8207 E QPLProvider: 	at X.3ZB.A09(Unknown Source:11)
05-25 21:40:06.814  7965  8207 E QPLProvider: 	at X.3ZB.A06(Unknown Source:5)
05-25 21:40:06.814  7965  8207 E QPLProvider: 	at X.17a.A01(:28)
