05-25 21:19:22.033 10114 10822 E WindowManager: win=Window{68383d2 u0 InputMethod} destroySurfaces: appStopped=true cleanupOnResume=false win.mWindowRemovalAllowed=false win.mRemoveOnExit=false win.mViewVisibility=8 caller=com.android.server.wm.WindowManagerService.tryStartExitingAnimation:134 com.android.server.wm.WindowManagerService.relayoutWindow:1160 com.android.server.wm.Session.relayout:27 android.view.IWindowSession$Stub.onTransact:829 com.android.server.wm.Session.onTransact:1 android.os.Binder.execTransactInternal:1457 android.os.Binder.execTransact:1401 
05-25 21:19:32.194 10114 12563 E TransitionChain: Can't collect into a chain with no transition
05-25 21:19:32.430 10114 12563 E WindowManager: win=Window{dcb7993 u0 com.instagram.android/com.instagram.android.activity.MainTabActivity} destroySurfaces: appStopped=true cleanupOnResume=false win.mWindowRemovalAllowed=false win.mRemoveOnExit=false win.mViewVisibility=4 caller=com.android.server.wm.ActivityRecord.destroySurfaces:25 com.android.server.wm.ActivityRecord.activityStopped:192 com.android.server.wm.ActivityClientController.activityStopped:97 android.app.IActivityClientController$Stub.onTransact:740 com.android.server.wm.ActivityClientController.onTransact:1 android.os.Binder.execTransactInternal:1462 android.os.Binder.execTransact:1401 
05-25 21:19:34.159 10114 12486 E WindowManager: win=Window{73f9c8e u0 com.sec.android.app.launcher/com.android.quickstep.RecentsActivity} destroySurfaces: appStopped=true cleanupOnResume=false win.mWindowRemovalAllowed=false win.mRemoveOnExit=false win.mViewVisibility=8 caller=com.android.server.wm.ActivityRecord.destroySurfaces:25 com.android.server.wm.ActivityRecord.activityStopped:192 com.android.server.wm.ActivityClientController.activityStopped:97 android.app.IActivityClientController$Stub.onTransact:740 com.android.server.wm.ActivityClientController.onTransact:1 android.os.Binder.execTransactInternal:1462 android.os.Binder.execTransact:1401 
05-25 21:19:34.698 10114 10191 E WindowManager: win=Window{68383d2 u0 InputMethod} destroySurfaces: appStopped=true cleanupOnResume=false win.mWindowRemovalAllowed=false win.mRemoveOnExit=false win.mViewVisibility=8 caller=com.android.server.wm.WindowManagerService.tryStartExitingAnimation:134 com.android.server.wm.WindowManagerService.relayoutWindow:1160 com.android.server.wm.Session.relayout:27 android.view.IWindowSession$Stub.onTransact:829 com.android.server.wm.Session.onTransact:1 android.os.Binder.execTransactInternal:1457 android.os.Binder.execTransact:1401 
05-25 21:19:34.896 10114 10200 E WindowManager: win=Window{83f4302 u0 SnapshotStartingWindow for taskId=131 EXITING} destroySurfaces: appStopped=false cleanupOnResume=false win.mWindowRemovalAllowed=true win.mRemoveOnExit=true win.mViewVisibility=0 caller=com.android.server.wm.WindowState.onExitAnimationDone:224 com.android.server.wm.WindowState.onAnimationFinished:174 com.android.server.wm.WindowContainer$$ExternalSyntheticLambda8.onAnimationFinished:3 com.android.server.wm.SurfaceAnimator$$ExternalSyntheticLambda0.onAnimationFinished:69 com.android.server.wm.LocalAnimationAdapter$$ExternalSyntheticLambda0.run:10 android.os.Handler.handleCallback:995 android.os.Handler.dispatchMessage:103 
05-25 21:19:39.732   610 21526 E keystore2: system/security/keystore2/src/error.rs:185 - Rc(r#KEY_NOT_FOUND), "system/security/keystore2/src/service.rs:178: In get_key_entry, while trying to load key info. 10429, Some(\"W3C_PAYMENT_DEVICE_KEY100018256904634\")"
05-25 21:19:39.821 10114 10202 E Watchdog: !@Sync: 1984 heap(MB): 139 / 154 FD: 1169 [2026-05-25 21:19:39.821]
05-25 21:19:48.188 10114 12549 E WindowManager: win=Window{68383d2 u0 InputMethod} destroySurfaces: appStopped=true cleanupOnResume=false win.mWindowRemovalAllowed=false win.mRemoveOnExit=false win.mViewVisibility=8 caller=com.android.server.wm.WindowManagerService.tryStartExitingAnimation:134 com.android.server.wm.WindowManagerService.relayoutWindow:1160 com.android.server.wm.Session.relayout:27 android.view.IWindowSession$Stub.onTransact:829 com.android.server.wm.Session.onTransact:1 android.os.Binder.execTransactInternal:1457 android.os.Binder.execTransact:1401 
05-25 21:19:55.081 10114 10822 E WindowManager: win=Window{14841c7 u0 com.sec.android.app.launcher/com.samsung.app.honeyspace.edge.edgepanel.app.CocktailBarService} destroySurfaces: appStopped=true cleanupOnResume=false win.mWindowRemovalAllowed=false win.mRemoveOnExit=false win.mViewVisibility=8 caller=com.android.server.wm.WindowManagerService.tryStartExitingAnimation:134 com.android.server.wm.WindowManagerService.relayoutWindow:1160 com.android.server.wm.Session.relayout:27 android.view.IWindowSession$Stub.onTransact:829 com.android.server.wm.Session.onTransact:1 android.os.Binder.execTransactInternal:1457 android.os.Binder.execTransact:1401 
05-25 21:19:55.632 10114 12563 E WindowManager: win=Window{609007 u0 com.Beauchamp.Messenger.external/com.Beauchamp.Messenger.external.MainActivity} destroySurfaces: appStopped=true cleanupOnResume=false win.mWindowRemovalAllowed=false win.mRemoveOnExit=false win.mViewVisibility=8 caller=com.android.server.wm.ActivityRecord.destroySurfaces:25 com.android.server.wm.ActivityRecord.activityStopped:192 com.android.server.wm.ActivityClientController.activityStopped:97 android.app.IActivityClientController$Stub.onTransact:740 com.android.server.wm.ActivityClientController.onTransact:1 android.os.Binder.execTransactInternal:1462 android.os.Binder.execTransact:1401 
05-25 21:19:59.873 10114 12563 E WindowManager: win=Window{730eeeb u0 com.Beauchamp.Messenger.external/com.moloco.sdk.xenoss.sdkdevkit.android.adrenderer.internal.templates.renderer.fullscreen.FullscreenWebviewActivity} destroySurfaces: appStopped=true cleanupOnResume=false win.mWindowRemovalAllowed=false win.mRemoveOnExit=false win.mViewVisibility=8 caller=com.android.server.wm.ActivityRecord.destroySurfaces:25 com.android.server.wm.ActivityRecord.activityStopped:192 com.android.server.wm.ActivityClientController.activityStopped:97 android.app.IActivityClientController$Stub.onTransact:740 com.android.server.wm.ActivityClientController.onTransact:1 android.os.Binder.execTransactInternal:1462 android.os.Binder.execTransact:1401 
05-25 21:20:00.233 10114 10376 E TransitionChain: Can't collect into a chain with no transition
05-25 21:20:00.364 10114 12655 E WindowManager: win=Window{c41a096 u0 com.android.vending/com.google.android.finsky.transparentmainactivity.TransparentMainActivityPrivate} destroySurfaces: appStopped=true cleanupOnResume=false win.mWindowRemovalAllowed=false win.mRemoveOnExit=false win.mViewVisibility=4 caller=com.android.server.wm.ActivityRecord.destroySurfaces:25 com.android.server.wm.ActivityRecord.activityStopped:192 com.android.server.wm.ActivityClientController.activityStopped:97 android.app.IActivityClientController$Stub.onTransact:740 com.android.server.wm.ActivityClientController.onTransact:1 android.os.Binder.execTransactInternal:1462 android.os.Binder.execTransact:1401 
05-25 21:20:00.446 10114 10191 E WindowManager: win=Window{53f2dd6 u0 com.android.vending/com.google.android.finsky.activities.MainActivityPrivate} destroySurfaces: appStopped=true cleanupOnResume=false win.mWindowRemovalAllowed=false win.mRemoveOnExit=false win.mViewVisibility=8 caller=com.android.server.wm.ActivityRecord.destroySurfaces:25 com.android.server.wm.ActivityRecord.activityStopped:192 com.android.server.wm.ActivityClientController.activityStopped:97 android.app.IActivityClientController$Stub.onTransact:740 com.android.server.wm.ActivityClientController.onTransact:1 android.os.Binder.execTransactInternal:1462 android.os.Binder.execTransact:1401 
05-25 21:20:01.810 10114 10745 E WindowManager: win=Window{73f9c8e u0 com.sec.android.app.launcher/com.android.quickstep.RecentsActivity} destroySurfaces: appStopped=true cleanupOnResume=false win.mWindowRemovalAllowed=false win.mRemoveOnExit=false win.mViewVisibility=8 caller=com.android.server.wm.ActivityRecord.destroySurfaces:25 com.android.server.wm.ActivityRecord.activityStopped:192 com.android.server.wm.ActivityClientController.activityStopped:97 android.app.IActivityClientController$Stub.onTransact:740 com.android.server.wm.ActivityClientController.onTransact:1 android.os.Binder.execTransactInternal:1462 android.os.Binder.execTransact:1401 
05-25 21:20:02.959 10114 10745 E ActivityTaskManager: Checking for the Active launch getApplicationEnabledSetting
05-25 21:20:08.293 20103 20226 E ActivityThread: Failed to find provider info for com.zhiliaoapp.musically.apm
05-25 21:20:08.294 20103 20226 E ActivityThread: Failed to find provider info for com.zhiliaoapp.musically.apm
05-25 21:20:08.297 20103 20226 E ActivityThread: Failed to find provider info for com.zhiliaoapp.musically.apm
05-25 21:20:08.694 20103 20103 E ActivityThread: Failed to find provider info for com.zhiliaoapp.musically.apm
05-25 21:20:09.294 10114 12384 E WindowManager: win=Window{e416267 u0 com.sec.android.app.launcher/com.sec.android.app.launcher.activities.LauncherActivity} destroySurfaces: appStopped=true cleanupOnResume=false win.mWindowRemovalAllowed=false win.mRemoveOnExit=false win.mViewVisibility=8 caller=com.android.server.wm.ActivityRecord.destroySurfaces:25 com.android.server.wm.ActivityRecord.activityStopped:192 com.android.server.wm.ActivityClientController.activityStopped:97 android.app.IActivityClientController$Stub.onTransact:740 com.android.server.wm.ActivityClientController.onTransact:1 android.os.Binder.execTransactInternal:1462 android.os.Binder.execTransact:1401 
05-25 21:20:09.838 10114 10202 E Watchdog: !@Sync: 1985 heap(MB): 142 / 153 FD: 1216 [2026-05-25 21:20:09.837]
05-25 21:20:10.633 20103 20126 E ActivityThread: Failed to find provider info for com.xiaomi.discover.external
05-25 21:20:37.737 10114 12566 E WindowManager: win=Window{68383d2 u0 InputMethod} destroySurfaces: appStopped=true cleanupOnResume=false win.mWindowRemovalAllowed=false win.mRemoveOnExit=false win.mViewVisibility=8 caller=com.android.server.wm.WindowManagerService.tryStartExitingAnimation:134 com.android.server.wm.WindowManagerService.relayoutWindow:1160 com.android.server.wm.Session.relayout:27 android.view.IWindowSession$Stub.onTransact:829 com.android.server.wm.Session.onTransact:1 android.os.Binder.execTransactInternal:1457 android.os.Binder.execTransact:1401 
05-25 21:20:39.850 10114 10202 E Watchdog: !@Sync: 1986 heap(MB): 144 / 160 FD: 1185 [2026-05-25 21:20:39.849]
05-25 21:20:59.388 10114 12563 E KernelCpuUidFullTimeReader: Negative delta from freq time for uid: 90000, delta: -146
05-25 21:20:59.389 10114 12563 E KernelCpuUidFullTimeReader: Negative delta from freq time for uid: 90001, delta: -64
05-25 21:20:59.389 10114 12563 E KernelCpuUidFullTimeReader: Negative delta from freq time for uid: 90002, delta: -963
05-25 21:20:59.389 10114 12563 E KernelCpuUidFullTimeReader: Negative delta from freq time for uid: 90003, delta: -2391
05-25 21:20:59.389 10114 12563 E KernelCpuUidFullTimeReader: Negative delta from freq time for uid: 90005, delta: -72
05-25 21:21:09.854 10114 10202 E Watchdog: !@Sync: 1987 heap(MB): 149 / 158 FD: 1185 [2026-05-25 21:21:09.854]
05-25 21:21:16.973 10114 12566 E WindowManager: win=Window{68383d2 u0 InputMethod} destroySurfaces: appStopped=true cleanupOnResume=false win.mWindowRemovalAllowed=false win.mRemoveOnExit=false win.mViewVisibility=8 caller=com.android.server.wm.WindowManagerService.tryStartExitingAnimation:134 com.android.server.wm.WindowManagerService.relayoutWindow:1160 com.android.server.wm.Session.relayout:27 android.view.IWindowSession$Stub.onTransact:829 com.android.server.wm.Session.onTransact:1 android.os.Binder.execTransactInternal:1457 android.os.Binder.execTransact:1401 
05-25 21:21:20.856 10114 12655 E WindowManager: win=Window{68383d2 u0 InputMethod} destroySurfaces: appStopped=true cleanupOnResume=false win.mWindowRemovalAllowed=false win.mRemoveOnExit=false win.mViewVisibility=8 caller=com.android.server.wm.WindowManagerService.tryStartExitingAnimation:134 com.android.server.wm.WindowManagerService.relayoutWindow:1160 com.android.server.wm.Session.relayout:27 android.view.IWindowSession$Stub.onTransact:829 com.android.server.wm.Session.onTransact:1 android.os.Binder.execTransactInternal:1457 android.os.Binder.execTransact:1401 
05-25 21:21:31.628 10114 12486 E WindowManager: win=Window{68383d2 u0 InputMethod} destroySurfaces: appStopped=true cleanupOnResume=false win.mWindowRemovalAllowed=false win.mRemoveOnExit=false win.mViewVisibility=8 caller=com.android.server.wm.WindowManagerService.tryStartExitingAnimation:134 com.android.server.wm.WindowManagerService.relayoutWindow:1160 com.android.server.wm.Session.relayout:27 android.view.IWindowSession$Stub.onTransact:829 com.android.server.wm.Session.onTransact:1 android.os.Binder.execTransactInternal:1457 android.os.Binder.execTransact:1401 
05-25 21:21:39.860 10114 10202 E Watchdog: !@Sync: 1988 heap(MB): 145 / 161 FD: 1189 [2026-05-25 21:21:39.860]
05-25 21:21:57.350 20103 20212 E ActivityThread: Failed to find provider info for com.zhiliaoapp.musically.apm
05-25 21:21:57.448 20103 20212 E ActivityThread: Failed to find provider info for com.zhiliaoapp.musically.apm
05-25 21:21:57.449 20103 20212 E ActivityThread: Failed to find provider info for com.zhiliaoapp.musically.apm
05-25 21:21:57.827 20103 20226 E ActivityThread: Failed to find provider info for com.zhiliaoapp.musically.apm
05-25 21:21:57.829 20103 20226 E ActivityThread: Failed to find provider info for com.zhiliaoapp.musically.apm
05-25 21:22:09.875 10114 10202 E Watchdog: !@Sync: 1989 heap(MB): 138 / 158 FD: 1191 [2026-05-25 21:22:09.874]
05-25 21:22:14.213 10114 12751 E WindowManager: win=Window{68383d2 u0 InputMethod} destroySurfaces: appStopped=true cleanupOnResume=false win.mWindowRemovalAllowed=false win.mRemoveOnExit=false win.mViewVisibility=8 caller=com.android.server.wm.WindowManagerService.tryStartExitingAnimation:134 com.android.server.wm.WindowManagerService.relayoutWindow:1160 com.android.server.wm.Session.relayout:27 android.view.IWindowSession$Stub.onTransact:829 com.android.server.wm.Session.onTransact:1 android.os.Binder.execTransactInternal:1457 android.os.Binder.execTransact:1401 
05-25 21:22:15.601 10114 10773 E NotificationService: isPkgBlocked = false
05-25 21:22:15.601 10114 10773 E NotificationService: isRecordBlocked = true
05-25 21:22:15.601 10114 10773 E NotificationService: Suppressing notification from package com.sec.android.app.shealth by user request.
05-25 21:22:19.239 10114 10561 E AppOps  : Operation not started: uid=10097 pkg=com.samsung.android.rubin.app(null) op=ACTIVITY_RECOGNITION
05-25 21:22:27.450 20103 20129 E ActivityThread: Failed to find provider info for com.zhiliaoapp.musically.apm
05-25 21:22:27.452 20103 20129 E ActivityThread: Failed to find provider info for com.zhiliaoapp.musically.apm
05-25 21:22:27.453 20103 20129 E ActivityThread: Failed to find provider info for com.zhiliaoapp.musically.apm
05-25 21:22:27.584 20103 20129 E ActivityThread: Failed to find provider info for com.zhiliaoapp.musically.apm
05-25 21:22:27.590 20103 20129 E ActivityThread: Failed to find provider info for com.zhiliaoapp.musically.apm
05-25 21:22:39.883 10114 10202 E Watchdog: !@Sync: 1990 heap(MB): 140 / 159 FD: 1190 [2026-05-25 21:22:39.882]
05-25 21:22:46.421 10114 10724 E AppOps  : Bad call made by uid 1000. Package "com.google.android.googlequicksearchbox" does not belong to uid 1000.
05-25 21:22:54.050 23729 23729 E ActivityThread: Failed to find provider info for com.microsoft.yourphonecompanion.contentprovider.featureoverride
05-25 21:22:54.087 23649 23649 E ActivityThread: Failed to find provider info for com.microsoft.yourphonecompanion.contentprovider.featureoverride
05-25 21:22:54.391 10114 10548 E TransitionChain: Can't collect into a chain with no transition
05-25 21:22:55.085   610  7613 E keystore2: system/security/keystore2/src/error.rs:185 - Rc(r#KEY_NOT_FOUND), "system/security/keystore2/src/service.rs:178: In get_key_entry, while trying to load key info. 5009, Some(\"com.samsung.android.scloud_SERVER_CERT\")"
05-25 21:22:55.085   610 21526 E keystore2: system/security/keystore2/src/error.rs:185 - Rc(r#KEY_NOT_FOUND), "system/security/keystore2/src/service.rs:178: In get_key_entry, while trying to load key info. 5009, Some(\"com.samsung.android.scloud_SERVER_CERT\")"
05-25 21:22:55.818 10114 10548 E WindowManager: win=Window{73f9c8e u0 com.sec.android.app.launcher/com.android.quickstep.RecentsActivity} destroySurfaces: appStopped=true cleanupOnResume=false win.mWindowRemovalAllowed=false win.mRemoveOnExit=false win.mViewVisibility=8 caller=com.android.server.wm.ActivityRecord.destroySurfaces:25 com.android.server.wm.ActivityRecord.activityStopped:192 com.android.server.wm.ActivityClientController.activityStopped:97 android.app.IActivityClientController$Stub.onTransact:740 com.android.server.wm.ActivityClientController.onTransact:1 android.os.Binder.execTransactInternal:1462 android.os.Binder.execTransact:1401 
05-25 21:22:56.690 20103 20103 E ActivityThread: Failed to find provider info for com.zhiliaoapp.musically.apm
05-25 21:22:57.432 10114 10561 E ActivityTaskManager: Checking for the Active launch getApplicationEnabledSetting
05-25 21:22:58.089 10114 10724 E ActivityTaskManager: Checking for the Active launch isPkgEverLaunched :true, isPkgStopped : true, isPkgSuspended : false
05-25 21:22:58.089 10114 10724 E ActivityTaskManager: Checking for the Active launch getApplicationEnabledSetting
05-25 21:22:58.458 24279 24279 E ActivityThread: Failed to find provider info for com.microsoft.yourphonecompanion.contentprovider.featureoverride
05-25 21:22:59.087 24365 24365 E ActivityThread: Failed to find provider info for com.microsoft.yourphonecompanion.contentprovider.featureoverride
05-25 21:23:01.698 10114 12542 E WindowManager: win=Window{e416267 u0 com.sec.android.app.launcher/com.sec.android.app.launcher.activities.LauncherActivity} destroySurfaces: appStopped=true cleanupOnResume=false win.mWindowRemovalAllowed=false win.mRemoveOnExit=false win.mViewVisibility=8 caller=com.android.server.wm.ActivityRecord.destroySurfaces:25 com.android.server.wm.ActivityRecord.activityStopped:192 com.android.server.wm.ActivityClientController.activityStopped:97 android.app.IActivityClientController$Stub.onTransact:740 com.android.server.wm.ActivityClientController.onTransact:1 android.os.Binder.execTransactInternal:1462 android.os.Binder.execTransact:1401 
05-25 21:23:06.228  7917 25763 E LoadedApk: Exception : java.lang.NullPointerException: Attempt to invoke virtual method 'boolean android.os.Looper.isPerfLogEnable()' on a null object reference
05-25 21:23:06.228  7917 25763 E LoadedApk: Exception : java.lang.NullPointerException: Attempt to invoke virtual method 'boolean android.os.Looper.isPerfLogEnable()' on a null object reference
05-25 21:23:08.046   610   624 E keystore2: system/security/keystore2/src/error.rs:185 - Rc(r#KEY_NOT_FOUND), "system/security/keystore2/src/service.rs:178: In get_key_entry, while trying to load key info. 10429, Some(\"W3C_PAYMENT_DEVICE_KEY100018256904634\")"
05-25 21:23:09.892 10114 10202 E Watchdog: !@Sync: 1991 heap(MB): 136 / 153 FD: 1199 [2026-05-25 21:23:09.892]
05-25 21:23:10.730 10114 10745 E WindowManager: win=Window{68383d2 u0 InputMethod} destroySurfaces: appStopped=true cleanupOnResume=false win.mWindowRemovalAllowed=false win.mRemoveOnExit=false win.mViewVisibility=8 caller=com.android.server.wm.WindowManagerService.tryStartExitingAnimation:134 com.android.server.wm.WindowManagerService.relayoutWindow:1160 com.android.server.wm.Session.relayout:27 android.view.IWindowSession$Stub.onTransact:829 com.android.server.wm.Session.onTransact:1 android.os.Binder.execTransactInternal:1457 android.os.Binder.execTransact:1401 
05-25 21:23:14.973 12430 12761 E SDHMS:i : e = /sys/class/rtc/rtc0/date: open failed: EACCES (Permission denied)
05-25 21:23:14.975 12430 12761 E SDHMS:i : e = /sys/class/rtc/rtc0/time: open failed: EACCES (Permission denied)
05-25 21:23:14.976 12430 12761 E SDHMS:i : e = /sys/class/rtc/rtc0/since_epoch: open failed: EACCES (Permission denied)
05-25 21:23:25.654 10114 12486 E WindowManager: win=Window{68383d2 u0 InputMethod} destroySurfaces: appStopped=true cleanupOnResume=false win.mWindowRemovalAllowed=false win.mRemoveOnExit=false win.mViewVisibility=8 caller=com.android.server.wm.WindowManagerService.tryStartExitingAnimation:134 com.android.server.wm.WindowManagerService.relayoutWindow:1160 com.android.server.wm.Session.relayout:27 android.view.IWindowSession$Stub.onTransact:829 com.android.server.wm.Session.onTransact:1 android.os.Binder.execTransactInternal:1457 android.os.Binder.execTransact:1401 
05-25 21:23:26.362  7917 26350 E LoadedApk: Exception : java.lang.NullPointerException: Attempt to invoke virtual method 'boolean android.os.Looper.isPerfLogEnable()' on a null object reference
05-25 21:23:26.369  7917 26350 E LoadedApk: Exception : java.lang.NullPointerException: Attempt to invoke virtual method 'boolean android.os.Looper.isPerfLogEnable()' on a null object reference
05-25 21:23:39.910 10114 10202 E Watchdog: !@Sync: 1992 heap(MB): 146 / 153 FD: 1181 [2026-05-25 21:23:39.909]
05-25 21:23:44.778  7917 25782 E LoadedApk: Exception : java.lang.NullPointerException: Attempt to invoke virtual method 'boolean android.os.Looper.isPerfLogEnable()' on a null object reference
05-25 21:23:44.780  7917 25782 E LoadedApk: Exception : java.lang.NullPointerException: Attempt to invoke virtual method 'boolean android.os.Looper.isPerfLogEnable()' on a null object reference
05-25 21:23:45.893 10114 10726 E WindowManager: win=Window{68383d2 u0 InputMethod} destroySurfaces: appStopped=true cleanupOnResume=false win.mWindowRemovalAllowed=false win.mRemoveOnExit=false win.mViewVisibility=8 caller=com.android.server.wm.WindowManagerService.tryStartExitingAnimation:134 com.android.server.wm.WindowManagerService.relayoutWindow:1160 com.android.server.wm.Session.relayout:27 android.view.IWindowSession$Stub.onTransact:829 com.android.server.wm.Session.onTransact:1 android.os.Binder.execTransactInternal:1457 android.os.Binder.execTransact:1401 
05-25 21:24:00.074 10114 12486 E KernelCpuUidFullTimeReader: Negative delta from freq time for uid: 90000, delta: -1186
05-25 21:24:07.606 10114 12486 E WindowManager: win=Window{7683ea1 u0 com.Beauchamp.Messenger.external/com.Beauchamp.Messenger.external.MainActivity} destroySurfaces: appStopped=true cleanupOnResume=false win.mWindowRemovalAllowed=false win.mRemoveOnExit=false win.mViewVisibility=8 caller=com.android.server.wm.ActivityRecord.destroySurfaces:25 com.android.server.wm.ActivityRecord.activityStopped:192 com.android.server.wm.ActivityClientController.activityStopped:97 android.app.IActivityClientController$Stub.onTransact:740 com.android.server.wm.ActivityClientController.onTransact:1 android.os.Binder.execTransactInternal:1462 android.os.Binder.execTransact:1401 
05-25 21:24:09.922 10114 10202 E Watchdog: !@Sync: 1993 heap(MB): 134 / 152 FD: 1189 [2026-05-25 21:24:09.922]
05-25 21:24:10.987 10114 10745 E WindowManager: win=Window{e416267 u0 com.sec.android.app.launcher/com.sec.android.app.launcher.activities.LauncherActivity} destroySurfaces: appStopped=true cleanupOnResume=false win.mWindowRemovalAllowed=false win.mRemoveOnExit=false win.mViewVisibility=8 caller=com.android.server.wm.ActivityRecord.destroySurfaces:25 com.android.server.wm.ActivityRecord.activityStopped:192 com.android.server.wm.ActivityClientController.activityStopped:97 android.app.IActivityClientController$Stub.onTransact:740 com.android.server.wm.ActivityClientController.onTransact:1 android.os.Binder.execTransactInternal:1462 android.os.Binder.execTransact:1401 
05-25 21:24:24.278 27920 27920 E ActivityThread: Failed to find provider info for com.microsoft.yourphonecompanion.contentprovider.featureoverride
05-25 21:24:24.279 27956 27956 E ActivityThread: Failed to find provider info for com.microsoft.yourphonecompanion.contentprovider.featureoverride
05-25 21:24:25.478   610 12923 E keystore2: system/security/keystore2/src/error.rs:185 - Rc(r#KEY_NOT_FOUND), "system/security/keystore2/src/service.rs:178: In get_key_entry, while trying to load key info. 5009, Some(\"com.samsung.android.scloud_SERVER_CERT\")"
05-25 21:24:25.487   610  6418 E keystore2: system/security/keystore2/src/error.rs:185 - Rc(r#KEY_NOT_FOUND), "system/security/keystore2/src/service.rs:178: In get_key_entry, while trying to load key info. 5009, Some(\"com.samsung.android.scloud_SERVER_CERT\")"
05-25 21:24:27.807 27956 27967 E ActivityThread: Failed to find provider info for com.microsoft.intune.mam.policy
05-25 21:24:29.702 27956 28489 E ActivityThread: Failed to find provider info for com.microsoft.intune.mam.policy
05-25 21:24:39.929 10114 10202 E Watchdog: !@Sync: 1994 heap(MB): 139 / 154 FD: 1374 [2026-05-25 21:24:39.929]
05-25 21:24:43.638 10114 12486 E ShortcutService: Invalid icon type in shortcut cdavis86247@troy.edu. Bitmaps are not allowed in long-lived shortcuts. Use Resource icons, or Uri-based icons instead.
05-25 21:24:54.127 10114 10726 E WindowManager: win=Window{e699995 u0 com.instagram.android/com.instagram.android.activity.MainTabActivity} destroySurfaces: appStopped=true cleanupOnResume=false win.mWindowRemovalAllowed=false win.mRemoveOnExit=false win.mViewVisibility=8 caller=com.android.server.wm.ActivityRecord.destroySurfaces:25 com.android.server.wm.ActivityRecord.activityStopped:192 com.android.server.wm.ActivityClientController.activityStopped:97 android.app.IActivityClientController$Stub.onTransact:740 com.android.server.wm.ActivityClientController.onTransact:1 android.os.Binder.execTransactInternal:1462 android.os.Binder.execTransact:1401 
05-25 21:25:09.943 10114 10202 E Watchdog: !@Sync: 1995 heap(MB): 140 / 155 FD: 1194 [2026-05-25 21:25:09.942]
05-25 21:25:39.951 10114 10202 E Watchdog: !@Sync: 1996 heap(MB): 140 / 152 FD: 1195 [2026-05-25 21:25:39.951]
05-25 21:26:00.431 10114 10790 E WindowManager: win=Window{e699995 u0 com.instagram.android/com.instagram.android.activity.MainTabActivity} destroySurfaces: appStopped=true cleanupOnResume=false win.mWindowRemovalAllowed=false win.mRemoveOnExit=false win.mViewVisibility=8 caller=com.android.server.wm.ActivityRecord.destroySurfaces:25 com.android.server.wm.ActivityRecord.activityStopped:192 com.android.server.wm.ActivityClientController.activityStopped:97 android.app.IActivityClientController$Stub.onTransact:740 com.android.server.wm.ActivityClientController.onTransact:1 android.os.Binder.execTransactInternal:1462 android.os.Binder.execTransact:1401 
05-25 21:26:09.966 10114 10202 E Watchdog: !@Sync: 1997 heap(MB): 137 / 154 FD: 1196 [2026-05-25 21:26:09.966]
05-25 21:26:12.134 10114 10833 E WindowManager: win=Window{e699995 u0 com.instagram.android/com.instagram.android.activity.MainTabActivity} destroySurfaces: appStopped=true cleanupOnResume=false win.mWindowRemovalAllowed=false win.mRemoveOnExit=false win.mViewVisibility=8 caller=com.android.server.wm.ActivityRecord.destroySurfaces:25 com.android.server.wm.ActivityRecord.activityStopped:192 com.android.server.wm.ActivityClientController.activityStopped:97 android.app.IActivityClientController$Stub.onTransact:740 com.android.server.wm.ActivityClientController.onTransact:1 android.os.Binder.execTransactInternal:1462 android.os.Binder.execTransact:1401 
05-25 21:26:39.976 10114 10202 E Watchdog: !@Sync: 1998 heap(MB): 142 / 155 FD: 1187 [2026-05-25 21:26:39.975]
05-25 21:26:53.917 10114 10191 E WindowManager: win=Window{68383d2 u0 InputMethod} destroySurfaces: appStopped=true cleanupOnResume=false win.mWindowRemovalAllowed=false win.mRemoveOnExit=false win.mViewVisibility=8 caller=com.android.server.wm.WindowManagerService.tryStartExitingAnimation:134 com.android.server.wm.WindowManagerService.relayoutWindow:1160 com.android.server.wm.Session.relayout:27 android.view.IWindowSession$Stub.onTransact:829 com.android.server.wm.Session.onTransact:1 android.os.Binder.execTransactInternal:1457 android.os.Binder.execTransact:1401 
05-25 21:27:09.991 10114 10202 E Watchdog: !@Sync: 1999 heap(MB): 135 / 155 FD: 1187 [2026-05-25 21:27:09.990]
05-25 21:27:40.118 10114 10202 E Watchdog: !@Sync: 2000 heap(MB): 147 / 154 native(MB): 83 FD: 1188 WaitTime: 0 ms GCcnt: 0 FullGC: 0 [2026-05-25 21:27:40.005]
05-25 21:28:10.131 10114 10202 E Watchdog: !@Sync: 2001 heap(MB): 145 / 156 FD: 1192 [2026-05-25 21:28:10.131]
05-25 21:28:40.135 10114 10202 E Watchdog: !@Sync: 2002 heap(MB): 142 / 156 FD: 1205 [2026-05-25 21:28:40.135]
05-25 21:29:01.823 10114 12553 E WindowManager: win=Window{e699995 u0 com.instagram.android/com.instagram.android.activity.MainTabActivity} destroySurfaces: appStopped=true cleanupOnResume=false win.mWindowRemovalAllowed=false win.mRemoveOnExit=false win.mViewVisibility=8 caller=com.android.server.wm.ActivityRecord.destroySurfaces:25 com.android.server.wm.ActivityRecord.activityStopped:192 com.android.server.wm.ActivityClientController.activityStopped:97 android.app.IActivityClientController$Stub.onTransact:740 com.android.server.wm.ActivityClientController.onTransact:1 android.os.Binder.execTransactInternal:1462 android.os.Binder.execTransact:1401 
05-25 21:29:09.147  7917 30635 E LoadedApk: Exception : java.lang.NullPointerException: Attempt to invoke virtual method 'boolean android.os.Looper.isPerfLogEnable()' on a null object reference
05-25 21:29:09.152  7917 30635 E LoadedApk: Exception : java.lang.NullPointerException: Attempt to invoke virtual method 'boolean android.os.Looper.isPerfLogEnable()' on a null object reference
05-25 21:29:09.498 10114 10726 E WindowManager: win=Window{beb206f u0 KHCD.0G9g} destroySurfaces: appStopped=true cleanupOnResume=false win.mWindowRemovalAllowed=false win.mRemoveOnExit=false win.mViewVisibility=8 caller=com.android.server.wm.WindowState.destroySurface:24 com.android.server.wm.ActivityRecord.destroySurfaces:25 com.android.server.wm.ActivityRecord.activityStopped:192 com.android.server.wm.ActivityClientController.activityStopped:97 android.app.IActivityClientController$Stub.onTransact:740 com.android.server.wm.ActivityClientController.onTransact:1 android.os.Binder.execTransactInternal:1462 
05-25 21:29:09.499 10114 10726 E WindowManager: win=Window{af865ab u0 com.instagram.android/com.instagram.modal.ModalActivity} destroySurfaces: appStopped=true cleanupOnResume=false win.mWindowRemovalAllowed=false win.mRemoveOnExit=false win.mViewVisibility=8 caller=com.android.server.wm.ActivityRecord.destroySurfaces:25 com.android.server.wm.ActivityRecord.activityStopped:192 com.android.server.wm.ActivityClientController.activityStopped:97 android.app.IActivityClientController$Stub.onTransact:740 com.android.server.wm.ActivityClientController.onTransact:1 android.os.Binder.execTransactInternal:1462 android.os.Binder.execTransact:1401 
05-25 21:29:10.142 10114 10202 E Watchdog: !@Sync: 2003 heap(MB): 133 / 155 FD: 1196 [2026-05-25 21:29:10.141]
05-25 21:29:30.673  7917 30947 E LoadedApk: Exception : java.lang.NullPointerException: Attempt to invoke virtual method 'boolean android.os.Looper.isPerfLogEnable()' on a null object reference
05-25 21:29:30.677  7917 30947 E LoadedApk: Exception : java.lang.NullPointerException: Attempt to invoke virtual method 'boolean android.os.Looper.isPerfLogEnable()' on a null object reference
05-25 21:29:40.146 10114 10202 E Watchdog: !@Sync: 2004 heap(MB): 138 / 154 FD: 1206 [2026-05-25 21:29:40.146]
05-25 21:29:57.500 31472 31472 E ActivityThread: Failed to find provider info for com.samsung.android.systemui.edgelighting.plus.provider
05-25 21:30:10.154 10114 10202 E Watchdog: !@Sync: 2005 heap(MB): 141 / 153 FD: 1210 [2026-05-25 21:30:10.153]
05-25 21:30:40.160 10114 10202 E Watchdog: !@Sync: 2006 heap(MB): 150 / 154 FD: 1197 [2026-05-25 21:30:40.160]
05-25 21:31:01.504 10114 10823 E KernelCpuUidFullTimeReader: Negative delta from freq time for uid: 90000, delta: -826
05-25 21:31:10.170 10114 10202 E Watchdog: !@Sync: 2007 heap(MB): 142 / 153 FD: 1197 [2026-05-25 21:31:10.170]
05-25 21:31:40.176 10114 10202 E Watchdog: !@Sync: 2008 heap(MB): 154 / 155 FD: 1195 [2026-05-25 21:31:40.175]
05-25 21:32:10.179 10114 10202 E Watchdog: !@Sync: 2009 heap(MB): 151 / 155 FD: 1196 [2026-05-25 21:32:10.179]
05-25 21:32:14.268 10114 10745 E WindowManager: win=Window{68383d2 u0 InputMethod} destroySurfaces: appStopped=true cleanupOnResume=false win.mWindowRemovalAllowed=false win.mRemoveOnExit=false win.mViewVisibility=8 caller=com.android.server.wm.WindowManagerService.tryStartExitingAnimation:134 com.android.server.wm.WindowManagerService.relayoutWindow:1160 com.android.server.wm.Session.relayout:27 android.view.IWindowSession$Stub.onTransact:829 com.android.server.wm.Session.onTransact:1 android.os.Binder.execTransactInternal:1457 android.os.Binder.execTransact:1401 
05-25 21:32:40.185 10114 10202 E Watchdog: !@Sync: 2010 heap(MB): 153 / 156 FD: 1204 [2026-05-25 21:32:40.184]
05-25 21:33:10.190 10114 10202 E Watchdog: !@Sync: 2011 heap(MB): 139 / 154 FD: 1200 [2026-05-25 21:33:10.189]
05-25 21:33:40.201 10114 10202 E Watchdog: !@Sync: 2012 heap(MB): 145 / 154 FD: 1213 [2026-05-25 21:33:40.201]
05-25 21:34:10.222 10114 10202 E Watchdog: !@Sync: 2013 heap(MB): 135 / 154 FD: 1201 [2026-05-25 21:34:10.221]
05-25 21:34:40.233 10114 10202 E Watchdog: !@Sync: 2014 heap(MB): 146 / 157 FD: 1200 [2026-05-25 21:34:40.232]
05-25 21:35:10.245 10114 10202 E Watchdog: !@Sync: 2015 heap(MB): 133 / 153 FD: 1200 [2026-05-25 21:35:10.245]
05-25 21:35:29.475 10114 10191 E WindowManager: win=Window{68383d2 u0 InputMethod} destroySurfaces: appStopped=true cleanupOnResume=false win.mWindowRemovalAllowed=false win.mRemoveOnExit=false win.mViewVisibility=8 caller=com.android.server.wm.WindowManagerService.tryStartExitingAnimation:134 com.android.server.wm.WindowManagerService.relayoutWindow:1160 com.android.server.wm.Session.relayout:27 android.view.IWindowSession$Stub.onTransact:829 com.android.server.wm.Session.onTransact:1 android.os.Binder.execTransactInternal:1457 android.os.Binder.execTransact:1401 
05-25 21:35:40.303 10114 10202 E Watchdog: !@Sync: 2016 heap(MB): 145 / 156 FD: 1202 [2026-05-25 21:35:40.300]
05-25 21:35:58.189 10114 10191 E TransitionChain: Can't collect into a chain with no transition
05-25 21:35:58.433 10114 12544 E WindowManager: win=Window{e699995 u0 com.instagram.android/com.instagram.android.activity.MainTabActivity} destroySurfaces: appStopped=true cleanupOnResume=false win.mWindowRemovalAllowed=false win.mRemoveOnExit=false win.mViewVisibility=4 caller=com.android.server.wm.ActivityRecord.destroySurfaces:25 com.android.server.wm.ActivityRecord.activityStopped:192 com.android.server.wm.ActivityClientController.activityStopped:97 android.app.IActivityClientController$Stub.onTransact:740 com.android.server.wm.ActivityClientController.onTransact:1 android.os.Binder.execTransactInternal:1462 android.os.Binder.execTransact:1401 
05-25 21:35:59.700 10114 12549 E WindowManager: win=Window{73f9c8e u0 com.sec.android.app.launcher/com.android.quickstep.RecentsActivity} destroySurfaces: appStopped=true cleanupOnResume=false win.mWindowRemovalAllowed=false win.mRemoveOnExit=false win.mViewVisibility=8 caller=com.android.server.wm.ActivityRecord.destroySurfaces:25 com.android.server.wm.ActivityRecord.activityStopped:192 com.android.server.wm.ActivityClientController.activityStopped:97 android.app.IActivityClientController$Stub.onTransact:740 com.android.server.wm.ActivityClientController.onTransact:1 android.os.Binder.execTransactInternal:1462 android.os.Binder.execTransact:1401 
05-25 21:35:59.891 10114 10200 E WindowManager: win=Window{c863d9 u0 SnapshotStartingWindow for taskId=139 EXITING} destroySurfaces: appStopped=false cleanupOnResume=false win.mWindowRemovalAllowed=true win.mRemoveOnExit=true win.mViewVisibility=0 caller=com.android.server.wm.WindowState.onExitAnimationDone:224 com.android.server.wm.WindowState.onAnimationFinished:174 com.android.server.wm.WindowContainer$$ExternalSyntheticLambda8.onAnimationFinished:3 com.android.server.wm.SurfaceAnimator$$ExternalSyntheticLambda0.onAnimationFinished:69 com.android.server.wm.LocalAnimationAdapter$$ExternalSyntheticLambda0.run:10 android.os.Handler.handleCallback:995 android.os.Handler.dispatchMessage:103 
05-25 21:36:01.546  7917   689 E LoadedApk: Exception : java.lang.NullPointerException: Attempt to invoke virtual method 'boolean android.os.Looper.isPerfLogEnable()' on a null object reference
05-25 21:36:01.547  7917   689 E LoadedApk: Exception : java.lang.NullPointerException: Attempt to invoke virtual method 'boolean android.os.Looper.isPerfLogEnable()' on a null object reference
05-25 21:36:10.316 10114 10202 E Watchdog: !@Sync: 2017 heap(MB): 142 / 158 FD: 1200 [2026-05-25 21:36:10.315]
05-25 21:36:25.250 10114 12384 E WindowManager: win=Window{68383d2 u0 InputMethod} destroySurfaces: appStopped=true cleanupOnResume=false win.mWindowRemovalAllowed=false win.mRemoveOnExit=false win.mViewVisibility=8 caller=com.android.server.wm.WindowManagerService.tryStartExitingAnimation:134 com.android.server.wm.WindowManagerService.relayoutWindow:1160 com.android.server.wm.Session.relayout:27 android.view.IWindowSession$Stub.onTransact:829 com.android.server.wm.Session.onTransact:1 android.os.Binder.execTransactInternal:1457 android.os.Binder.execTransact:1401 
05-25 21:36:40.334 10114 10202 E Watchdog: !@Sync: 2018 heap(MB): 136 / 153 FD: 1200 [2026-05-25 21:36:40.333]
05-25 21:36:49.107 10114 10833 E WindowManager: win=Window{68383d2 u0 InputMethod} destroySurfaces: appStopped=true cleanupOnResume=false win.mWindowRemovalAllowed=false win.mRemoveOnExit=false win.mViewVisibility=8 caller=com.android.server.wm.WindowManagerService.tryStartExitingAnimation:134 com.android.server.wm.WindowManagerService.relayoutWindow:1160 com.android.server.wm.Session.relayout:27 android.view.IWindowSession$Stub.onTransact:829 com.android.server.wm.Session.onTransact:1 android.os.Binder.execTransactInternal:1457 android.os.Binder.execTransact:1401 
05-25 21:36:58.715  7917  1715 E LoadedApk: Exception : java.lang.NullPointerException: Attempt to invoke virtual method 'boolean android.os.Looper.isPerfLogEnable()' on a null object reference
05-25 21:36:58.717  7917  1715 E LoadedApk: Exception : java.lang.NullPointerException: Attempt to invoke virtual method 'boolean android.os.Looper.isPerfLogEnable()' on a null object reference
05-25 21:37:10.340 10114 10202 E Watchdog: !@Sync: 2019 heap(MB): 131 / 154 FD: 1199 [2026-05-25 21:37:10.340]
05-25 21:37:10.812 10114 10284 E WindowManager: win=Window{68383d2 u0 InputMethod} destroySurfaces: appStopped=true cleanupOnResume=false win.mWindowRemovalAllowed=false win.mRemoveOnExit=false win.mViewVisibility=8 caller=com.android.server.wm.WindowManagerService.tryStartExitingAnimation:134 com.android.server.wm.WindowManagerService.relayoutWindow:1160 com.android.server.wm.Session.relayout:27 android.view.IWindowSession$Stub.onTransact:829 com.android.server.wm.Session.onTransact:1 android.os.Binder.execTransactInternal:1457 android.os.Binder.execTransact:1401 
05-25 21:37:17.727 10114 12523 E WindowManager: win=Window{7683ea1 u0 com.Beauchamp.Messenger.external/com.Beauchamp.Messenger.external.MainActivity} destroySurfaces: appStopped=true cleanupOnResume=false win.mWindowRemovalAllowed=false win.mRemoveOnExit=false win.mViewVisibility=8 caller=com.android.server.wm.ActivityRecord.destroySurfaces:25 com.android.server.wm.ActivityRecord.activityStopped:192 com.android.server.wm.ActivityClientController.activityStopped:97 android.app.IActivityClientController$Stub.onTransact:740 com.android.server.wm.ActivityClientController.onTransact:1 android.os.Binder.execTransactInternal:1462 android.os.Binder.execTransact:1401 
05-25 21:37:21.009  3400  3529 E ActivityThread: Failed to find provider info for com.zhiliaoapp.musically.apm
05-25 21:37:21.017  3400  3529 E ActivityThread: Failed to find provider info for com.zhiliaoapp.musically.apm
05-25 21:37:21.021  3400  3529 E ActivityThread: Failed to find provider info for com.zhiliaoapp.musically.apm
05-25 21:37:21.460  3400  3400 E ActivityThread: Failed to find provider info for com.zhiliaoapp.musically.apm
05-25 21:37:22.220 10114 12542 E WindowManager: win=Window{e416267 u0 com.sec.android.app.launcher/com.sec.android.app.launcher.activities.LauncherActivity} destroySurfaces: appStopped=true cleanupOnResume=false win.mWindowRemovalAllowed=false win.mRemoveOnExit=false win.mViewVisibility=8 caller=com.android.server.wm.ActivityRecord.destroySurfaces:25 com.android.server.wm.ActivityRecord.activityStopped:192 com.android.server.wm.ActivityClientController.activityStopped:97 android.app.IActivityClientController$Stub.onTransact:740 com.android.server.wm.ActivityClientController.onTransact:1 android.os.Binder.execTransactInternal:1462 android.os.Binder.execTransact:1401 
05-25 21:37:24.158  3400  3426 E ActivityThread: Failed to find provider info for com.xiaomi.discover.external
05-25 21:37:25.892 10114 10724 E AppOps  : Bad call made by uid 1000. Package "com.linkedin.android" does not belong to uid 1000.
05-25 21:37:29.598   610 16973 E keystore2: system/security/keystore2/src/error.rs:185 - Rc(r#KEY_NOT_FOUND), "system/security/keystore2/src/service.rs:178: In get_key_entry, while trying to load key info. 10315, Some(\"swmaze\")"
05-25 21:37:40.498 10114 10202 E Watchdog: !@Sync: 2020 heap(MB): 140 / 159 native(MB): 86 FD: 1198 WaitTime: 0 ms GCcnt: 0 FullGC: 0 [2026-05-25 21:37:40.360]
05-25 21:37:49.601 10114 12523 E WindowManager: win=Window{8102f1b u0 com.zhiliaoapp.musically/com.ss.android.ugc.aweme.splash.SplashActivity} destroySurfaces: appStopped=true cleanupOnResume=false win.mWindowRemovalAllowed=false win.mRemoveOnExit=false win.mViewVisibility=8 caller=com.android.server.wm.ActivityRecord.destroySurfaces:25 com.android.server.wm.ActivityRecord.activityStopped:192 com.android.server.wm.ActivityClientController.activityStopped:97 android.app.IActivityClientController$Stub.onTransact:740 com.android.server.wm.ActivityClientController.onTransact:1 android.os.Binder.execTransactInternal:1462 android.os.Binder.execTransact:1401 
05-25 21:38:09.478 10114 12850 E WindowManager: win=Window{14841c7 u0 com.sec.android.app.launcher/com.samsung.app.honeyspace.edge.edgepanel.app.CocktailBarService} destroySurfaces: appStopped=true cleanupOnResume=false win.mWindowRemovalAllowed=false win.mRemoveOnExit=false win.mViewVisibility=8 caller=com.android.server.wm.WindowManagerService.tryStartExitingAnimation:134 com.android.server.wm.WindowManagerService.relayoutWindow:1160 com.android.server.wm.Session.relayout:27 android.view.IWindowSession$Stub.onTransact:829 com.android.server.wm.Session.onTransact:1 android.os.Binder.execTransactInternal:1457 android.os.Binder.execTransact:1401 
05-25 21:38:10.509 10114 10202 E Watchdog: !@Sync: 2021 heap(MB): 141 / 158 FD: 1207 [2026-05-25 21:38:10.509]
05-25 21:38:10.957   610 16973 E keystore2: system/security/keystore2/src/error.rs:185 - Rc(r#KEY_NOT_FOUND), "system/security/keystore2/src/service.rs:178: In get_key_entry, while trying to load key info. 10505, Some(\"icg-ad1eee10-730e-4122-9d74-5083662cd4ae\")"
05-25 21:38:11.157 10114 12384 E AppOps  : Bad call made by uid 1000. Package "com.google.android.googlequicksearchbox" does not belong to uid 1000.
05-25 21:38:11.961 10114 10838 E WindowManager: win=Window{d666910 u0 NotificationShade} destroySurfaces: appStopped=true cleanupOnResume=false win.mWindowRemovalAllowed=false win.mRemoveOnExit=false win.mViewVisibility=4 caller=com.android.server.wm.WindowManagerService.tryStartExitingAnimation:134 com.android.server.wm.WindowManagerService.relayoutWindow:1160 com.android.server.wm.Session.relayout:27 android.view.IWindowSession$Stub.onTransact:829 com.android.server.wm.Session.onTransact:1 android.os.Binder.execTransactInternal:1462 android.os.Binder.execTransact:1401 
05-25 21:38:12.561  3400  3400 E ActivityThread: Failed to find provider info for com.zhiliaoapp.musically.apm
05-25 21:38:12.760 10114 10192 E WindowManager: win=Window{8102f1b u0 com.zhiliaoapp.musically/com.ss.android.ugc.aweme.splash.SplashActivity} destroySurfaces: appStopped=true cleanupOnResume=false win.mWindowRemovalAllowed=false win.mRemoveOnExit=false win.mViewVisibility=8 caller=com.android.server.wm.ActivityRecord.destroySurfaces:25 com.android.server.wm.ActivityRecord.activityStopped:192 com.android.server.wm.ActivityClientController.activityStopped:97 android.app.IActivityClientController$Stub.onTransact:740 com.android.server.wm.ActivityClientController.onTransact:1 android.os.Binder.execTransactInternal:1462 android.os.Binder.execTransact:1401 
05-25 21:38:16.985 11577  5552 E LoadedApk: Exception : java.lang.NullPointerException: Attempt to invoke virtual method 'boolean android.os.Looper.isPerfLogEnable()' on a null object reference
05-25 21:38:16.988  7917  5117 E LoadedApk: Exception : java.lang.NullPointerException: Attempt to invoke virtual method 'boolean android.os.Looper.isPerfLogEnable()' on a null object reference
05-25 21:38:16.990 11577  5552 E LoadedApk: Exception : java.lang.NullPointerException: Attempt to invoke virtual method 'boolean android.os.Looper.isPerfLogEnable()' on a null object reference
05-25 21:38:28.554 10114 12384 E WindowManager: Unknown window type: 1002
05-25 21:38:29.495  7917  5117 E LoadedApk: Exception : java.lang.NullPointerException: Attempt to invoke virtual method 'boolean android.os.Looper.isPerfLogEnable()' on a null object reference
05-25 21:38:29.501  7917  5117 E LoadedApk: Exception : java.lang.NullPointerException: Attempt to invoke virtual method 'boolean android.os.Looper.isPerfLogEnable()' on a null object reference
05-25 21:38:40.515 10114 10202 E Watchdog: !@Sync: 2022 heap(MB): 150 / 160 FD: 1203 [2026-05-25 21:38:40.515]
05-25 21:38:43.749 10114 12384 E TransitionChain: Can't collect into a chain with no transition
--------- beginning of main
05-25 21:38:43.849 12763 22553 E AccessibilityService: bindInput must be paired with unbindInput.
05-25 21:38:43.879  1237  1237 E SurfaceFlinger: alpha changed 1.000 -> 0.000 - Surface(name=68383d2 InputMethod)/@0xbfd7ba0 - animation-leash of insets_animation#121821
05-25 21:38:43.957 10114 12384 E WindowManager: win=Window{36b8ad7 u0 com.upwork.android.apps.main/com.upwork.android.apps.main.activity.MainActivity} destroySurfaces: appStopped=true cleanupOnResume=false win.mWindowRemovalAllowed=false win.mRemoveOnExit=false win.mViewVisibility=4 caller=com.android.server.wm.ActivityRecord.destroySurfaces:25 com.android.server.wm.ActivityRecord.activityStopped:192 com.android.server.wm.ActivityClientController.activityStopped:97 android.app.IActivityClientController$Stub.onTransact:740 com.android.server.wm.ActivityClientController.onTransact:1 android.os.Binder.execTransactInternal:1462 android.os.Binder.execTransact:1401 
05-25 21:38:43.965 13696  6277 E AtomicFile: Failed to rename /data/user_de/0/com.samsung.android.honeyboard/files/selected.json.new to /data/user_de/0/com.samsung.android.honeyboard/files/selected.json
05-25 21:38:43.976 13696  6281 E AtomicFile: Failed to rename /data/user_de/0/com.samsung.android.honeyboard/files/selected.json.new to /data/user_de/0/com.samsung.android.honeyboard/files/selected.json
05-25 21:38:43.983 13696  6278 E AtomicFile: Failed to rename /data/user_de/0/com.samsung.android.honeyboard/files/selected.json.new to /data/user_de/0/com.samsung.android.honeyboard/files/selected.json
05-25 21:38:44.151  1216  1239 E HeatmapThread: ECT Thread time in milliseconds: 1779763124
05-25 21:38:44.153  1216  1239 E HeatmapThread: !@ CAM New BSOH: 98
05-25 21:38:44.422  3072  3072 E pageboostd: Received HALT command code 2
05-25 21:38:44.553  1237  1237 E SurfaceFlinger: alpha changed 1.000 -> 0.000 - Surface(name=Task=141)/@0x4a0649a_transition-leash#121826
05-25 21:38:44.553  1237  1237 E SurfaceFlinger: alpha changed 0.000 -> 0.000 - Surface(name=Task=141)/@0x4a0649a_transition-leash#121826
05-25 21:38:44.570  1237  1237 E SurfaceFlinger: alpha changed 0.000 -> 1.000 - Surface(name=Task=141)/@0x4a0649a_transition-leash#121826
05-25 21:38:44.632  3400  3400 E ActivityThread: Failed to find provider info for com.zhiliaoapp.musically.apm
05-25 21:38:44.807  1237  1799 E NativeCustomFrequencyManager: [NativeCFMS] BpCustomFrequencyManager::acquire()
05-25 21:38:44.969  6300  6319 E ashmem  : Pinning is deprecated since Android Q. Please use trim or other methods.
05-25 21:38:45.151  1216  1239 E HeatmapThread: ECT Thread time in milliseconds: 1779763125
05-25 21:38:45.152  1216  1239 E HeatmapThread: !@ CAM New BSOH: 98
05-25 21:38:45.292 10114 10191 E WindowManager: win=Window{73f9c8e u0 com.sec.android.app.launcher/com.android.quickstep.RecentsActivity} destroySurfaces: appStopped=true cleanupOnResume=false win.mWindowRemovalAllowed=false win.mRemoveOnExit=false win.mViewVisibility=8 caller=com.android.server.wm.ActivityRecord.destroySurfaces:25 com.android.server.wm.ActivityRecord.activityStopped:192 com.android.server.wm.ActivityClientController.activityStopped:97 android.app.IActivityClientController$Stub.onTransact:740 com.android.server.wm.ActivityClientController.onTransact:1 android.os.Binder.execTransactInternal:1462 android.os.Binder.execTransact:1401 
05-25 21:38:45.391  6323  6323 E SlowAppComponent: 0ms: FacebookApplication instantiating…
05-25 21:38:45.396  6323  6323 E SlowAppComponent: 18ms: FirebaseInitCustomProvider instantiating…
05-25 21:38:45.396  6323  6323 E SlowAppComponent: 20ms: SecureMessagingKeyContentProvider instantiating…
05-25 21:38:45.396  6323  6323 E SlowAppComponent: 20ms: LastUsedTimestampProvider instantiating…
05-25 21:38:45.396  6323  6323 E SlowAppComponent: 20ms: FirstPartyUserValuesLiteProvider instantiating…
