05-25 21:40:45.092  9965 14219 E engmode_world: Unknown token(00/00/00)
05-25 21:40:45.093   612   612 E engmode_hidl_service: error to server(0xd0060012)
05-25 21:40:45.105 11925 11925 E IUHostManager: messages is allowed for device(##:##:##:##:67:2D)
05-25 21:40:45.122 10871 11407 E ScanManager: [GSIM LOG]: gsimLogHandler, msg: MESSAGE_SCAN_STOP, appName: com.samsung.android.mcfds, scannerId: 5, reportDelayMillis=0
05-25 21:40:45.126 10594 10594 E NowBarCardStackView: getTopCard topCard is null view size = 0
05-25 21:40:45.127 10594 10594 E NowBarCardStackView: getTopCard topCard is null view size = 0
05-25 21:40:45.127 10594 10594 E NowBarCardStackView: getTopCard topCard is null view size = 0
05-25 21:40:45.127 10594 10594 E NowBarCardStackView: getTopCard topCard is null view size = 0
05-25 21:40:45.127 10594 10594 E NowBarCardViewModel: updateExpandedClickPanelVisibility screen on = false expanded false isTopCardSettingViewOpened = false
05-25 21:40:45.130 10594 10594 E NowBarCardStackView: getTopCard topCard is null view size = 0
05-25 21:40:45.130 10594 10594 E NowBarCardViewModel: updateExpandedClickPanelVisibility screen on = false expanded false isTopCardSettingViewOpened = false
05-25 21:40:45.131 10594 10594 E NowBarCardStackView: getTopCard topCard is null view size = 0
05-25 21:40:45.132 10594 10594 E NowBarCardViewModel: updateExpandedClickPanelVisibility screen on = false expanded false isTopCardSettingViewOpened = false
05-25 21:40:45.132 10594 10594 E NowBarCardStackView: getTopCard topCard is null view size = 0
05-25 21:40:45.133 10594 10594 E NowBarCardStackView: getTopCard topCard is null view size = 0
05-25 21:40:45.134 10594 10594 E NowBarCardStackView: getTopCard topCard is null view size = 0
05-25 21:40:45.154  1216  1239 E HeatmapThread: ECT Thread time in milliseconds: 1779763245
05-25 21:40:45.156  1216  1239 E HeatmapThread: !@ CAM New BSOH: 98
05-25 21:40:45.161 10871 11407 E ScanManager: [GSIM LOG]: gsimLogHandler, msg: MESSAGE_SCAN_STOP, appName: com.samsung.android.mcfds, scannerId: 3, reportDelayMillis=0
05-25 21:40:45.166 10594 10594 E ConstraintHelper: Views added to a ConstraintHelper need to have a parent
05-25 21:40:45.166 10871 11407 E ScanManager: [GSIM LOG]: gsimLogHandler, msg: MESSAGE_SCAN_STOP, appName: com.samsung.android.mcfds, scannerId: 1, reportDelayMillis=0
05-25 21:40:45.195 10871 11406 E BtGatt.AdvertiseManager: [GSIM LOG]: gsimLogHandler, msg: MESSAGE_ADV_SET_STOP, appName: com.samsung.android.mcfds, id: 0, isLegacy: true
05-25 21:40:45.216 10871 11407 E ScanManager: [GSIM LOG]: gsimLogHandler, msg: MESSAGE_SCAN_STOP, appName: com.samsung.android.mdx.kit, scannerId: 4, reportDelayMillis=0
05-25 21:40:45.284  1237  1237 E SurfaceFlinger: alpha changed 1.000 -> 0.000 - Surface(name=68383d2 InputMethod)/@0xbfd7ba0 - animation-leash of insets_animation#121937
05-25 21:40:45.298 10871 11406 E BtGatt.AdvertiseManager: [GSIM LOG]: gsimLogHandler, msg: MESSAGE_ADV_SET_START, appName: com.samsung.android.mcfds, id: 0, isLegacy: true
05-25 21:40:45.332 10594 11304 E SystemUIImageView: set Image Drawable!!
05-25 21:40:45.333 10594 11304 E SystemUIImageView: set Background Drawable!!
05-25 21:40:45.338 10594 11304 E SystemUIImageView: set Image Drawable!!
05-25 21:40:45.338 10594 11304 E SystemUIImageView: set Background Drawable!!
05-25 21:40:45.368 10871 11407 E ScanManager: [GSIM LOG]: gsimLogHandler, msg: MESSAGE_SCAN_START, appName: com.samsung.android.mdx.kit, scannerId: 1, reportDelayMillis=0
05-25 21:40:45.400 12763 22553 E AccessibilityService: bindInput must be paired with unbindInput.
05-25 21:40:45.422 10594 10594 E SystemUITextView: set Background Drawable!!
05-25 21:40:45.426 10594 10594 E SystemUIImageView: set Background Drawable!!
05-25 21:40:45.535  1150  1974 E android.hardware.usb@1.3-service.coral: fopen failed
05-25 21:40:45.535  1150  1974 E android.hardware.usb@1.3-service.coral: Failed to open moisture_detection_enabled
05-25 21:40:45.538  1150  1974 E android.hardware.usb@1.3-service.coral: fopen failed
05-25 21:40:45.538  1150  1974 E android.hardware.usb@1.3-service.coral: Failed to open moisture_detection_enabled
05-25 21:40:45.540  1150  1974 E android.hardware.usb@1.3-service.coral: fopen failed
05-25 21:40:45.540  1150  1974 E android.hardware.usb@1.3-service.coral: Failed to open moisture_detection_enabled
05-25 21:40:45.628  1150  1974 E android.hardware.usb@1.3-service.coral: fopen failed
05-25 21:40:45.628  1150  1974 E android.hardware.usb@1.3-service.coral: Failed to open moisture_detection_enabled
05-25 21:40:45.631  1150  1974 E android.hardware.usb@1.3-service.coral: fopen failed
05-25 21:40:45.631  1150  1974 E android.hardware.usb@1.3-service.coral: Failed to open moisture_detection_enabled
05-25 21:40:45.750  1172  1232 E BatteryDump: !@new_battery_dump : 3566,-1344,1666,1800,12,371,368,499,0,0,408,499,0,Charging,CHECK_VBAT,Normal,Good,PDIC_APDO,0,Normal,0,0,9420,0x40060004,0x10000,0x0,0,0000,0000,00000000,0,0,0,0,812,3698,1250,990,0,
05-25 21:40:45.753  1172  1232 E BatteryDump: !@new_battery_dump : 3566,-1344,1666,1800,12,371,368,499,0,0,408,499,0,Charging,CHECK_VBAT,Normal,Good,PDIC_APDO,0,Normal,0,0,9420,0x40060004,0x10000,0x0,0,0000,0000,00000000,0,0,0,0,812,3698,1250,990,0,
05-25 21:40:45.837 10594 10594 E ThemeUtils: View class com.airbnb.lottie.LottieAnimationView is an AppCompat widget that can only be used with a Theme.AppCompat theme (or descendant).
05-25 21:40:45.844   609  1959 E android.system.suspend-service: Autosuspend already started.
05-25 21:40:45.951  2902  3043 E msys    : E[N mns:DGWClient]_LogError(289)=>Failed to resolve using system DNS resolver, getaddrinfo(): No address associated with hostname
05-25 21:40:46.065 11925  9080 E Notification4P_GO: CommonUtil.isDesktopMode manager is null
05-25 21:40:46.121  1172  1232 E BatteryDump: !@new_battery_dump : 3566,-1344,1666,2200,12,371,368,499,0,0,409,499,0,Charging,PRESET_DC,Normal,Good,PDIC_APDO,0,Normal,0,0,9420,0x40060004,0x10000,0x0,0,0000,0000,00000000,0,0,0,0,812,3698,1250,990,0,
05-25 21:40:46.151  1216  1239 E HeatmapThread: ECT Thread time in milliseconds: 1779763246
05-25 21:40:46.161  1216  1239 E HeatmapThread: !@ CAM New BSOH: 98
05-25 21:40:46.204  9349  9380 E ashmem  : Pinning is deprecated since Android Q. Please use trim or other methods.
05-25 21:40:46.222 10594 10594 E NowBarCardStackView: getTopCard topCard is null view size = 0
05-25 21:40:46.223 10594 10594 E NowBarCardViewModel: updateExpandedClickPanelVisibility screen on = false expanded false isTopCardSettingViewOpened = false
05-25 21:40:46.223 10594 10594 E NowBarCardStackView: getTopCard topCard is null view size = 0
05-25 21:40:46.226 10594 10594 E NowBarCardStackView: getTopCard topCard is null view size = 0
05-25 21:40:46.227 10594 10594 E NowBarCardStackView: getTopCard topCard is null view size = 0
05-25 21:40:46.227 10594 10594 E NowBarCardStackView: getTopCard topCard is null view size = 0
05-25 21:40:46.293  2902  3043 E msys    : E[N mns:DGWClient]_LogError(289)=>Failed to resolve using system DNS resolver, getaddrinfo(): No address associated with hostname
05-25 21:40:46.318 10594 10594 E NowbarCardSettingView: applySettingCardContent failed appIcon applySettingCardContent
05-25 21:40:46.325 10594 10594 E NowbarCardSettingView: applySettingCardContent failed appIcon applySettingCardContent
05-25 21:40:46.350 10594 10594 E NowBarCardViewModel: updateExpandedClickPanelVisibility screen on = false expanded false isTopCardSettingViewOpened = false
05-25 21:40:46.400 10594 10594 E AOD_CONFIG@AODConfigurationController: Skipping unregisterMonitor MONITOR_SEMCONTEXT - no registered monitor
05-25 21:40:46.400 10594 10594 E AOD_CONFIG@AODConfigurationController: Skipping unregisterMonitor MONITOR_BROADCAST_PSM - no registered monitor
05-25 21:40:46.400 10594 10594 E AOD_CONFIG@AODConfigurationController: Skipping unregisterMonitor MONITOR_BROADCAST_WALLPAPER - no registered monitor
05-25 21:40:46.400 10594 10594 E AOD_CONFIG@AODConfigurationController: Skipping unregisterMonitor MONITOR_BROADCAST_ROAMING - no registered monitor
05-25 21:40:46.400 10594 10594 E AOD_CONFIG@AODConfigurationController: Skipping unregisterMonitor MONITOR_WEATHER_INFO_ENABLED - no registered monitor
05-25 21:40:46.400 10594 10594 E AOD_CONFIG@AODConfigurationController: Skipping unregisterMonitor MONITOR_BROADCAST_OMC - no registered monitor
05-25 21:40:46.405 10594 10594 E AODUiController: removeBottomUI: container is null
05-25 21:40:46.423 10594 10594 E AODBottomUIContainer: initChargingInfoPosition: mChargingInfoPositionController is null
05-25 21:40:46.749   609  1959 E android.system.suspend-service: Autosuspend already started.
05-25 21:40:46.824 10871 11406 E BtGatt.AdvertiseManager: [GSIM LOG]: gsimLogHandler, msg: MESSAGE_ADV_SET_STOP, appName: com.google.android.gms, id: 1, isLegacy: true
05-25 21:40:47.003  9408  9408 E AODSettingsHelper: HashMap CollisionException!! Please don't add same setting uri!!! NewKey:remove_animations, OriKey:remove_animations
05-25 21:40:47.119  9408  9408 E DBManager: query: mDBAdapter is null. please init first.
05-25 21:40:47.119  9408  9408 E DBManager: query: mDBAdapter is null. please init first.
05-25 21:40:47.120  9408  9408 E DBManager: query: mDBAdapter is null. please init first.
05-25 21:40:47.120  9408  9408 E DBManager: query: mDBAdapter is null. please init first.
05-25 21:40:47.120  9408  9408 E DBManager: query: mDBAdapter is null. please init first.
05-25 21:40:47.120  9408  9408 E DBManager: query: mDBAdapter is null. please init first.
05-25 21:40:47.120  9408  9408 E DBManager: query: mDBAdapter is null. please init first.
05-25 21:40:47.120  9408  9408 E DBManager: query: mDBAdapter is null. please init first.
05-25 21:40:47.120  9408  9408 E DBManager: query: mDBAdapter is null. please init first.
05-25 21:40:47.120  9408  9408 E DBManager: query: mDBAdapter is null. please init first.
05-25 21:40:47.120  9408  9408 E DBManager: query: mDBAdapter is null. please init first.
05-25 21:40:47.120  9408  9408 E DBManager: query: mDBAdapter is null. please init first.
05-25 21:40:47.120  9408  9408 E DBManager: query: mDBAdapter is null. please init first.
05-25 21:40:47.120  9408  9408 E DBManager: query: mDBAdapter is null. please init first.
05-25 21:40:47.120  9408  9408 E DBManager: query: mDBAdapter is null. please init first.
05-25 21:40:47.120  9408  9408 E DBManager: query: mDBAdapter is null. please init first.
05-25 21:40:47.121  9408  9408 E DBManager: query: mDBAdapter is null. please init first.
05-25 21:40:47.126  9408  9408 E getBitmap : FileNotFoundException: /data/user/0/com.samsung.android.app.aodservice/files/sub_home_wallpaper_bitmap: open failed: ENOENT (No such file or directory)
05-25 21:40:47.126  9408  9408 E getBitmap : FileNotFoundException: /data/user/0/com.samsung.android.app.aodservice/files/sub_home_theme_wallpaper_bitmap: open failed: ENOENT (No such file or directory)
05-25 21:40:47.126  9408  9408 E DBManager: query: mDBAdapter is null. please init first.
05-25 21:40:47.126  9408  9408 E DBManager: query: mDBAdapter is null. please init first.
05-25 21:40:47.126  9408  9408 E DBManager: query: mDBAdapter is null. please init first.
05-25 21:40:47.126  9408  9408 E DBManager: query: mDBAdapter is null. please init first.
05-25 21:40:47.126  9408  9408 E DBManager: query: mDBAdapter is null. please init first.
05-25 21:40:47.151  1216  1239 E HeatmapThread: ECT Thread time in milliseconds: 1779763247
05-25 21:40:47.154  1216  1239 E HeatmapThread: !@ CAM New BSOH: 98
05-25 21:40:47.273  9382  9423 E ashmem  : Pinning is deprecated since Android Q. Please use trim or other methods.
05-25 21:40:47.381  9408  9408 E ashmem  : Pinning is deprecated since Android Q. Please use trim or other methods.
05-25 21:40:47.389 10114 10411 E NsdService: id 707 for 30 has no client mapping
05-25 21:40:47.405  9408  9408 E AbsSettings: refreshInner: refreshedSettingsDBItem key SELECTED_PALETTE_INDEX val = 0
05-25 21:40:47.407  9408  9408 E AbsSettings: refreshInner: refreshedSettingsDBItem key lock_theme_clock_package val = 
05-25 21:40:47.407  9408  9408 E AbsSettings: refreshInner: refreshedSettingsDBItem key lock_theme_clock_trial_package val = null
05-25 21:40:47.407  9408  9408 E AbsSettings: refreshInner: refreshedSettingsDBItem key lock_theme_clock_restore_pending_package val = 
05-25 21:40:47.414  9408  9408 E AbsSettings: refreshInner: refreshedSettingsDBItem key CLOCK_VERSION val = 17
05-25 21:40:47.414  9408  9408 E AbsSettings: refreshInner: refreshedSettingsDBItem key PALETTE_VERSION val = 400000
05-25 21:40:47.415  9408  9408 E AbsSettings: refreshInner: refreshedSettingsDBItem key lock_clock_scale_rate val = 1.0
05-25 21:40:47.415  9408  9408 E AbsSettings: refreshInner: refreshedSettingsDBItem key lock_clock_font_type val = 0
05-25 21:40:47.416  9408  9408 E AbsSettings: refreshInner: refreshedSettingsDBItem key lock_clock_font_path val = 
05-25 21:40:47.417  9408  9408 E AbsSettings: refreshInner: refreshedSettingsDBItem key lock_clock_font_weight val = 700
05-25 21:40:47.419  9408  9408 E AbsSettings: refreshInner: refreshedSettingsDBItem key lock_clock_font_variation_settings val = 'wght' 700, 'RNDN' 20
05-25 21:40:47.419  9408  9408 E AbsSettings: refreshInner: refreshedSettingsDBItem key lock_clock_visibility val = 0
05-25 21:40:47.419  9408  9408 E AbsSettings: refreshInner: refreshedSettingsDBItem key profile_id val = 0
05-25 21:40:47.425  9408  9408 E AbsSettings: refreshInner: refreshedSettingsDBItem key clock_gravity val = 0
05-25 21:40:47.425  9408  9408 E AbsSettings: refreshInner: refreshedSettingsDBItem key clock_bottom_margin_ratio val = 0.0
05-25 21:40:47.425  9408  9408 E AbsSettings: refreshInner: refreshedSettingsDBItem key clock_horizontal_margin_ratio val = 0.0
05-25 21:40:47.426  9408  9408 E AbsSettings: refreshInner: refreshedSettingsDBItem key clock_position_based_on_movable_area val = 1
05-25 21:40:47.426  9408  9408 E AbsSettings: refreshInner: refreshedSettingsDBItem key clock_movable_area_ratio_rect val = {"bottom":1421,"left":73,"right":1007,"top":251}
05-25 21:40:47.426  9408  9408 E AbsSettings: refreshInner: refreshedSettingsDBItem key clock_show_weather_info val = 0
05-25 21:40:47.426  9408  9408 E AbsSettings: refreshInner: refreshedSettingsDBItem key lock_clock_show_date_info_first val = 0
05-25 21:40:47.426  9408  9408 E AbsSettings: refreshInner: refreshedSettingsDBItem key lock_world_clock_city_list val = 
05-25 21:40:47.427  9408  9408 E AbsSettings: refreshInner: refreshedSettingsDBItem key lock_clock_color_data val = {"adaptiveColor":-12534017,"fontColorType":0,"isAdaptiveColor":false,"isThemeWallpaper":false,"shadowStyle":{"shadowColor":0,"shadowDx":0.0,"shadowDy":0.0,"shadowRadius":0.0}}
05-25 21:40:47.427  9408  9408 E AbsSettings: refreshInner: refreshedSettingsDBItem key lock_shortcut_color_data val = {"fontColorType":0}
05-25 21:40:47.427  9408  9408 E AbsSettings: refreshInner: refreshedSettingsDBItem key lock_widget_color_data val = {"backgroundColor":-10667694}
05-25 21:40:47.428  9408  9408 E AbsSettings: refreshInner: refreshedSettingsDBItem key SELECTED_CLOCK_TYPE val = 1
05-25 21:40:47.467  9408  9408 E AbsSettings: refreshInner: refreshedSettingsDBItem key CLOCK_VERSION val = 300000
05-25 21:40:47.468  9408  9408 E AbsSettings: refreshInner: refreshedSettingsDBItem key PALETTE_VERSION val = 90000
05-25 21:40:48.151  1216  1239 E HeatmapThread: ECT Thread time in milliseconds: 1779763248
05-25 21:40:48.153  1216  1239 E HeatmapThread: !@ CAM New BSOH: 98
05-25 21:40:48.315  9425  9474 E ashmem  : Pinning is deprecated since Android Q. Please use trim or other methods.
05-25 21:40:48.446 11925  9325 E GM/SyncMsg: dbReSync : not sync status ignore Re-Sync
05-25 21:40:48.476  9425  9479 E newrelic: setEntity_guid: invalid entity guid value!
05-25 21:40:48.630  9425  9479 E newrelic: setEntity_guid: invalid entity guid value!
05-25 21:40:48.957  9425  9526 E GoogleApiManager: Failed to get service from broker. 
05-25 21:40:48.957  9425  9526 E GoogleApiManager: java.lang.SecurityException: Unknown calling package name 'com.google.android.gms'.
05-25 21:40:48.957  9425  9526 E GoogleApiManager: 	at android.os.Parcel.createExceptionOrNull(Parcel.java:3354)
05-25 21:40:48.957  9425  9526 E GoogleApiManager: 	at android.os.Parcel.createException(Parcel.java:3338)
05-25 21:40:48.957  9425  9526 E GoogleApiManager: 	at android.os.Parcel.readException(Parcel.java:3321)
05-25 21:40:48.957  9425  9526 E GoogleApiManager: 	at android.os.Parcel.readException(Parcel.java:3263)
05-25 21:40:48.957  9425  9526 E GoogleApiManager: 	at bjpr.a(:com.google.android.gms@261833035@26.18.33 (260400-913931251):36)
05-25 21:40:48.957  9425  9526 E GoogleApiManager: 	at bjnn.z(:com.google.android.gms@261833035@26.18.33 (260400-913931251):143)
05-25 21:40:48.957  9425  9526 E GoogleApiManager: 	at bitj.run(:com.google.android.gms@261833035@26.18.33 (260400-913931251):42)
05-25 21:40:48.957  9425  9526 E GoogleApiManager: 	at android.os.Handler.handleCallback(Handler.java:995)
05-25 21:40:48.957  9425  9526 E GoogleApiManager: 	at android.os.Handler.dispatchMessage(Handler.java:103)
05-25 21:40:48.957  9425  9526 E GoogleApiManager: 	at dasm.mG(:com.google.android.gms@261833035@26.18.33 (260400-913931251):1)
05-25 21:40:48.957  9425  9526 E GoogleApiManager: 	at dasm.dispatchMessage(:com.google.android.gms@261833035@26.18.33 (260400-913931251):5)
05-25 21:40:48.957  9425  9526 E GoogleApiManager: 	at android.os.Looper.loopOnce(Looper.java:273)
05-25 21:40:48.957  9425  9526 E GoogleApiManager: 	at android.os.Looper.loop(Looper.java:363)
05-25 21:40:48.957  9425  9526 E GoogleApiManager: 	at android.os.HandlerThread.run(HandlerThread.java:85)
05-25 21:40:48.970  9425  9526 E GoogleApiManager: Failed to get service from broker. 
05-25 21:40:48.970  9425  9526 E GoogleApiManager: java.lang.SecurityException: Unknown calling package name 'com.google.android.gms'.
05-25 21:40:48.970  9425  9526 E GoogleApiManager: 	at android.os.Parcel.createExceptionOrNull(Parcel.java:3354)
05-25 21:40:48.970  9425  9526 E GoogleApiManager: 	at android.os.Parcel.createException(Parcel.java:3338)
05-25 21:40:48.970  9425  9526 E GoogleApiManager: 	at android.os.Parcel.readException(Parcel.java:3321)
05-25 21:40:48.970  9425  9526 E GoogleApiManager: 	at android.os.Parcel.readException(Parcel.java:3263)
05-25 21:40:48.970  9425  9526 E GoogleApiManager: 	at bjpr.a(:com.google.android.gms@261833035@26.18.33 (260400-913931251):36)
05-25 21:40:48.970  9425  9526 E GoogleApiManager: 	at bjnn.z(:com.google.android.gms@261833035@26.18.33 (260400-913931251):143)
05-25 21:40:48.970  9425  9526 E GoogleApiManager: 	at bitj.run(:com.google.android.gms@261833035@26.18.33 (260400-913931251):42)
05-25 21:40:48.970  9425  9526 E GoogleApiManager: 	at android.os.Handler.handleCallback(Handler.java:995)
05-25 21:40:48.970  9425  9526 E GoogleApiManager: 	at android.os.Handler.dispatchMessage(Handler.java:103)
05-25 21:40:48.970  9425  9526 E GoogleApiManager: 	at dasm.mG(:com.google.android.gms@261833035@26.18.33 (260400-913931251):1)
05-25 21:40:48.970  9425  9526 E GoogleApiManager: 	at dasm.dispatchMessage(:com.google.android.gms@261833035@26.18.33 (260400-913931251):5)
05-25 21:40:48.970  9425  9526 E GoogleApiManager: 	at android.os.Looper.loopOnce(Looper.java:273)
05-25 21:40:48.970  9425  9526 E GoogleApiManager: 	at android.os.Looper.loop(Looper.java:363)
05-25 21:40:48.970  9425  9526 E GoogleApiManager: 	at android.os.HandlerThread.run(HandlerThread.java:85)
05-25 21:40:49.027  9425  9524 E w.hss.myverizon: No package ID 6a found for resource ID 0x6a0b0013.
05-25 21:40:49.151  1216  1239 E HeatmapThread: ECT Thread time in milliseconds: 1779763249
05-25 21:40:49.153  1216  1239 E HeatmapThread: !@ CAM New BSOH: 98
05-25 21:40:49.265  9425  9503 E newrelic: AEITraceSender: The request to submit the payload [/data/user/0/com.vzw.hss.myverizon/cache/newrelic/applicationExitInfo/aeitrace/threads-26039.dat] was throttled (will try again later) - Response code [429]
05-25 21:40:49.266  9425  9503 E newrelic: AEITraceReporter: upload failed for trace data [/data/user/0/com.vzw.hss.myverizon/cache/newrelic/applicationExitInfo/aeitrace/threads-26039.dat]
05-25 21:40:49.498 10114 10446 E SemSoftApManager: NET_CAPABILITY_VALIDATED112 valid:true nc:[ Transports: CELLULAR Capabilities: SUPL&DUN&INTERNET&NOT_RESTRICTED&TRUSTED&NOT_VPN&VALIDATED&NOT_ROAMING&NOT_CONGESTED&NOT_SUSPENDED&NOT_VCN_MANAGED&NOT_BANDWIDTH_CONSTRAINED LinkUpBandwidth>=6880Kbps LinkDnBandwidth>=23039Kbps Specifier: <TelephonyNetworkSpecifier [mSubId = 1]> AdminUids: [10264, 10268] SubscriptionIds: {1} UnderlyingNetworks: Null]
05-25 21:40:49.981 10594 10594 E NowBarCardStackView: getTopCard topCard is null view size = 1com.samsung.android.app.facewidget.presentation.NowBarExternalViewCardView{cc5f4fd VFE...C.. ........ 0,0-972,428 #7f0a22da app:id/nowbar_item_root_view}
05-25 21:40:49.981 10594 10594 E NowBarCardViewModel: updateExpandedClickPanelVisibility screen on = false expanded false isTopCardSettingViewOpened = false
05-25 21:40:49.984 10594 10594 E NowBarItemManager: refreshBatteryItem data is null
05-25 21:40:50.151  1216  1239 E HeatmapThread: ECT Thread time in milliseconds: 1779763250
05-25 21:40:50.153  1216  1239 E HeatmapThread: !@ CAM New BSOH: 98
05-25 21:40:51.151  1216  1239 E HeatmapThread: ECT Thread time in milliseconds: 1779763251
05-25 21:40:51.153  1216  1239 E HeatmapThread: !@ CAM New BSOH: 98
05-25 21:40:51.779  2902  3043 E msys    : E[N mns:DGWClient]_LogError(289)=>Failed to resolve using system DNS resolver, getaddrinfo(): No address associated with hostname
05-25 21:40:51.789  2902  3043 E msys    : E[N mns:DGWClient]_LogError(289)=>Failed to resolve using system DNS resolver, getaddrinfo(): No address associated with hostname
05-25 21:40:52.152  1216  1239 E HeatmapThread: ECT Thread time in milliseconds: 1779763252
05-25 21:40:52.157  1216  1239 E HeatmapThread: !@ CAM New BSOH: 98
05-25 21:40:52.390  2902  3043 E msys    : E[N mns:DGWClient]_LogError(289)=>Failed to resolve using system DNS resolver, getaddrinfo(): No address associated with hostname
05-25 21:40:53.151  1216  1239 E HeatmapThread: ECT Thread time in milliseconds: 1779763253
05-25 21:40:53.156  1216  1239 E HeatmapThread: !@ CAM New BSOH: 98
05-25 21:40:53.364  2902  3043 E msys    : E[N mns:DGWClient]_LogError(289)=>Failed to resolve using system DNS resolver, getaddrinfo(): No address associated with hostname
05-25 21:40:53.440  2902  3043 E msys    : E[N mns:DGWClient]_LogError(289)=>Failed to resolve using system DNS resolver, getaddrinfo(): No address associated with hostname
05-25 21:40:54.151  1216  1239 E HeatmapThread: ECT Thread time in milliseconds: 1779763254
05-25 21:40:54.157  1216  1239 E HeatmapThread: !@ CAM New BSOH: 98
05-25 21:40:55.152  1216  1239 E HeatmapThread: ECT Thread time in milliseconds: 1779763255
05-25 21:40:55.157  1216  1239 E HeatmapThread: !@ CAM New BSOH: 98
05-25 21:40:55.799  1172  1232 E BatteryDump: !@new_battery_dump : 3774,2016,1100,2200,12,371,358,482,0,0,409,482,0,Charging,CC_MODE,Normal,Good,PDIC_APDO,0,Normal,0,0,9420,0x40040004,0x10000,0x0,0,0000,0000,00000000,0,0,0,0,812,3698,1250,990,0,
05-25 21:40:56.152  1216  1239 E HeatmapThread: ECT Thread time in milliseconds: 1779763256
05-25 21:40:56.155  1216  1239 E HeatmapThread: !@ CAM New BSOH: 98
05-25 21:40:56.332   609  1959 E android.system.suspend-service: Autosuspend already started.
05-25 21:40:57.151  1216  1239 E HeatmapThread: ECT Thread time in milliseconds: 1779763257
05-25 21:40:57.157  1216  1239 E HeatmapThread: !@ CAM New BSOH: 98
05-25 21:40:58.152  1216  1239 E HeatmapThread: ECT Thread time in milliseconds: 1779763258
05-25 21:40:58.158  1216  1239 E HeatmapThread: !@ CAM New BSOH: 98
05-25 21:40:58.965  9425  9526 E GoogleApiManager: Failed to get service from broker. 
05-25 21:40:58.965  9425  9526 E GoogleApiManager: java.lang.SecurityException: Unknown calling package name 'com.google.android.gms'.
05-25 21:40:58.965  9425  9526 E GoogleApiManager: 	at android.os.Parcel.createExceptionOrNull(Parcel.java:3354)
05-25 21:40:58.965  9425  9526 E GoogleApiManager: 	at android.os.Parcel.createException(Parcel.java:3338)
05-25 21:40:58.965  9425  9526 E GoogleApiManager: 	at android.os.Parcel.readException(Parcel.java:3321)
05-25 21:40:58.965  9425  9526 E GoogleApiManager: 	at android.os.Parcel.readException(Parcel.java:3263)
05-25 21:40:58.965  9425  9526 E GoogleApiManager: 	at bjpr.a(:com.google.android.gms@261833035@26.18.33 (260400-913931251):36)
05-25 21:40:58.965  9425  9526 E GoogleApiManager: 	at bjnn.z(:com.google.android.gms@261833035@26.18.33 (260400-913931251):143)
05-25 21:40:58.965  9425  9526 E GoogleApiManager: 	at bitj.run(:com.google.android.gms@261833035@26.18.33 (260400-913931251):42)
05-25 21:40:58.965  9425  9526 E GoogleApiManager: 	at android.os.Handler.handleCallback(Handler.java:995)
05-25 21:40:58.965  9425  9526 E GoogleApiManager: 	at android.os.Handler.dispatchMessage(Handler.java:103)
05-25 21:40:58.965  9425  9526 E GoogleApiManager: 	at dasm.mG(:com.google.android.gms@261833035@26.18.33 (260400-913931251):1)
05-25 21:40:58.965  9425  9526 E GoogleApiManager: 	at dasm.dispatchMessage(:com.google.android.gms@261833035@26.18.33 (260400-913931251):5)
05-25 21:40:58.965  9425  9526 E GoogleApiManager: 	at android.os.Looper.loopOnce(Looper.java:273)
05-25 21:40:58.965  9425  9526 E GoogleApiManager: 	at android.os.Looper.loop(Looper.java:363)
05-25 21:40:58.965  9425  9526 E GoogleApiManager: 	at android.os.HandlerThread.run(HandlerThread.java:85)
05-25 21:40:59.011  2902  3043 E msys    : E[N mns:DGWClient]_LogError(289)=>Failed to resolve using system DNS resolver, getaddrinfo(): No address associated with hostname
05-25 21:40:59.018  2902  3043 E msys    : E[N mns:DGWClient]_LogError(289)=>Failed to resolve using system DNS resolver, getaddrinfo(): No address associated with hostname
05-25 21:40:59.151  1216  1239 E HeatmapThread: ECT Thread time in milliseconds: 1779763259
05-25 21:40:59.152  1216  1239 E HeatmapThread: !@ CAM New BSOH: 98
05-25 21:41:00.077 10114 11952 E FreecessController: can't read /proc/9656/comm/proc/9656/comm: open failed: ENOENT (No such file or directory)
05-25 21:41:00.152  1216  1239 E HeatmapThread: ECT Thread time in milliseconds: 1779763260
05-25 21:41:00.158  1216  1239 E HeatmapThread: !@ CAM New BSOH: 98
05-25 21:41:00.482   609  1959 E android.system.suspend-service: Autosuspend already started.
05-25 21:41:00.577   609  1959 E android.system.suspend-service: Autosuspend already started.
05-25 21:41:01.152  1216  1239 E HeatmapThread: ECT Thread time in milliseconds: 1779763261
05-25 21:41:01.159  1216  1239 E HeatmapThread: !@ CAM New BSOH: 98
05-25 21:41:02.152  1216  1239 E HeatmapThread: ECT Thread time in milliseconds: 1779763262
05-25 21:41:02.158  1216  1239 E HeatmapThread: !@ CAM New BSOH: 98
05-25 21:41:03.151  1216  1239 E HeatmapThread: ECT Thread time in milliseconds: 1779763263
05-25 21:41:03.157  1216  1239 E HeatmapThread: !@ CAM New BSOH: 98
05-25 21:41:04.151  1216  1239 E HeatmapThread: ECT Thread time in milliseconds: 1779763264
05-25 21:41:04.156  1216  1239 E HeatmapThread: !@ CAM New BSOH: 98
05-25 21:41:05.152  1216  1239 E HeatmapThread: ECT Thread time in milliseconds: 1779763265
05-25 21:41:05.158  1216  1239 E HeatmapThread: !@ CAM New BSOH: 98
05-25 21:41:05.886  1172  1232 E BatteryDump: !@new_battery_dump : 3793,1935,1100,2200,12,370,356,454,0,0,407,454,0,Charging,CC_MODE,Normal,Good,PDIC_APDO,0,Normal,0,0,9408,0x40040000,0x10000,0x0,0,0000,0000,00000000,0,0,0,0,812,3698,1270,990,0,
05-25 21:41:06.010   609 23838 E android.system.suspend-service: Autosuspend already started.
05-25 21:41:06.152  1216  1239 E HeatmapThread: ECT Thread time in milliseconds: 1779763266
05-25 21:41:06.157  1216  1239 E HeatmapThread: !@ CAM New BSOH: 98
05-25 21:41:07.152  1216  1239 E HeatmapThread: ECT Thread time in milliseconds: 1779763267
05-25 21:41:07.158  1216  1239 E HeatmapThread: !@ CAM New BSOH: 98
05-25 21:41:08.151  1216  1239 E HeatmapThread: ECT Thread time in milliseconds: 1779763268
05-25 21:41:08.154  1216  1239 E HeatmapThread: !@ CAM New BSOH: 98
05-25 21:41:09.152  1216  1239 E HeatmapThread: ECT Thread time in milliseconds: 1779763269
05-25 21:41:09.158  1216  1239 E HeatmapThread: !@ CAM New BSOH: 98
05-25 21:41:10.152  1216  1239 E HeatmapThread: ECT Thread time in milliseconds: 1779763270
05-25 21:41:10.157  1216  1239 E HeatmapThread: !@ CAM New BSOH: 98
05-25 21:41:10.584 10114 10202 E Watchdog: !@Sync: 2027 heap(MB): 148 / 153 FD: 1228 [2026-05-25 21:41:10.583]
05-25 21:41:11.151  1216  1239 E HeatmapThread: ECT Thread time in milliseconds: 1779763271
05-25 21:41:11.156  1216  1239 E HeatmapThread: !@ CAM New BSOH: 98
05-25 21:41:11.524   609   617 E android.system.suspend-service: Autosuspend already started.
05-25 21:41:12.152  1216  1239 E HeatmapThread: ECT Thread time in milliseconds: 1779763272
05-25 21:41:12.153  1216  1239 E HeatmapThread: !@ CAM New BSOH: 98
05-25 21:41:13.151  1216  1239 E HeatmapThread: ECT Thread time in milliseconds: 1779763273
05-25 21:41:13.153  1216  1239 E HeatmapThread: !@ CAM New BSOH: 98
05-25 21:41:14.153  1216  1239 E HeatmapThread: ECT Thread time in milliseconds: 1779763274
05-25 21:41:14.159  1216  1239 E HeatmapThread: !@ CAM New BSOH: 98
05-25 21:41:15.152  1216  1239 E HeatmapThread: ECT Thread time in milliseconds: 1779763275
05-25 21:41:15.158  1216  1239 E HeatmapThread: !@ CAM New BSOH: 98
05-25 21:41:15.500  9608  9608 E ashmem  : Pinning is deprecated since Android Q. Please use trim or other methods.
05-25 21:41:15.954  1172  1232 E BatteryDump: !@new_battery_dump : 3794,1936,1100,2200,12,368,354,442,0,0,401,442,0,Charging,CC_MODE,Normal,Good,PDIC_APDO,0,Normal,0,0,9401,0x40040000,0x10000,0x0,0,0000,0000,00000000,0,0,0,0,812,3698,1280,990,0,
05-25 21:41:16.027  1237  1237 E Scheduler: trackPendingFrame: Invalid present fence
05-25 21:41:16.028   609 23838 E android.system.suspend-service: Autosuspend already started.
05-25 21:41:16.033  1237  1237 E Scheduler: trackPendingFrame: Invalid present fence
05-25 21:41:16.151  1216  1239 E HeatmapThread: ECT Thread time in milliseconds: 1779763276
05-25 21:41:16.156  1216  1239 E HeatmapThread: !@ CAM New BSOH: 98
05-25 21:41:17.152  1216  1239 E HeatmapThread: ECT Thread time in milliseconds: 1779763277
05-25 21:41:17.157  1216  1239 E HeatmapThread: !@ CAM New BSOH: 98
05-25 21:41:18.152  1216  1239 E HeatmapThread: ECT Thread time in milliseconds: 1779763278
05-25 21:41:18.157  1216  1239 E HeatmapThread: !@ CAM New BSOH: 98
05-25 21:41:19.152  1216  1239 E HeatmapThread: ECT Thread time in milliseconds: 1779763279
05-25 21:41:19.154  1216  1239 E HeatmapThread: !@ CAM New BSOH: 98
05-25 21:41:20.152  1216  1239 E HeatmapThread: ECT Thread time in milliseconds: 1779763280
05-25 21:41:20.157  1216  1239 E HeatmapThread: !@ CAM New BSOH: 98
05-25 21:41:21.152  1216  1239 E HeatmapThread: ECT Thread time in milliseconds: 1779763281
05-25 21:41:21.158  1216  1239 E HeatmapThread: !@ CAM New BSOH: 98
05-25 21:41:21.547   609   617 E android.system.suspend-service: Autosuspend already started.
05-25 21:41:22.152  1216  1239 E HeatmapThread: ECT Thread time in milliseconds: 1779763282
05-25 21:41:22.158  1216  1239 E HeatmapThread: !@ CAM New BSOH: 98
05-25 21:41:23.151  1216  1239 E HeatmapThread: ECT Thread time in milliseconds: 1779763283
05-25 21:41:23.153  1216  1239 E HeatmapThread: !@ CAM New BSOH: 98
05-25 21:41:24.152  1216  1239 E HeatmapThread: ECT Thread time in milliseconds: 1779763284
05-25 21:41:24.158  1216  1239 E HeatmapThread: !@Entered the read from path function
05-25 21:41:24.163  1216  1239 E HeatmapThread: !@Read Extended_heatmap from efs is: 71719 0 0 0 0 0 0 0 0 0 0 0 0 0 0 0 0 0 1511 0 0 0 0 0 0 0 0 0 0 0 0 0 0 0 0 0 1317 0 0 0 0 0 0 0 0 0 0 0 0 0 0 0 0 0 1557 0 0 0 0 0 0 0 0 0 0 0 0 0 0 0 0 0 1331 0 0 0 0 0 0 0 0 0 0 0 0 0 0 0 0 0 1290 0 0 0 0 0 0 0 0 0 0 0 0 0 0 0 0 0 1423 0 0 0 0 0 0 0 0 0 0 0 0 0 0 0 0 0 1483 0 0 0 0 0 0 0 0 0 0 0 0 0 0 0 0 0 1395 0 0 0 0 0 0 0 0 0 0 0 0 0 0 0 0 0 1838 0 0 0 0 0 0 0 0 0 0 0 0 0 0 0 0 0 1538 0 0 0 0 0 0 0 0 0 0 0 0 0 0 0 0 0 7527 0 0 0 0 0 0 0 0 0 0 0 0 0 0 0 0 0 9764 0 0 0 0 0 0 0 0 0 0 0 0 0 0 0 0 0 19124 0 0 0 0 0 0 0 0 0 0 0 0 0 0 0 0 0 17022 0 0 0 0 0 0 0 0 0 0 0 0 0 0 0 0 0 20325 0 0 0 0 0 0 0 0 0 0 0 0 0 0 0 0 0 21837 0 0 0 0 0 0 0 0 0 0 0 0 0 0 0 0 0 24863 0 0 0 0 0 0 0 0 0 0 0 0 0 0 0 0 0 14389 0 0 0 0 0 0 0 0 0 0 0 0 0 0 0 0 0 15892 0 0 0 0 0 0 0 0 0 0 0 0 0 0 0 0 0 16525 0 0 0 0 0 0 0 0 0 0 0 0 0 0 0 0 0 16350 0 0 0 0 0 0 0 0 0 0 0 0 0 0 0 0 0 1758 0 0 0 0 0 0 0 0 0 0 0 0 0 0 0 0 0 1603 0 0 0 0 0 0 0 0 0 0 0 0 0 0 0 0 0 1191 0 0 0 0 0 0 0 0 0 0 0 0 0 0 0 0 0 8
05-25 21:41:24.164  1216  1239 E HeatmapThread: !@Write Extended Heatmap to efs is: 71719 0 0 0 0 0 0 0 0 0 0 0 0 0 0 0 0 0 1511 0 0 0 0 0 0 0 0 0 0 0 0 0 0 0 0 0 1317 0 0 0 0 0 0 0 0 0 0 0 0 0 0 0 0 0 1557 0 0 0 0 0 0 0 0 0 0 0 0 0 0 0 0 0 1331 0 0 0 0 0 0 0 0 0 0 0 0 0 0 0 0 0 1290 0 0 0 0 0 0 0 0 0 0 0 0 0 0 0 0 0 1423 0 0 0 0 0 0 0 0 0 0 0 0 0 0 0 0 0 1483 0 0 0 0 0 0 0 0 0 0 0 0 0 0 0 0 0 1395 0 0 0 0 0 0 0 0 0 0 0 0 0 0 0 0 0 1838 0 0 0 0 0 0 0 0 0 0 0 0 0 0 0 0 0 1538 0 0 0 0 0 0 0 0 0 0 0 0 0 0 0 0 0 7527 0 0 0 0 0 0 0 0 0 0 0 0 0 0 0 0 0 9764 0 0 0 0 0 0 0 0 0 0 0 0 0 0 0 0 0 19124 0 0 0 0 0 0 0 0 0 0 0 0 0 0 0 0 0 17022 0 0 0 0 0 0 0 0 0 0 0 0 0 0 0 0 0 20325 0 0 0 0 0 0 0 0 0 0 0 0 0 0 0 0 0 21837 0 0 0 0 0 0 0 0 0 0 0 0 0 0 0 0 0 24863 0 0 0 0 0 0 0 0 0 0 0 0 0 0 0 0 0 14389 0 0 0 0 0 0 0 0 0 0 0 0 0 0 0 0 0 15892 0 0 0 0 0 0 0 0 0 0 0 0 0 0 0 0 0 16525 0 0 0 0 0 0 0 0 0 0 0 0 0 0 0 0 0 16351 0 0 0 0 0 0 0 0 0 0 0 0 0 0 0 0 0 1758 0 0 0 0 0 0 0 0 0 0 0 0 0 0 0 0 0 1603 0 0 0 0 0 0 0 0 0 0 0 0 0 0 0 0 0 1191 0 0 0 0 0 0 0 0 0 0 0 0 0 0 0 0 0 89
05-25 21:41:24.165  1216  1239 E HeatmapThread: !@ CAM New BSOH: 98
05-25 21:41:25.151  1216  1239 E HeatmapThread: ECT Thread time in milliseconds: 1779763285
05-25 21:41:25.153  1216  1239 E HeatmapThread: !@ CAM New BSOH: 98
05-25 21:41:26.066  1172  1232 E BatteryDump: !@new_battery_dump : 3804,2035,1100,2200,13,367,352,432,0,0,398,432,0,Charging,CC_MODE,Normal,Good,PDIC_APDO,0,Normal,0,0,9395,0x40040000,0x10000,0x0,0,0000,0000,00000000,0,0,0,0,812,3699,1290,990,0,
05-25 21:41:26.152  1216  1239 E HeatmapThread: ECT Thread time in milliseconds: 1779763286
05-25 21:41:26.157  1216  1239 E HeatmapThread: !@ CAM New BSOH: 98
05-25 21:41:26.185   609   617 E android.system.suspend-service: Autosuspend already started.
05-25 21:41:27.151  1216  1239 E HeatmapThread: ECT Thread time in milliseconds: 1779763287
05-25 21:41:27.158  1216  1239 E HeatmapThread: !@ CAM New BSOH: 98
05-25 21:41:28.151  1216  1239 E HeatmapThread: ECT Thread time in milliseconds: 1779763288
05-25 21:41:28.153  1216  1239 E HeatmapThread: !@ CAM New BSOH: 98
05-25 21:41:29.151  1216  1239 E HeatmapThread: ECT Thread time in milliseconds: 1779763289
05-25 21:41:29.156  1216  1239 E HeatmapThread: !@ CAM New BSOH: 98
05-25 21:41:30.152  1216  1239 E HeatmapThread: ECT Thread time in milliseconds: 1779763290
05-25 21:41:30.158  1216  1239 E HeatmapThread: !@ CAM New BSOH: 98
05-25 21:41:31.151  1216  1239 E HeatmapThread: ECT Thread time in milliseconds: 1779763291
05-25 21:41:31.153  1216  1239 E HeatmapThread: !@ CAM New BSOH: 98
05-25 21:41:31.744   609 23838 E android.system.suspend-service: Autosuspend already started.
05-25 21:41:32.152  1216  1239 E HeatmapThread: ECT Thread time in milliseconds: 1779763292
05-25 21:41:32.158  1216  1239 E HeatmapThread: !@ CAM New BSOH: 98
05-25 21:41:33.151  1216  1239 E HeatmapThread: ECT Thread time in milliseconds: 1779763293
05-25 21:41:33.157  1216  1239 E HeatmapThread: !@ CAM New BSOH: 98
05-25 21:41:34.152  1216  1239 E HeatmapThread: ECT Thread time in milliseconds: 1779763294
05-25 21:41:34.154  1216  1239 E HeatmapThread: !@ CAM New BSOH: 98
05-25 21:41:35.152  1216  1239 E HeatmapThread: ECT Thread time in milliseconds: 1779763295
05-25 21:41:35.158  1216  1239 E HeatmapThread: !@ CAM New BSOH: 98
05-25 21:41:36.152  1216  1239 E HeatmapThread: ECT Thread time in milliseconds: 1779763296
05-25 21:41:36.160  1216  1239 E HeatmapThread: !@ CAM New BSOH: 98
05-25 21:41:36.162  1172  1232 E BatteryDump: !@new_battery_dump : 3805,1942,1100,2200,13,365,351,426,0,0,394,426,0,Charging,CC_MODE,Normal,Good,PDIC_APDO,0,Normal,0,0,9390,0x40040000,0x10000,0x0,0,0000,0000,00000000,0,0,0,0,812,3699,1300,990,0,
05-25 21:41:36.281   609  1959 E android.system.suspend-service: Autosuspend already started.
05-25 21:41:37.152  1216  1239 E HeatmapThread: ECT Thread time in milliseconds: 1779763297
05-25 21:41:37.158  1216  1239 E HeatmapThread: !@ CAM New BSOH: 98
05-25 21:41:38.152  1216  1239 E HeatmapThread: ECT Thread time in milliseconds: 1779763298
05-25 21:41:38.158  1216  1239 E HeatmapThread: !@ CAM New BSOH: 98
05-25 21:41:39.152  1216  1239 E HeatmapThread: ECT Thread time in milliseconds: 1779763299
05-25 21:41:39.158  1216  1239 E HeatmapThread: !@ CAM New BSOH: 98
05-25 21:41:40.152  1216  1239 E HeatmapThread: ECT Thread time in milliseconds: 1779763300
05-25 21:41:40.157  1216  1239 E HeatmapThread: !@ CAM New BSOH: 98
05-25 21:41:40.598 10114 10202 E Watchdog: !@Sync: 2028 heap(MB): 151 / 153 FD: 1228 [2026-05-25 21:41:40.597]
05-25 21:41:41.152  1216  1239 E HeatmapThread: ECT Thread time in milliseconds: 1779763301
05-25 21:41:41.157  1216  1239 E HeatmapThread: !@ CAM New BSOH: 98
05-25 21:41:41.786   609 23838 E android.system.suspend-service: Autosuspend already started.
05-25 21:41:42.151  1216  1239 E HeatmapThread: ECT Thread time in milliseconds: 1779763302
05-25 21:41:42.157  1216  1239 E HeatmapThread: !@ CAM New BSOH: 98
05-25 21:41:43.152  1216  1239 E HeatmapThread: ECT Thread time in milliseconds: 1779763303
05-25 21:41:43.159  1216  1239 E HeatmapThread: !@ CAM New BSOH: 98
05-25 21:41:44.152  1216  1239 E HeatmapThread: ECT Thread time in milliseconds: 1779763304
05-25 21:41:44.158  1216  1239 E HeatmapThread: !@ CAM New BSOH: 98
05-25 21:41:45.113 10114 12850 E NotificationService: isPkgBlocked = false
05-25 21:41:45.113 10114 12850 E NotificationService: isRecordBlocked = true
05-25 21:41:45.113 10114 12850 E NotificationService: Suppressing notification from package com.sec.android.app.shealth by user request.
05-25 21:41:45.151  1216  1239 E HeatmapThread: ECT Thread time in milliseconds: 1779763305
05-25 21:41:45.152  1216  1239 E HeatmapThread: !@ CAM New BSOH: 98
05-25 21:41:45.956 16543 19963 E SHEALTH#DA#Service#BadgeQueryHelper: Failed to delete badge : count : 0, status : 1
05-25 21:41:45.960 16543 19963 E SHEALTH#DA#Service#BadgeQueryHelper: Failed to delete badge : count : 0, status : 1
05-25 21:41:46.151  1216  1239 E HeatmapThread: ECT Thread time in milliseconds: 1779763306
05-25 21:41:46.153  1216  1239 E HeatmapThread: !@ CAM New BSOH: 98
05-25 21:41:46.207  1172  1232 E BatteryDump: !@new_battery_dump : 3799,1783,1100,2200,13,363,350,428,0,0,391,428,0,Charging,CC_MODE,Normal,Good,PDIC_APDO,0,Normal,0,0,9384,0x40040000,0x10000,0x0,0,0000,0000,00000000,0,0,0,0,812,3700,1310,990,0,
05-25 21:41:46.260   609  1959 E android.system.suspend-service: Autosuspend already started.
05-25 21:41:47.152  1216  1239 E HeatmapThread: ECT Thread time in milliseconds: 1779763307
05-25 21:41:47.159  1216  1239 E HeatmapThread: !@ CAM New BSOH: 98
05-25 21:41:48.151  1216  1239 E HeatmapThread: ECT Thread time in milliseconds: 1779763308
05-25 21:41:48.157  1216  1239 E HeatmapThread: !@ CAM New BSOH: 98
05-25 21:41:49.152  1216  1239 E HeatmapThread: ECT Thread time in milliseconds: 1779763309
05-25 21:41:49.158  1216  1239 E HeatmapThread: !@ CAM New BSOH: 98
05-25 21:41:49.634  9425  9503 E newrelic: AEITraceSender: The request to submit the payload [/data/user/0/com.vzw.hss.myverizon/cache/newrelic/applicationExitInfo/aeitrace/threads-26039.dat] was throttled (will try again later) - Response code [429]
05-25 21:41:49.636  9425  9503 E newrelic: AEITraceReporter: upload failed for trace data [/data/user/0/com.vzw.hss.myverizon/cache/newrelic/applicationExitInfo/aeitrace/threads-26039.dat]
05-25 21:41:50.152  1216  1239 E HeatmapThread: ECT Thread time in milliseconds: 1779763310
05-25 21:41:50.157  1216  1239 E HeatmapThread: !@ CAM New BSOH: 98
05-25 21:41:51.151  1216  1239 E HeatmapThread: ECT Thread time in milliseconds: 1779763311
05-25 21:41:51.157  1216  1239 E HeatmapThread: !@ CAM New BSOH: 98
05-25 21:41:51.791   609  3021 E android.system.suspend-service: Autosuspend already started.
05-25 21:41:52.152  1216  1239 E HeatmapThread: ECT Thread time in milliseconds: 1779763312
05-25 21:41:52.157  1216  1239 E HeatmapThread: !@ CAM New BSOH: 98
05-25 21:41:53.152  1216  1239 E HeatmapThread: ECT Thread time in milliseconds: 1779763313
05-25 21:41:53.158  1216  1239 E HeatmapThread: !@ CAM New BSOH: 98
05-25 21:41:54.152  1216  1239 E HeatmapThread: ECT Thread time in milliseconds: 1779763314
05-25 21:41:54.158  1216  1239 E HeatmapThread: !@ CAM New BSOH: 98
05-25 21:41:55.152  1216  1239 E HeatmapThread: ECT Thread time in milliseconds: 1779763315
05-25 21:41:55.158  1216  1239 E HeatmapThread: !@ CAM New BSOH: 98
05-25 21:41:56.152  1216  1239 E HeatmapThread: ECT Thread time in milliseconds: 1779763316
05-25 21:41:56.153  1216  1239 E HeatmapThread: !@ CAM New BSOH: 98
05-25 21:41:56.254  1172  1232 E BatteryDump: !@new_battery_dump : 3811,1932,1100,3400,13,361,348,420,0,0,388,420,0,Charging,CC_MODE,Normal,Good,PDIC_APDO,0,Normal,0,0,9378,0x40040000,0x10000,0x0,0,0000,0000,00000000,0,0,0,0,812,3701,1320,990,0,
05-25 21:41:56.286   609  1959 E android.system.suspend-service: Autosuspend already started.
05-25 21:41:57.153  1216  1239 E HeatmapThread: ECT Thread time in milliseconds: 1779763317
05-25 21:41:57.159  1216  1239 E HeatmapThread: !@ CAM New BSOH: 98
05-25 21:41:58.151  1216  1239 E HeatmapThread: ECT Thread time in milliseconds: 1779763318
05-25 21:41:58.157  1216  1239 E HeatmapThread: !@ CAM New BSOH: 98
05-25 21:41:59.152  1216  1239 E HeatmapThread: ECT Thread time in milliseconds: 1779763319
05-25 21:41:59.155  1216  1239 E HeatmapThread: !@ CAM New BSOH: 98
05-25 21:42:00.151  1216  1239 E HeatmapThread: ECT Thread time in milliseconds: 1779763320
05-25 21:42:00.157  1216  1239 E HeatmapThread: !@ CAM New BSOH: 98
05-25 21:42:00.945 11577  9733 E jyar    : *~*~*~ Previous channel {0} was garbage collected without being shut down! ~*~*~*
05-25 21:42:00.945 11577  9733 E jyar    :     Make sure to call shutdown()/shutdownNow()
05-25 21:42:00.945 11577  9733 E jyar    : java.lang.RuntimeException: ManagedChannel allocation site
05-25 21:42:00.945 11577  9733 E jyar    : 	at jyaq.<init>(:com.google.android.gms@261833035@26.18.33 (260400-913931251):21)
05-25 21:42:00.945 11577  9733 E jyar    : 	at jyar.<init>(:com.google.android.gms@261833035@26.18.33 (260400-913931251):10)
05-25 21:42:00.945 11577  9733 E jyar    : 	at jyap.a(:com.google.android.gms@261833035@26.18.33 (260400-913931251):300)
05-25 21:42:00.945 11577  9733 E jyar    : 	at jxih.a(:com.google.android.gms@261833035@26.18.33 (260400-913931251):5)
05-25 21:42:00.945 11577  9733 E jyar    : 	at dbyo.h(:com.google.android.gms@261833035@26.18.33 (260400-913931251):154)
05-25 21:42:00.945 11577  9733 E jyar    : 	at hqfl.a(:com.google.android.gms@261833035@26.18.33 (260400-913931251):142)
05-25 21:42:00.945 11577  9733 E jyar    : 	at hdpj.a(:com.google.android.gms@261833035@26.18.33 (260400-913931251):17)
05-25 21:42:00.945 11577  9733 E jyar    : 	at hmrj.a(:com.google.android.gms@261833035@26.18.33 (260400-913931251):3)
05-25 21:42:00.945 11577  9733 E jyar    : 	at hmqk.run(:com.google.android.gms@261833035@26.18.33 (260400-913931251):19)
05-25 21:42:00.945 11577  9733 E jyar    : 	at hmrl.run(:com.google.android.gms@261833035@26.18.33 (260400-913931251):5)
05-25 21:42:00.945 11577  9733 E jyar    : 	at bkjq.c(:com.google.android.gms@261833035@26.18.33 (260400-913931251):50)
05-25 21:42:00.945 11577  9733 E jyar    : 	at bkjq.run(:com.google.android.gms@261833035@26.18.33 (260400-913931251):66)
05-25 21:42:00.945 11577  9733 E jyar    : 	at java.util.concurrent.ThreadPoolExecutor.runWorker(ThreadPoolExecutor.java:1154)
05-25 21:42:00.945 11577  9733 E jyar    : 	at java.util.concurrent.ThreadPoolExecutor$Worker.run(ThreadPoolExecutor.java:652)
05-25 21:42:00.945 11577  9733 E jyar    : 	at bkph.run(:com.google.android.gms@261833035@26.18.33 (260400-913931251):8)
05-25 21:42:00.945 11577  9733 E jyar    : 	at java.lang.Thread.run(Thread.java:1564)
05-25 21:42:01.151  1216  1239 E HeatmapThread: ECT Thread time in milliseconds: 1779763321
05-25 21:42:01.152  1216  1239 E HeatmapThread: !@ CAM New BSOH: 98
05-25 21:42:01.782   609   617 E android.system.suspend-service: Autosuspend already started.
05-25 21:42:02.152  1216  1239 E HeatmapThread: ECT Thread time in milliseconds: 1779763322
05-25 21:42:02.154  1216  1239 E HeatmapThread: !@ CAM New BSOH: 98
05-25 21:42:03.152  1216  1239 E HeatmapThread: ECT Thread time in milliseconds: 1779763323
05-25 21:42:03.157  1216  1239 E HeatmapThread: !@ CAM New BSOH: 98
05-25 21:42:04.152  1216  1239 E HeatmapThread: ECT Thread time in milliseconds: 1779763324
05-25 21:42:04.158  1216  1239 E HeatmapThread: !@ CAM New BSOH: 98
05-25 21:42:05.152  1216  1239 E HeatmapThread: ECT Thread time in milliseconds: 1779763325
05-25 21:42:05.158  1216  1239 E HeatmapThread: !@ CAM New BSOH: 98
05-25 21:42:06.152  1216  1239 E HeatmapThread: ECT Thread time in milliseconds: 1779763326
05-25 21:42:06.157  1216  1239 E HeatmapThread: !@ CAM New BSOH: 98
05-25 21:42:06.363  1172  1232 E BatteryDump: !@new_battery_dump : 3887,3243,1700,3400,13,361,350,435,0,0,386,435,0,Charging,CC_MODE,Normal,Good,PDIC_APDO,0,Normal,0,0,9369,0x40040000,0x10000,0x0,0,0000,0000,00000000,0,0,0,0,812,3702,1330,990,0,
05-25 21:42:06.506   609   617 E android.system.suspend-service: Autosuspend already started.
05-25 21:42:07.151  1216  1239 E HeatmapThread: ECT Thread time in milliseconds: 1779763327
05-25 21:42:07.153  1216  1239 E HeatmapThread: !@ CAM New BSOH: 98
05-25 21:42:08.152  1216  1239 E HeatmapThread: ECT Thread time in milliseconds: 1779763328
05-25 21:42: