05-25 21:40:06.814  7965  8207 E QPLProvider: 	at X.3HW.A03(Unknown Source:69)
05-25 21:40:06.814  7965  8207 E QPLProvider: 	at X.19W.get(Unknown Source:15)
05-25 21:40:06.814  7965  8207 E QPLProvider: 	at X.1IB.orNull(Unknown Source:6)
05-25 21:40:06.814  7965  8207 E QPLProvider: 	at X.3Sj.run(Unknown Source:29)
05-25 21:40:06.814  7965  8207 E QPLProvider: 	at X.1DO.run(Unknown Source:2)
05-25 21:40:06.814  7965  8207 E QPLProvider: 	at java.util.concurrent.ThreadPoolExecutor.runWorker(ThreadPoolExecutor.java:1154)
05-25 21:40:06.814  7965  8207 E QPLProvider: 	at java.util.concurrent.ThreadPoolExecutor$Worker.run(ThreadPoolExecutor.java:652)
05-25 21:40:06.814  7965  8207 E QPLProvider: 	at X.1Du.run(Unknown Source:3)
05-25 21:40:06.814  7965  8207 E QPLProvider: 	at X.1Dx.run(Unknown Source:17)
05-25 21:40:06.814  7965  8207 E QPLProvider: 	at java.lang.Thread.run(Thread.java:1564)
05-25 21:40:06.818  7965  8262 E FbVoltronModuleLoader: Created context for split: instantgamesads, location: /data/app/~~yOO-URz91ZN0b3SN37U-Qw==/com.facebook.katana-PR3RHLjSr57vr8nJycPVcA==/base.apk
05-25 21:40:06.849  7965  8207 E QPLProvider: QuickPerformanceLogger instance wasn't installed in provider, returning noop. Please call QuickPerformanceLoggerProvider.setQuickPerformanceLogger() before getting the instance.
05-25 21:40:06.849  7965  8207 E QPLProvider: java.lang.IllegalStateException: No QPL instance provided
05-25 21:40:06.849  7965  8207 E QPLProvider: 	at com.facebook.quicklog.QuickPerformanceLoggerProvider.getQPLInstance(:35)
05-25 21:40:06.849  7965  8207 E QPLProvider: 	at com.facebook.quicklog.QuickPerformanceLoggerNativeProvider.getQPLInstance(:0)
05-25 21:40:06.849  7965  8207 E QPLProvider: 	at com.facebook.tigon.fbtigon.FBTigonService.initHybrid(Native Method)
05-25 21:40:06.849  7965  8207 E QPLProvider: 	at X.1I6.A00(Unknown Source:585)
05-25 21:40:06.849  7965  8207 E QPLProvider: 	at com.facebook.tigon.fbtigon.FBTigonService.<init>(Unknown Source:84)
05-25 21:40:06.849  7965  8207 E QPLProvider: 	at X.DmV.A0C(Unknown Source:573)
05-25 21:40:06.849  7965  8207 E QPLProvider: 	at X.DmV.A02(Unknown Source:3)
05-25 21:40:06.849  7965  8207 E QPLProvider: 	at X.DmV.A08(Unknown Source:3)
05-25 21:40:06.849  7965  8207 E QPLProvider: 	at X.DmV.A03(Unknown Source:3)
05-25 21:40:06.849  7965  8207 E QPLProvider: 	at X.DmV.A0D(Unknown Source:3)
05-25 21:40:06.849  7965  8207 E QPLProvider: 	at X.DmV.A0E(Unknown Source:11)
05-25 21:40:06.849  7965  8207 E QPLProvider: 	at X.DmV.A07(Unknown Source:5)
05-25 21:40:06.849  7965  8207 E QPLProvider: 	at X.17a.A01(:56)
05-25 21:40:06.849  7965  8207 E QPLProvider: 	at X.3HW.A03(Unknown Source:69)
05-25 21:40:06.849  7965  8207 E QPLProvider: 	at X.3HW.A02(Unknown Source:4)
05-25 21:40:06.849  7965  8207 E QPLProvider: 	at X.DmV.A0C(Unknown Source:566)
05-25 21:40:06.849  7965  8207 E QPLProvider: 	at X.DmV.A02(Unknown Source:3)
05-25 21:40:06.849  7965  8207 E QPLProvider: 	at X.DmV.A08(Unknown Source:3)
05-25 21:40:06.849  7965  8207 E QPLProvider: 	at X.DmV.A03(Unknown Source:3)
05-25 21:40:06.849  7965  8207 E QPLProvider: 	at X.DmV.A0D(Unknown Source:3)
05-25 21:40:06.849  7965  8207 E QPLProvider: 	at X.DmV.A0E(Unknown Source:11)
05-25 21:40:06.849  7965  8207 E QPLProvider: 	at X.DmV.A07(Unknown Source:5)
05-25 21:40:06.849  7965  8207 E QPLProvider: 	at X.17a.A01(:56)
05-25 21:40:06.849  7965  8207 E QPLProvider: 	at X.3HW.A03(Unknown Source:69)
05-25 21:40:06.849  7965  8207 E QPLProvider: 	at X.19W.get(Unknown Source:15)
05-25 21:40:06.849  7965  8207 E QPLProvider: 	at com.facebook.http.internal.tigonengine.TigonHttpClientAdapterImpl.<init>(Unknown Source:98)
05-25 21:40:06.849  7965  8207 E QPLProvider: 	at X.3ZB.A07(Unknown Source:642)
05-25 21:40:06.849  7965  8207 E QPLProvider: 	at X.3ZB.A04(Unknown Source:11)
05-25 21:40:06.849  7965  8207 E QPLProvider: 	at X.3ZB.A08(Unknown Source:10)
05-25 21:40:06.849  7965  8207 E QPLProvider: 	at X.3ZB.A09(Unknown Source:11)
05-25 21:40:06.849  7965  8207 E QPLProvider: 	at X.3ZB.A06(Unknown Source:5)
05-25 21:40:06.849  7965  8207 E QPLProvider: 	at X.17a.A01(:28)
05-25 21:40:06.849  7965  8207 E QPLProvider: 	at X.3HW.A03(Unknown Source:69)
05-25 21:40:06.849  7965  8207 E QPLProvider: 	at X.19W.get(Unknown Source:15)
05-25 21:40:06.849  7965  8207 E QPLProvider: 	at X.1IB.orNull(Unknown Source:6)
05-25 21:40:06.849  7965  8207 E QPLProvider: 	at X.3Sj.run(Unknown Source:29)
05-25 21:40:06.849  7965  8207 E QPLProvider: 	at X.1DO.run(Unknown Source:2)
05-25 21:40:06.849  7965  8207 E QPLProvider: 	at java.util.concurrent.ThreadPoolExecutor.runWorker(ThreadPoolExecutor.java:1154)
05-25 21:40:06.849  7965  8207 E QPLProvider: 	at java.util.concurrent.ThreadPoolExecutor$Worker.run(ThreadPoolExecutor.java:652)
05-25 21:40:06.849  7965  8207 E QPLProvider: 	at X.1Du.run(Unknown Source:3)
05-25 21:40:06.849  7965  8207 E QPLProvider: 	at X.1Dx.run(Unknown Source:17)
05-25 21:40:06.849  7965  8207 E QPLProvider: 	at java.lang.Thread.run(Thread.java:1564)
05-25 21:40:06.856  7965  8286 E QPLProvider: QuickPerformanceLogger instance wasn't installed in provider, returning noop. Please call QuickPerformanceLoggerProvider.setQuickPerformanceLogger() before getting the instance.
05-25 21:40:06.856  7965  8286 E QPLProvider: java.lang.IllegalStateException: No QPL instance provided
05-25 21:40:06.856  7965  8286 E QPLProvider: 	at com.facebook.quicklog.QuickPerformanceLoggerProvider.getQPLInstance(:35)
05-25 21:40:06.856  7965  8286 E QPLProvider: 	at com.facebook.quicklog.QuickPerformanceLoggerNativeProvider.getQPLInstance(:0)
05-25 21:40:06.856  7965  8286 E QPLProvider: 	at com.facebook.common.jniexecutors.NativeRunnable.nativeRun(Native Method)
05-25 21:40:06.856  7965  8286 E QPLProvider: 	at com.facebook.common.jniexecutors.NativeRunnable.run(Unknown Source:8)
05-25 21:40:06.856  7965  8286 E QPLProvider: 	at com.facebook.common.jniexecutors.PooledNativeRunnable.run(Unknown Source:15)
05-25 21:40:06.856  7965  8286 E QPLProvider: 	at X.1DO.run(Unknown Source:2)
05-25 21:40:06.856  7965  8286 E QPLProvider: 	at java.util.concurrent.ThreadPoolExecutor.runWorker(ThreadPoolExecutor.java:1154)
05-25 21:40:06.856  7965  8286 E QPLProvider: 	at java.util.concurrent.ThreadPoolExecutor$Worker.run(ThreadPoolExecutor.java:652)
05-25 21:40:06.856  7965  8286 E QPLProvider: 	at X.1Du.run(Unknown Source:3)
05-25 21:40:06.856  7965  8286 E QPLProvider: 	at X.1Dx.run(Unknown Source:17)
05-25 21:40:06.856  7965  8286 E QPLProvider: 	at java.lang.Thread.run(Thread.java:1564)
05-25 21:40:06.917  7965  8262 E FbVoltronModuleLoader: Created context for split: instantgamesads, location: /data/app/~~yOO-URz91ZN0b3SN37U-Qw==/com.facebook.katana-PR3RHLjSr57vr8nJycPVcA==/base.apk
05-25 21:40:06.925  7965  8262 E ActionQueryTaskListener: 0 onLoadBatchComplete exception: null LOAD_ONLY modules: [instantgamesads] actions: [LOAD=[instantgamesads],COMPLETE_SUCCESS=[instantgamesads]]
05-25 21:40:06.930  7965  8262 E ActionQueryTaskListener: 0 onTaskComplete [true,false,] LOAD_ONLY modules: [instantgamesads] actions: [LOAD=[instantgamesads],COMPLETE_SUCCESS=[instantgamesads]]
05-25 21:40:06.973  7396  7423 E senger.external: No package ID 6a found for resource ID 0x6a0b0013.
05-25 21:40:07.100  7965  7965 E SlowAppComponent: 0ms: FacebookApplication instantiating…
05-25 21:40:07.114  7965  7965 E SlowAppComponent: 8ms: AudienceNetworkRemoteService instantiating…
05-25 21:40:07.114  7965  7965 E SlowAppComponent: Main thread was blocked for 828ms in the background starting with FacebookApplication
05-25 21:40:07.151  1216  1239 E HeatmapThread: ECT Thread time in milliseconds: 1779763207
05-25 21:40:07.153  1216  1239 E HeatmapThread: !@ CAM New BSOH: 98
05-25 21:40:07.320 10114 10446 E SemSoftApManager: NET_CAPABILITY_VALIDATED112 valid:true nc:[ Transports: CELLULAR Capabilities: SUPL&DUN&INTERNET&NOT_RESTRICTED&TRUSTED&NOT_VPN&VALIDATED&NOT_ROAMING&FOREGROUND&NOT_CONGESTED&NOT_SUSPENDED&NOT_VCN_MANAGED&NOT_BANDWIDTH_CONSTRAINED LinkUpBandwidth>=6880Kbps LinkDnBandwidth>=23039Kbps Specifier: <TelephonyNetworkSpecifier [mSubId = 1]> AdminUids: [10264, 10268] SubscriptionIds: {1} UnderlyingNetworks: Null]
05-25 21:40:07.588  7396  7396 E HyprMXCore: IABGPP_HDR_GppString is the non-string value undefined
05-25 21:40:07.589  7396  7396 E HyprMXCore: IABGPP_GppSID is the non-string value undefined
05-25 21:40:07.747  7917  8413 E LoadedApk: Exception : java.lang.NullPointerException: Attempt to invoke virtual method 'boolean android.os.Looper.isPerfLogEnable()' on a null object reference
05-25 21:40:07.757  7917  8439 E LoadedApk: Exception : java.lang.NullPointerException: Attempt to invoke virtual method 'boolean android.os.Looper.isPerfLogEnable()' on a null object reference
05-25 21:40:07.829  7917  8416 E Ads     : Error waiting for future.
05-25 21:40:07.829  7917  8416 E Ads     : java.util.concurrent.TimeoutException
05-25 21:40:07.829  7917  8416 E Ads     : 	at java.util.concurrent.FutureTask.get(FutureTask.java:204)
05-25 21:40:07.829  7917  8416 E Ads     : 	at com.google.android.gms.ads.nonagon.signals.gmscore.p.call(:com.google.android.gms@261833035@26.18.33 (260400-913931251):47)
05-25 21:40:07.829  7917  8416 E Ads     : 	at hmrk.a(:com.google.android.gms@261833035@26.18.33 (260400-913931251):3)
05-25 21:40:07.829  7917  8416 E Ads     : 	at hmqk.run(:com.google.android.gms@261833035@26.18.33 (260400-913931251):19)
05-25 21:40:07.829  7917  8416 E Ads     : 	at hmrl.run(:com.google.android.gms@261833035@26.18.33 (260400-913931251):5)
05-25 21:40:07.829  7917  8416 E Ads     : 	at bkjq.c(:com.google.android.gms@261833035@26.18.33 (260400-913931251):50)
05-25 21:40:07.829  7917  8416 E Ads     : 	at bkjq.run(:com.google.android.gms@261833035@26.18.33 (260400-913931251):66)
05-25 21:40:07.829  7917  8416 E Ads     : 	at java.util.concurrent.ThreadPoolExecutor.runWorker(ThreadPoolExecutor.java:1154)
05-25 21:40:07.829  7917  8416 E Ads     : 	at java.util.concurrent.ThreadPoolExecutor$Worker.run(ThreadPoolExecutor.java:652)
05-25 21:40:07.829  7917  8416 E Ads     : 	at bkph.run(:com.google.android.gms@261833035@26.18.33 (260400-913931251):8)
05-25 21:40:07.829  7917  8416 E Ads     : 	at java.lang.Thread.run(Thread.java:1564)
05-25 21:40:07.983  7917  8420 E Ads     : Error waiting for future.
05-25 21:40:07.983  7917  8420 E Ads     : java.util.concurrent.TimeoutException
05-25 21:40:07.983  7917  8420 E Ads     : 	at java.util.concurrent.FutureTask.get(FutureTask.java:204)
05-25 21:40:07.983  7917  8420 E Ads     : 	at com.google.android.gms.ads.nonagon.signals.gmscore.p.call(:com.google.android.gms@261833035@26.18.33 (260400-913931251):47)
05-25 21:40:07.983  7917  8420 E Ads     : 	at hmrk.a(:com.google.android.gms@261833035@26.18.33 (260400-913931251):3)
05-25 21:40:07.983  7917  8420 E Ads     : 	at hmqk.run(:com.google.android.gms@261833035@26.18.33 (260400-913931251):19)
05-25 21:40:07.983  7917  8420 E Ads     : 	at hmrl.run(:com.google.android.gms@261833035@26.18.33 (260400-913931251):5)
05-25 21:40:07.983  7917  8420 E Ads     : 	at bkjq.c(:com.google.android.gms@261833035@26.18.33 (260400-913931251):50)
05-25 21:40:07.983  7917  8420 E Ads     : 	at bkjq.run(:com.google.android.gms@261833035@26.18.33 (260400-913931251):66)
05-25 21:40:07.983  7917  8420 E Ads     : 	at java.util.concurrent.ThreadPoolExecutor.runWorker(ThreadPoolExecutor.java:1154)
05-25 21:40:07.983  7917  8420 E Ads     : 	at java.util.concurrent.ThreadPoolExecutor$Worker.run(ThreadPoolExecutor.java:652)
05-25 21:40:07.983  7917  8420 E Ads     : 	at bkph.run(:com.google.android.gms@261833035@26.18.33 (260400-913931251):8)
05-25 21:40:07.983  7917  8420 E Ads     : 	at java.lang.Thread.run(Thread.java:1564)
05-25 21:40:07.987  7917  8426 E Ads     : Error waiting for future.
05-25 21:40:07.987  7917  8426 E Ads     : java.util.concurrent.TimeoutException
05-25 21:40:07.987  7917  8426 E Ads     : 	at java.util.concurrent.FutureTask.get(FutureTask.java:204)
05-25 21:40:07.987  7917  8426 E Ads     : 	at com.google.android.gms.ads.nonagon.signals.gmscore.p.call(:com.google.android.gms@261833035@26.18.33 (260400-913931251):47)
05-25 21:40:07.987  7917  8426 E Ads     : 	at hmrk.a(:com.google.android.gms@261833035@26.18.33 (260400-913931251):3)
05-25 21:40:07.987  7917  8426 E Ads     : 	at hmqk.run(:com.google.android.gms@261833035@26.18.33 (260400-913931251):19)
05-25 21:40:07.987  7917  8426 E Ads     : 	at hmrl.run(:com.google.android.gms@261833035@26.18.33 (260400-913931251):5)
05-25 21:40:07.987  7917  8426 E Ads     : 	at bkjq.c(:com.google.android.gms@261833035@26.18.33 (260400-913931251):50)
05-25 21:40:07.987  7917  8426 E Ads     : 	at bkjq.run(:com.google.android.gms@261833035@26.18.33 (260400-913931251):66)
05-25 21:40:07.987  7917  8426 E Ads     : 	at java.util.concurrent.ThreadPoolExecutor.runWorker(ThreadPoolExecutor.java:1154)
05-25 21:40:07.987  7917  8426 E Ads     : 	at java.util.concurrent.ThreadPoolExecutor$Worker.run(ThreadPoolExecutor.java:652)
05-25 21:40:07.987  7917  8426 E Ads     : 	at bkph.run(:com.google.android.gms@261833035@26.18.33 (260400-913931251):8)
05-25 21:40:07.987  7917  8426 E Ads     : 	at java.lang.Thread.run(Thread.java:1564)
05-25 21:40:08.037  7917  8418 E Ads     : Error waiting for future.
05-25 21:40:08.037  7917  8418 E Ads     : java.util.concurrent.TimeoutException
05-25 21:40:08.037  7917  8418 E Ads     : 	at java.util.concurrent.FutureTask.get(FutureTask.java:204)
05-25 21:40:08.037  7917  8418 E Ads     : 	at com.google.android.gms.ads.nonagon.signals.gmscore.p.call(:com.google.android.gms@261833035@26.18.33 (260400-913931251):47)
05-25 21:40:08.037  7917  8418 E Ads     : 	at hmrk.a(:com.google.android.gms@261833035@26.18.33 (260400-913931251):3)
05-25 21:40:08.037  7917  8418 E Ads     : 	at hmqk.run(:com.google.android.gms@261833035@26.18.33 (260400-913931251):19)
05-25 21:40:08.037  7917  8418 E Ads     : 	at hmrl.run(:com.google.android.gms@261833035@26.18.33 (260400-913931251):5)
05-25 21:40:08.037  7917  8418 E Ads     : 	at bkjq.c(:com.google.android.gms@261833035@26.18.33 (260400-913931251):50)
05-25 21:40:08.037  7917  8418 E Ads     : 	at bkjq.run(:com.google.android.gms@261833035@26.18.33 (260400-913931251):66)
05-25 21:40:08.037  7917  8418 E Ads     : 	at java.util.concurrent.ThreadPoolExecutor.runWorker(ThreadPoolExecutor.java:1154)
05-25 21:40:08.037  7917  8418 E Ads     : 	at java.util.concurrent.ThreadPoolExecutor$Worker.run(ThreadPoolExecutor.java:652)
05-25 21:40:08.037  7917  8418 E Ads     : 	at bkph.run(:com.google.android.gms@261833035@26.18.33 (260400-913931251):8)
05-25 21:40:08.037  7917  8418 E Ads     : 	at java.lang.Thread.run(Thread.java:1564)
05-25 21:40:08.063  7396  7557 E HyprMXCore: [AE] unable to deserialize analytic with error: SyntaxError: unexpected end of input
05-25 21:40:08.151  1216  1239 E HeatmapThread: ECT Thread time in milliseconds: 1779763208
05-25 21:40:08.154  1216  1239 E HeatmapThread: !@ CAM New BSOH: 98
05-25 21:40:09.016   545   555 E lowmemorykiller: process_mrelease 6049 failed: No such process
05-25 21:40:09.080   545   554 E lowmemorykiller: process_mrelease 6009 failed: No such process
05-25 21:40:09.151  1216  1239 E HeatmapThread: ECT Thread time in milliseconds: 1779763209
05-25 21:40:09.153  1216  1239 E HeatmapThread: !@ CAM New BSOH: 98
05-25 21:40:09.345  2902  3223 E msys    : E[N MQTT]readErr(151)=>TCPStreamTransport readErr
05-25 21:40:09.350  2902  3223 E msys    : E[N MQTT]onReadError(657)=>Read Error: AsyncSocketException: recv() failed (peer=[2a03:2880:f31e:90:face:b00c:0:8e]:443), type = Internal error, errno = 103 (Software caused connection abort)
05-25 21:40:09.497  2902  3223 E msys    : E[N MQTT]onOSNetworkDisconnected(740)=>LigerBasedStreamTransport onOSNetworkDisconnected
05-25 21:40:09.942   545   555 E lowmemorykiller: process_mrelease 5142 failed: No such process
05-25 21:40:10.151  1216  1239 E HeatmapThread: ECT Thread time in milliseconds: 1779763210
05-25 21:40:10.153  1216  1239 E HeatmapThread: !@ CAM New BSOH: 98
05-25 21:40:10.431  7396  7396 E IronSource AdQuality: AdQualitySDK: -------------- ByteDance connector 7.1.31 --------------
05-25 21:40:10.431  7396  7396 E IronSource AdQuality: AdQualitySDK: ByteDance SDK version: 7.9.1.2
05-25 21:40:10.431  7396  7396 E IronSource AdQuality: AdQualitySDK: SDK Versions supported: 1.9.9.5 - 7.2.0.6
05-25 21:40:10.431  7396  7396 E IronSource AdQuality: AdQualitySDK: Status: ERROR
05-25 21:40:10.431  7396  7396 E IronSource AdQuality: AdQualitySDK: Message: ByteDance SDK version 7.9.1.2 is not yet supported by the connector
05-25 21:40:10.432  7396  7396 E IronSource AdQuality: ConnectorManager: ByteDance SDK version 7.9.1.2 is not yet supported by the connector
05-25 21:40:10.433  7396  7396 E LevelPlaySDK: API: Ad Quality failed to initialize: ByteDance SDK version 7.9.1.2 is not yet supported by the connector
05-25 21:40:10.558 10114 10202 E Watchdog: !@Sync: 2025 heap(MB): 138 / 159 FD: 1225 [2026-05-25 21:40:10.558]
05-25 21:40:10.607  7396  7396 E IronSource AdQuality: AdQualitySDK: -------------- Moloco connector 7.0.25 --------------
05-25 21:40:10.607  7396  7396 E IronSource AdQuality: AdQualitySDK: Moloco SDK version: 4.7.0
05-25 21:40:10.607  7396  7396 E IronSource AdQuality: AdQualitySDK: SDK Versions supported: 2.2.0 - 4.5.0
05-25 21:40:10.607  7396  7396 E IronSource AdQuality: AdQualitySDK: Status: ERROR
05-25 21:40:10.607  7396  7396 E IronSource AdQuality: AdQualitySDK: Message: Moloco SDK version 4.7.0 is not yet supported by the connector
05-25 21:40:10.607  7396  7396 E IronSource AdQuality: ConnectorManager: Moloco SDK version 4.7.0 is not yet supported by the connector
05-25 21:40:10.883  7396  7396 E IronSource AdQuality: AdQualitySDK: -------------- BidMachine connector 7.0.25 --------------
05-25 21:40:10.883  7396  7396 E IronSource AdQuality: AdQualitySDK: BidMachine SDK version: 3.6.1
05-25 21:40:10.883  7396  7396 E IronSource AdQuality: AdQualitySDK: SDK Versions supported: 2.1.0 - 3.5.1
05-25 21:40:10.883  7396  7396 E IronSource AdQuality: AdQualitySDK: Status: ERROR
05-25 21:40:10.883  7396  7396 E IronSource AdQuality: AdQualitySDK: Message: BidMachine SDK version 3.6.1 is not yet supported by the connector
05-25 21:40:10.885  7396  7396 E IronSource AdQuality: ConnectorManager: BidMachine SDK version 3.6.1 is not yet supported by the connector
05-25 21:40:11.151  1216  1239 E HeatmapThread: ECT Thread time in milliseconds: 1779763211
05-25 21:40:11.153  1216  1239 E HeatmapThread: !@ CAM New BSOH: 98
05-25 21:40:11.211 10871 11265 E bluetooth: system/gd/hci/le_advertising_manager.cc:1866 on_set_advertising_set_random_address_complete: Got a command complete with status COMMAND_DISALLOWED(0x0c)
05-25 21:40:11.215  1237  1237 E SurfaceFlinger: alpha changed 0.000 -> 1.000 - Surface(name=68383d2 InputMethod)/@0xbfd7ba0 - animation-leash of insets_animation#121899
05-25 21:40:11.517 10114 10773 E AppOps  : Bad call made by uid 1000. Package "com.google.android.googlequicksearchbox" does not belong to uid 1000.
05-25 21:40:12.050  8610  8610 E ashmem  : Pinning is deprecated since Android Q. Please use trim or other methods.
05-25 21:40:12.105  8610  8677 E .osp.app.signin: No package ID 6a found for resource ID 0x6a0b0013.
05-25 21:40:12.151  1216  1239 E HeatmapThread: ECT Thread time in milliseconds: 1779763212
05-25 21:40:12.153  1216  1239 E HeatmapThread: !@ CAM New BSOH: 98
05-25 21:40:12.157  7396  7396 E AppLovinSdk: [AppLovinSdk] Unknown ad format: REWARDED_INTER
05-25 21:40:12.274  8651  8703 E ashmem  : Pinning is deprecated since Android Q. Please use trim or other methods.
05-25 21:40:12.301  8651  8697 E n.mips.services: No package ID 6a found for resource ID 0x6a0b0013.
05-25 21:40:12.327  8610  8713 E SamsungAccount: [StatusSuggestionController] performSdkInit, not supported one ui version
05-25 21:40:12.410  8610  8721 E SamsungAccount: [SettingCustomizationRequester] Programs are null. - It will be set as default
05-25 21:40:12.484  8610  8610 E SamsungAccount: [StatusSuggestionLifecycleManager] initialization failed: not supported one ui version
05-25 21:40:13.151  1216  1239 E HeatmapThread: ECT Thread time in milliseconds: 1779763213
05-25 21:40:13.153  1216  1239 E HeatmapThread: !@ CAM New BSOH: 98
05-25 21:40:13.990  3400  8753 E livestrategy: (LiveDataCenter.cpp:277): LiveDataCenter: DC query current stream data list is error
05-25 21:40:13.990  3400  8753 E livestrategy: (LiveDataCenter.cpp:467): LiveDataCenter: get current scene streamData list size  0 Media index is 9
05-25 21:40:14.151  1216  1239 E HeatmapThread: ECT Thread time in milliseconds: 1779763214
05-25 21:40:14.152  1216  1239 E HeatmapThread: !@ CAM New BSOH: 98
05-25 21:40:15.130  7396  7396 E AppLovinSdk: [AppLovinSdk] Unknown ad format: REWARDED_INTER
05-25 21:40:15.151  1216  1239 E HeatmapThread: ECT Thread time in milliseconds: 1779763215
05-25 21:40:15.154  1216  1239 E HeatmapThread: !@ CAM New BSOH: 98
05-25 21:40:16.151  1216  1239 E HeatmapThread: ECT Thread time in milliseconds: 1779763216
05-25 21:40:16.154  1216  1239 E HeatmapThread: !@ CAM New BSOH: 98
05-25 21:40:17.151  1216  1239 E HeatmapThread: ECT Thread time in milliseconds: 1779763217
05-25 21:40:17.154  1216  1239 E HeatmapThread: !@ CAM New BSOH: 98
05-25 21:40:18.151  1216  1239 E HeatmapThread: ECT Thread time in milliseconds: 1779763218
05-25 21:40:18.153  1216  1239 E HeatmapThread: !@ CAM New BSOH: 98
05-25 21:40:18.824  7396  7396 E AppLovinSdk: [AppLovinSdk] Unknown ad format: REWARDED_INTER
05-25 21:40:18.864  3400  8790 E ActivityThread: Failed to find provider info for com.zhiliaoapp.musically.apm
05-25 21:40:18.872  3400  8790 E ActivityThread: Failed to find provider info for com.zhiliaoapp.musically.apm
05-25 21:40:18.873  3400  8790 E ActivityThread: Failed to find provider info for com.zhiliaoapp.musically.apm
05-25 21:40:19.005  3400  8790 E ActivityThread: Failed to find provider info for com.zhiliaoapp.musically.apm
05-25 21:40:19.014  3400  8790 E ActivityThread: Failed to find provider info for com.zhiliaoapp.musically.apm
05-25 21:40:19.151  1216  1239 E HeatmapThread: ECT Thread time in milliseconds: 1779763219
05-25 21:40:19.153  1216  1239 E HeatmapThread: !@ CAM New BSOH: 98
05-25 21:40:19.642  3400  4541 E Bench-TAG: ====== JNI_OnLoad ======
05-25 21:40:20.105 10114 10446 E SemSoftApManager: NET_CAPABILITY_VALIDATED112 valid:true nc:[ Transports: CELLULAR Capabilities: SUPL&DUN&INTERNET&NOT_RESTRICTED&TRUSTED&NOT_VPN&VALIDATED&NOT_ROAMING&NOT_CONGESTED&NOT_SUSPENDED&NOT_VCN_MANAGED&NOT_BANDWIDTH_CONSTRAINED LinkUpBandwidth>=6880Kbps LinkDnBandwidth>=23039Kbps Specifier: <TelephonyNetworkSpecifier [mSubId = 1]> AdminUids: [10264, 10268] SubscriptionIds: {1} UnderlyingNetworks: Null]
05-25 21:40:20.151  1216  1239 E HeatmapThread: ECT Thread time in milliseconds: 1779763220
05-25 21:40:20.154  1216  1239 E HeatmapThread: !@ CAM New BSOH: 98
05-25 21:40:20.589  7396  7886 E AppLovinSdk: [AppLovinCommunicator] Message received for GC'd subscriber
05-25 21:40:21.151  1216  1239 E HeatmapThread: ECT Thread time in milliseconds: 1779763221
05-25 21:40:21.154  1216  1239 E HeatmapThread: !@ CAM New BSOH: 98
05-25 21:40:22.041 10114 12523 E WindowManager: win=Window{68383d2 u0 InputMethod} destroySurfaces: appStopped=true cleanupOnResume=false win.mWindowRemovalAllowed=false win.mRemoveOnExit=false win.mViewVisibility=8 caller=com.android.server.wm.WindowManagerService.tryStartExitingAnimation:134 com.android.server.wm.WindowManagerService.relayoutWindow:1160 com.android.server.wm.Session.relayout:27 android.view.IWindowSession$Stub.onTransact:829 com.android.server.wm.Session.onTransact:1 android.os.Binder.execTransactInternal:1457 android.os.Binder.execTransact:1401 
05-25 21:40:22.064  1237  1237 E SurfaceFlinger: alpha changed 1.000 -> 0.000 - Surface(name=68383d2 InputMethod)/@0xbfd7ba0 - animation-leash of insets_animation#121903
05-25 21:40:22.151  1216  1239 E HeatmapThread: ECT Thread time in milliseconds: 1779763222
05-25 21:40:22.153  1216  1239 E HeatmapThread: !@ CAM New BSOH: 98
05-25 21:40:22.779  2902  2969 E MQTTBypassDGWStreamGroupCallbacks.cpp: onStreamGroupError TransientError domain: MNSQUICConnection code: 0 detail: Error on socket write Operation not permitted, 
05-25 21:40:22.856  2902  3043 E msys    : E[N mns:DGWClient]_LogError(289)=>Failed to resolve using system DNS resolver, getaddrinfo(): No address associated with hostname
05-25 21:40:22.868  2902  3043 E msys    : E[N mns:DGWClient]_LogError(289)=>Failed to resolve using system DNS resolver, getaddrinfo(): No address associated with hostname
05-25 21:40:22.924  2902  3222 E msys    : E[S MSync]_ModularSyncHandleNetworkResponse(666)=>DB[223] - Encountered a network error (2002: TransientError domain: MNSQUICConnection code: 0 detail: Error on socket write Operation not permitted, )
05-25 21:40:22.924  2902  3222 E msys    : E[S MSync]_ModularSyncHandleNetworkErrorResponse(490)=>DB[223] - handle network error response
05-25 21:40:22.980  2902  3222 E MDCoreSyncManagerImpl: [userId=-1748233676] Unknown event type: SUBSCRIPTION_STATE_CHANGED
05-25 21:40:22.981  2902  3222 E IgnitionDebug: [userId=-1748233676] Unknown event type: SUBSCRIPTION_STATE_CHANGED
05-25 21:40:22.990  2902  3222 E msys    : E[S MSync]modular_sync_service_ffi::dispatch_ffi::MSCSendSyncRequestImpl(1150)=>Skip execute sync from callback 223
05-25 21:40:23.151  1216  1239 E HeatmapThread: ECT Thread time in milliseconds: 1779763223
05-25 21:40:23.154  1216  1239 E HeatmapThread: !@ CAM New BSOH: 98
05-25 21:40:23.821  2902  3043 E msys    : E[N mns:DGWClient]_LogError(289)=>Failed to resolve using system DNS resolver, getaddrinfo(): No address associated with hostname
05-25 21:40:24.151  1216  1239 E HeatmapThread: ECT Thread time in milliseconds: 1779763224
05-25 21:40:24.155  1216  1239 E HeatmapThread: !@Entered the read from path function
05-25 21:40:24.156  1216  1239 E HeatmapThread: !@Read Extended_heatmap from efs is: 71719 0 0 0 0 0 0 0 0 0 0 0 0 0 0 0 0 0 1511 0 0 0 0 0 0 0 0 0 0 0 0 0 0 0 0 0 1317 0 0 0 0 0 0 0 0 0 0 0 0 0 0 0 0 0 1557 0 0 0 0 0 0 0 0 0 0 0 0 0 0 0 0 0 1331 0 0 0 0 0 0 0 0 0 0 0 0 0 0 0 0 0 1290 0 0 0 0 0 0 0 0 0 0 0 0 0 0 0 0 0 1423 0 0 0 0 0 0 0 0 0 0 0 0 0 0 0 0 0 1483 0 0 0 0 0 0 0 0 0 0 0 0 0 0 0 0 0 1395 0 0 0 0 0 0 0 0 0 0 0 0 0 0 0 0 0 1838 0 0 0 0 0 0 0 0 0 0 0 0 0 0 0 0 0 1538 0 0 0 0 0 0 0 0 0 0 0 0 0 0 0 0 0 7527 0 0 0 0 0 0 0 0 0 0 0 0 0 0 0 0 0 9764 0 0 0 0 0 0 0 0 0 0 0 0 0 0 0 0 0 19124 0 0 0 0 0 0 0 0 0 0 0 0 0 0 0 0 0 17022 0 0 0 0 0 0 0 0 0 0 0 0 0 0 0 0 0 20325 0 0 0 0 0 0 0 0 0 0 0 0 0 0 0 0 0 21837 0 0 0 0 0 0 0 0 0 0 0 0 0 0 0 0 0 24863 0 0 0 0 0 0 0 0 0 0 0 0 0 0 0 0 0 14389 0 0 0 0 0 0 0 0 0 0 0 0 0 0 0 0 0 15892 0 0 0 0 0 0 0 0 0 0 0 0 0 0 0 0 0 16525 0 0 0 0 0 0 0 0 0 0 0 0 0 0 0 0 0 16349 0 0 0 0 0 0 0 0 0 0 0 0 0 0 0 0 0 1758 0 0 0 0 0 0 0 0 0 0 0 0 0 0 0 0 0 1603 0 0 0 0 0 0 0 0 0 0 0 0 0 0 0 0 0 1191 0 0 0 0 0 0 0 0 0 0 0 0 0 0 0 0 0 8
05-25 21:40:24.157  1216  1239 E HeatmapThread: !@Write Extended Heatmap to efs is: 71719 0 0 0 0 0 0 0 0 0 0 0 0 0 0 0 0 0 1511 0 0 0 0 0 0 0 0 0 0 0 0 0 0 0 0 0 1317 0 0 0 0 0 0 0 0 0 0 0 0 0 0 0 0 0 1557 0 0 0 0 0 0 0 0 0 0 0 0 0 0 0 0 0 1331 0 0 0 0 0 0 0 0 0 0 0 0 0 0 0 0 0 1290 0 0 0 0 0 0 0 0 0 0 0 0 0 0 0 0 0 1423 0 0 0 0 0 0 0 0 0 0 0 0 0 0 0 0 0 1483 0 0 0 0 0 0 0 0 0 0 0 0 0 0 0 0 0 1395 0 0 0 0 0 0 0 0 0 0 0 0 0 0 0 0 0 1838 0 0 0 0 0 0 0 0 0 0 0 0 0 0 0 0 0 1538 0 0 0 0 0 0 0 0 0 0 0 0 0 0 0 0 0 7527 0 0 0 0 0 0 0 0 0 0 0 0 0 0 0 0 0 9764 0 0 0 0 0 0 0 0 0 0 0 0 0 0 0 0 0 19124 0 0 0 0 0 0 0 0 0 0 0 0 0 0 0 0 0 17022 0 0 0 0 0 0 0 0 0 0 0 0 0 0 0 0 0 20325 0 0 0 0 0 0 0 0 0 0 0 0 0 0 0 0 0 21837 0 0 0 0 0 0 0 0 0 0 0 0 0 0 0 0 0 24863 0 0 0 0 0 0 0 0 0 0 0 0 0 0 0 0 0 14389 0 0 0 0 0 0 0 0 0 0 0 0 0 0 0 0 0 15892 0 0 0 0 0 0 0 0 0 0 0 0 0 0 0 0 0 16525 0 0 0 0 0 0 0 0 0 0 0 0 0 0 0 0 0 16350 0 0 0 0 0 0 0 0 0 0 0 0 0 0 0 0 0 1758 0 0 0 0 0 0 0 0 0 0 0 0 0 0 0 0 0 1603 0 0 0 0 0 0 0 0 0 0 0 0 0 0 0 0 0 1191 0 0 0 0 0 0 0 0 0 0 0 0 0 0 0 0 0 89
05-25 21:40:24.159  1216  1239 E HeatmapThread: !@ CAM New BSOH: 98
05-25 21:40:24.525  7396  7396 E AppLovinSdk: [AppLovinSdk] Unknown ad format: REWARDED_INTER
05-25 21:40:25.151  1216  1239 E HeatmapThread: ECT Thread time in milliseconds: 1779763225
05-25 21:40:25.152  1216  1239 E HeatmapThread: !@ CAM New BSOH: 98
05-25 21:40:26.151  1216  1239 E HeatmapThread: ECT Thread time in milliseconds: 1779763226
05-25 21:40:26.153  1216  1239 E HeatmapThread: !@ CAM New BSOH: 98
05-25 21:40:26.774  1172  1232 E BatteryDump: !@new_battery_dump : 3584,-418,100,100,12,372,369,487,0,0,405,487,0,Discharging,NO_CHARGING,None,Good,NONE,0,Normal,0,0,9420,0x40040000,0x10000,0x0,0,0000,0000,00000000,0,0,0,0,812,3698,1260,990,0,
05-25 21:40:27.151  1216  1239 E HeatmapThread: ECT Thread time in milliseconds: 1779763227
05-25 21:40:27.153  1216  1239 E HeatmapThread: !@ CAM New BSOH: 98
05-25 21:40:28.015  7396  7396 E HyprMXCore: IABGPP_HDR_GppString is the non-string value undefined
05-25 21:40:28.015  7396  7396 E HyprMXCore: IABGPP_GppSID is the non-string value undefined
05-25 21:40:28.089 10943 11396 E #IMSCR  : 05-25 21:40:28 0x120A0002:0,TRN SUSP:0
05-25 21:40:28.151  1216  1239 E HeatmapThread: ECT Thread time in milliseconds: 1779763228
05-25 21:40:28.152  1216  1239 E HeatmapThread: !@ CAM New BSOH: 98
05-25 21:40:28.451  7396  7396 E AppLovinSdk: [AppLovinSdk] Unknown ad format: REWARDED_INTER
05-25 21:40:28.476  1148  1148 E SensorsGrip: [grip_sensor] enable: mEnabled : 1, first_grip_event : 1
05-25 21:40:28.655 10943 11396 E #IMSCR  : 05-25 21:40:28 0x120A0000:0,SET REPUB:1080
05-25 21:40:28.737 10943 11405 E #IMSCR  : 05-25 21:40:28 0x12090003:0,200
05-25 21:40:28.741 10943 11405 E PresenceModule<0>: stopBadEventTimer: BadEventExitTimer is not running.
05-25 21:40:28.770 10943 11405 E PresenceModule<0>: startPublishTimer: PublishTimer is already running. Stopping it.
05-25 21:40:28.784 10943 11405 E SecImsServiceConnector: connect to local SecImsService #1 attempt
05-25 21:40:29.050 10569 11248 E SatelliteController: notifyNtnEligibility: mSatellitePhone is null
05-25 21:40:29.151  1216  1239 E HeatmapThread: ECT Thread time in milliseconds: 1779763229
05-25 21:40:29.153  1216  1239 E HeatmapThread: !@ CAM New BSOH: 98
05-25 21:40:29.479  8921  8963 E ashmem  : Pinning is deprecated since Android Q. Please use trim or other methods.
05-25 21:40:29.705  1237  1237 E SurfaceFlinger: alpha changed 0.000 -> 1.000 - Surface(name=68383d2 InputMethod)/@0xbfd7ba0 - animation-leash of insets_animation#121903
05-25 21:40:30.085  2902  3043 E msys    : E[N mns:DGWClient]_LogError(289)=>Failed to resolve using system DNS resolver, getaddrinfo(): No address associated with hostname
05-25 21:40:30.091  2902  3043 E msys    : E[N mns:DGWClient]_LogError(289)=>Failed to resolve using system DNS resolver, getaddrinfo(): No address associated with hostname
05-25 21:40:30.151  1216  1239 E HeatmapThread: ECT Thread time in milliseconds: 1779763230
05-25 21:40:30.153  1216  1239 E HeatmapThread: !@ CAM New BSOH: 98
05-25 21:40:30.212  7396  7396 E AppLovinSdk: [AppLovinSdk] Unknown ad format: REWARDED_INTER
05-25 21:40:30.808  7396  9010 E MediaCodec: Media Quality Service not found.
05-25 21:40:30.810  7396  9015 E senger.external: Failed to query component interface for required system resources: 6
05-25 21:40:30.864  1397  1454 E Codec2-ComponentInterface: We have a failed config
05-25 21:40:31.110 10114 12542 E WindowManager: win=Window{68383d2 u0 InputMethod} destroySurfaces: appStopped=true cleanupOnResume=false win.mWindowRemovalAllowed=false win.mRemoveOnExit=false win.mViewVisibility=8 caller=com.android.server.wm.WindowManagerService.tryStartExitingAnimation:134 com.android.server.wm.WindowManagerService.relayoutWindow:1160 com.android.server.wm.Session.relayout:27 android.view.IWindowSession$Stub.onTransact:829 com.android.server.wm.Session.onTransact:1 android.os.Binder.execTransactInternal:1457 android.os.Binder.execTransact:1401 
05-25 21:40:31.129  1237  1237 E SurfaceFlinger: alpha changed 1.000 -> 0.000 - Surface(name=68383d2 InputMethod)/@0xbfd7ba0 - animation-leash of insets_animation#121910
05-25 21:40:31.151  1216  1239 E HeatmapThread: ECT Thread time in milliseconds: 1779763231
05-25 21:40:31.153  1216  1239 E HeatmapThread: !@ CAM New BSOH: 98
05-25 21:40:31.161 11925  9080 E Notification4P_GO: CommonUtil.isDesktopMode manager is null
05-25 21:40:32.151  1216  1239 E HeatmapThread: ECT Thread time in milliseconds: 1779763232
05-25 21:40:32.153  1216  1239 E HeatmapThread: !@ CAM New BSOH: 98
05-25 21:40:32.454  7396  7396 E HyprMXCore: IABGPP_HDR_GppString is the non-string value undefined
05-25 21:40:32.454  7396  7396 E HyprMXCore: IABGPP_GppSID is the non-string value undefined
05-25 21:40:32.932  7396  7396 E AppLovinSdk: [AppLovinSdk] Unknown ad format: REWARDED_INTER
05-25 21:40:33.151  1216  1239 E HeatmapThread: ECT Thread time in milliseconds: 1779763233
05-25 21:40:33.152  1216  1239 E HeatmapThread: !@ CAM New BSOH: 98
05-25 21:40:33.972  1148  1200 E SensorsHub: AccSensor : Meta event
05-25 21:40:33.980  1148  1200 E SensorsHub: GyroSensor : Meta event
05-25 21:40:34.143  1148  1200 E SensorsHub: AccSensor : Meta event
05-25 21:40:34.144  1148  1200 E SensorsHub: GyroSensor : Meta event
05-25 21:40:34.151  1216  1239 E HeatmapThread: ECT Thread time in milliseconds: 1779763234
05-25 21:40:34.153  1216  1239 E HeatmapThread: !@ CAM New BSOH: 98
05-25 21:40:35.151  1216  1239 E HeatmapThread: ECT Thread time in milliseconds: 1779763235
05-25 21:40:35.152  1216  1239 E HeatmapThread: !@ CAM New BSOH: 98
05-25 21:40:36.151  1216  1239 E HeatmapThread: ECT Thread time in milliseconds: 1779763236
05-25 21:40:36.152  1216  1239 E HeatmapThread: !@ CAM New BSOH: 98
05-25 21:40:37.151  1216  1239 E HeatmapThread: ECT Thread time in milliseconds: 1779763237
05-25 21:40:37.154  1216  1239 E HeatmapThread: !@ CAM New BSOH: 98
05-25 21:40:37.316  2902  3043 E msys    : E[N mns:DGWClient]_LogError(289)=>Failed to resolve using system DNS resolver, getaddrinfo(): No address associated with hostname
05-25 21:40:37.322  2902  3043 E msys    : E[N mns:DGWClient]_LogError(289)=>Failed to resolve using system DNS resolver, getaddrinfo(): No address associated with hostname
05-25 21:40:37.411  2902  3043 E msys    : E[N mns:DGWClient]_LogError(289)=>Failed to resolve using system DNS resolver, getaddrinfo(): No address associated with hostname
05-25 21:40:37.475  7396  7396 E AppLovinSdk: [AppLovinSdk] Unknown ad format: REWARDED_INTER
05-25 21:40:37.881 10114 10446 E SemSoftApManager: NET_CAPABILITY_VALIDATED112 valid:true nc:[ Transports: CELLULAR Capabilities: SUPL&DUN&INTERNET&NOT_RESTRICTED&TRUSTED&NOT_VPN&VALIDATED&NOT_ROAMING&NOT_CONGESTED&NOT_SUSPENDED&NOT_VCN_MANAGED&NOT_BANDWIDTH_CONSTRAINED LinkUpBandwidth>=7243Kbps LinkDnBandwidth>=24941Kbps Specifier: <TelephonyNetworkSpecifier [mSubId = 1]> AdminUids: [10264, 10268] SubscriptionIds: {1} UnderlyingNetworks: Null]
05-25 21:40:38.111  1237  1237 E SurfaceFlinger: alpha changed 1.000 -> 0.000 - Surface(name=TransientLaunchOverlayToken{87124ec token=android.os.BinderProxy@48bdb9f})/@0xc10a9d6_transition-leash#121914
05-25 21:40:38.111  1237  1237 E SurfaceFlinger: alpha changed 1.000 -> 0.000 - Surface(name=Task=15)/@0x85bb457_transition-leash#121915
05-25 21:40:38.151  1216  1239 E HeatmapThread: ECT Thread time in milliseconds: 1779763238
05-25 21:40:38.154  1216  1239 E HeatmapThread: !@ CAM New BSOH: 98
05-25 21:40:38.178  1237  1237 E SurfaceFlinger: alpha changed 0.000 -> 1.000 - Surface(name=Task=15)/@0x85bb457_transition-leash#121915
05-25 21:40:38.178  1237  1237 E SurfaceFlinger: alpha changed 0.000 -> 1.000 - Surface(name=TransientLaunchOverlayToken{87124ec token=android.os.BinderProxy@48bdb9f})/@0xc10a9d6_transition-leash#121914
05-25 21:40:38.217  1237  1799 E NativeCustomFrequencyManager: [NativeCFMS] BpCustomFrequencyManager::acquire()
05-25 21:40:38.590 10114 12542 E TransitionChain: Can't collect into a chain with no transition
05-25 21:40:38.712 12763 12807 E AccessibilityService: bindInput must be paired with unbindInput.
05-25 21:40:38.728  1237  1237 E SurfaceFlinger: alpha changed 1.000 -> 0.000 - Surface(name=68383d2 InputMethod)/@0xbfd7ba0 - animation-leash of insets_animation#121919
05-25 21:40:38.967 13696  9250 E AtomicFile: Failed to rename /data/user_de/0/com.samsung.android.honeyboard/files/selected.json.new to /data/user_de/0/com.samsung.android.honeyboard/files/selected.json
05-25 21:40:39.151  1216  1239 E HeatmapThread: ECT Thread time in milliseconds: 1779763239
05-25 21:40:39.154  3072  3072 E pageboostd: Received HALT command code 2
05-25 21:40:39.154  1216  1239 E HeatmapThread: !@ CAM New BSOH: 98
05-25 21:40:39.215 19541 19571 E adservices.measurement: Measurement Register Trigger API is disabled
05-25 21:40:39.232 19541 19571 E adservices.measurement: Measurement API is disabled by kill-switch.
05-25 21:40:39.403  1237  1237 E SurfaceFlinger: alpha changed 1.000 -> 0.000 - Surface(name=Task=1)/@0x6550484_transition-leash#121924
05-25 21:40:39.428  1237  1237 E SurfaceFlinger: alpha changed 0.000 -> 0.011 - Surface(name=Task=1)/@0x6550484_transition-leash#121924
05-25 21:40:39.494  1237  1237 E SurfaceFlinger: alpha changed 1.000 -> 0.000 - Surface(name=68383d2 InputMethod)/@0xbfd7ba0 - animation-leash of insets_animation#121926
05-25 21:40:39.661  1237  1237 E SurfaceFlinger: alpha changed 0.003 -> 0.000 - Surface(name=Task=15)/@0x4fa58a2_transition-leash#121925
05-25 21:40:39.691 10114 10376 E WindowManager: win=Window{73f9c8e u0 com.sec.android.app.launcher/com.android.quickstep.RecentsActivity} destroySurfaces: appStopped=true cleanupOnResume=false win.mWindowRemovalAllowed=false win.mRemoveOnExit=false win.mViewVisibility=8 caller=com.android.server.wm.ActivityRecord.destroySurfaces:25 com.android.server.wm.ActivityRecord.activityStopped:192 com.android.server.wm.ActivityClientController.activityStopped:97 android.app.IActivityClientController$Stub.onTransact:740 com.android.server.wm.ActivityClientController.onTransact:1 android.os.Binder.execTransactInternal:1462 android.os.Binder.execTransact:1401 
05-25 21:40:39.876  9949 23290 E mediaserver: unlinkToDeath: removed reference to death recipient but unlink failed: DEAD_OBJECT
05-25 21:40:39.878  9949 23290 E IPCThreadState: attemptIncStrongHandle(6): Not supported
05-25 21:40:39.926 10114 10773 E BinderCallsStats: IO errors occurred ...
05-25 21:40:39.926 10114 10773 E BinderCallsStats: java.io.FileNotFoundException: /proc/7396/cmdline: open failed: ENOENT (No such file or directory)
05-25 21:40:39.926 10114 10773 E BinderCallsStats: 	at libcore.io.IoBridge.open(IoBridge.java:574)
05-25 21:40:39.926 10114 10773 E BinderCallsStats: 	at java.io.FileInputStream.<init>(FileInputStream.java:179)
05-25 21:40:39.926 10114 10773 E BinderCallsStats: 	at java.io.FileInputStream.<init>(FileInputStream.java:133)
05-25 21:40:39.926 10114 10773 E BinderCallsStats: 	at java.io.FileReader.<init>(FileReader.java:103)
05-25 21:40:39.926 10114 10773 E BinderCallsStats: 	at com.android.internal.os.BinderCallsStats.getPackageName(BinderCallsStats.java:1157)
05-25 21:40:39.926 10114 10773 E BinderCallsStats: 	at com.android.internal.os.BinderCallsStats.processCallEnded(BinderCallsStats.java:386)
05-25 21:40:39.926 10114 10773 E BinderCallsStats: 	at com.android.internal.os.BinderCallsStats.callEnded(BinderCallsStats.java:339)
05-25 21:40:39.926 10114 10773 E BinderCallsStats: 	at android.os.Binder.execTransactInternal(Binder.java:1498)
05-25 21:40:39.926 10114 10773 E BinderCallsStats: 	at android.os.Binder.execTransact(Binder.java:1401)
05-25 21:40:39.926 10114 10773 E BinderCallsStats: Caused by: android.system.ErrnoException: open failed: ENOENT (No such file or directory)
05-25 21:40:39.926 10114 10773 E BinderCallsStats: 	at libcore.io.Linux.open(Native Method)
05-25 21:40:39.926 10114 10773 E BinderCallsStats: 	at libcore.io.ForwardingOs.open(ForwardingOs.java:574)
05-25 21:40:39.926 10114 10773 E BinderCallsStats: 	at libcore.io.BlockGuardOs.open(BlockGuardOs.java:274)
05-25 21:40:39.926 10114 10773 E BinderCallsStats: 	at libcore.io.IoBridge.open(IoBridge.java:560)
05-25 21:40:39.926 10114 10773 E BinderCallsStats: 	... 8 more
05-25 21:40:40.151  1216  1239 E HeatmapThread: ECT Thread time in milliseconds: 1779763240
05-25 21:40:40.152  1216  1239 E HeatmapThread: !@ CAM New BSOH: 98
05-25 21:40:40.569 10114 10202 E Watchdog: !@Sync: 2026 heap(MB): 137 / 157 FD: 1212 [2026-05-25 21:40:40.567]
05-25 21:40:41.151  1216  1239 E HeatmapThread: ECT Thread time in milliseconds: 1779763241
05-25 21:40:41.152  1216  1239 E HeatmapThread: !@ CAM New BSOH: 98
05-25 21:40:42.043 10114 10114 E PocketMotionManager: activity tracker 1, 0
05-25 21:40:42.151  1216  1239 E HeatmapThread: ECT Thread time in milliseconds: 1779763242
05-25 21:40:42.152  1216  1239 E HeatmapThread: !@ CAM New BSOH: 98
05-25 21:40:42.313  1148  1148 E SensorsGrip: [grip_sensor] enable: mEnabled : 0, first_grip_event : 1
05-25 21:40:43.078 10569 11248 E SatelliteController: notifyNtnEligibility: mSatellitePhone is null
05-25 21:40:43.151  1216  1239 E HeatmapThread: ECT Thread time in milliseconds: 1779763243
05-25 21:40:43.152  1216  1239 E HeatmapThread: !@ CAM New BSOH: 98
05-25 21:40:43.601 10114 10114 E PocketMotionManager: activity tracker 2, 2
05-25 21:40:43.970  1237  1426 E HWComposer: getLuts: getLuts failed for display 4633128672291735932: UNSUPPORTED (8)
05-25 21:40:44.151  1216  1239 E HeatmapThread: ECT Thread time in milliseconds: 1779763244
05-25 21:40:44.154  1216  1239 E HeatmapThread: !@ CAM New BSOH: 98
05-25 21:40:44.246  9989  9276 E bauth_FPBAuthServiceStorage: isValidTemplFormat fopen is null : 2
05-25 21:40:44.291  9275  9275 E ThemeUtils: View class com.airbnb.lottie.LottieAnimationView is an AppCompat widget that can only be used with a Theme.AppCompat theme (or descendant).
05-25 21:40:44.298 10594 10594 E AbsSettings: refreshInner: refreshedSettingsDBItem key enabled_complication_widgets_id_list val = 
05-25 21:40:44.435  9275  9275 E ThemeUtils: View class com.airbnb.lottie.LottieAnimationView is an AppCompat widget that can only be used with a Theme.AppCompat theme (or descendant).
05-25 21:40:44.441  9275  9275 E ashmem  : Pinning is deprecated since Android Q. Please use trim or other methods.
05-25 21:40:44.458 10114 12486 E WindowManager: win=Window{e416267 u0 com.sec.android.app.launcher/com.sec.android.app.launcher.activities.LauncherActivity} destroySurfaces: appStopped=true cleanupOnResume=false win.mWindowRemovalAllowed=false win.mRemoveOnExit=false win.mViewVisibility=8 caller=com.android.server.wm.ActivityRecord.destroySurfaces:25 com.android.server.wm.ActivityRecord.activityStopped:192 com.android.server.wm.ActivityClientController.activityStopped:97 android.app.IActivityClientController$Stub.onTransact:740 com.android.server.wm.ActivityClientController.onTransact:1 android.os.Binder.execTransactInternal:1462 android.os.Binder.execTransact:1401 
05-25 21:40:44.537 10871 11407 E ScanManager: [GSIM LOG]: gsimLogHandler, msg: MESSAGE_SCAN_STOP, appName: com.google.android.gms, scannerId: 2, reportDelayMillis=0
05-25 21:40:44.538  2902  3043 E msys    : E[N mns:DGWClient]_LogError(289)=>Failed to resolve using system DNS resolver, getaddrinfo(): No address associated with hostname
05-25 21:40:44.547  2902  3043 E msys    : E[N mns:DGWClient]_LogError(289)=>Failed to resolve using system DNS resolver, getaddrinfo(): No address associated with hostname
05-25 21:40:44.574 10871 11407 E ScanManager: [GSIM LOG]: gsimLogHandler, msg: MESSAGE_SCAN_STOP, appName: com.google.android.gms, scannerId: 7, reportDelayMillis=0
05-25 21:40:44.695 10114 10114 E PocketProximityManager: onSensorChanged : proxVal: 255.0
05-25 21:40:44.721   609  3021 E android.system.suspend-service: Autosuspend already started.
05-25 21:40:44.729 10594 10594 E AbsSettings: refreshInner: refreshedSettingsDBItem key CLOCK_VERSION val = 300000
05-25 21:40:44.730 10594 10594 E AbsSettings: refreshInner: refreshedSettingsDBItem key PALETTE_VERSION val = 90000
05-25 21:40:44.748 10871 11407 E ScanManager: [GSIM LOG]: gsimLogHandler, msg: MESSAGE_SCAN_STOP, appName: com.google.android.gms, scannerId: 6, reportDelayMillis=0
05-25 21:40:44.749 10594 10594 E AbsSettings: refreshInner: refreshedSettingsDBItem key enabled_complication_widgets_id_list val = 
05-25 21:40:44.779 10114 12563 E WindowManager: win=Window{14841c7 u0 com.sec.android.app.launcher/com.samsung.app.honeyspace.edge.edgepanel.app.CocktailBarService} destroySurfaces: appStopped=true cleanupOnResume=false win.mWindowRemovalAllowed=false win.mRemoveOnExit=false win.mViewVisibility=8 caller=com.android.server.wm.WindowManagerService.tryStartExitingAnimation:134 com.android.server.wm.WindowManagerService.relayoutWindow:1160 com.android.server.wm.Session.relayout:27 android.view.IWindowSession$Stub.onTransact:829 com.android.server.wm.Session.onTransact:1 android.os.Binder.execTransactInternal:1457 android.os.Binder.execTransact:1401 
05-25 21:40:44.791 10871 11406 E BtGatt.AdvertiseManager: [GSIM LOG]: gsimLogHandler, msg: MESSAGE_ADV_SET_STOP, appName: com.google.android.gms, id: 3, isLegacy: true
05-25 21:40:44.793 10871 11406 E BtGatt.AdvertiseManager: [GSIM LOG]: gsimLogHandler, msg: MESSAGE_ADV_SET_STOP, appName: com.google.android.gms, id: 2, isLegacy: false
05-25 21:40:44.798 10594 10594 E AbsSettings: refreshInner: refreshedSettingsDBItem key enabled_complication_widgets_id_list val = 
05-25 21:40:44.811 10871 11406 E BtGatt.AdvertiseManager: [GSIM LOG]: gsimLogHandler, msg: MESSAGE_ADV_SET_START, appName: com.google.android.gms, id: 1, isLegacy: true
05-25 21:40:44.836 11577 17740 E NearbyMediums: MEDIUM_ERROR [SYSTEM][WIFI_LAN][START_LISTENING_INCOMING_CONNECTION][ACCEPT_CONNECTION_FAILED][SOCKET_CLOSED], service-id=NearbySharing
05-25 21:40:44.836 11577 17740 E NearbyMediums: Extra Sensitive/PII message : Socket closed
05-25 21:40:44.846 10594 10594 E NowBarCardStackView: getTopCard topCard is null view size = 0
05-25 21:40:44.847 10594 10594 E NowBarCardStackView: getTopCard topCard is null view size = 0
05-25 21:40:44.848 10594 10594 E NowBarCardStackView: getTopCard topCard is null view size = 0
05-25 21:40:44.848 10594 10594 E NowBarCardStackView: getTopCard topCard is null view size = 0
05-25 21:40:44.848 10594 10594 E NowBarCardViewModel: updateExpandedClickPanelVisibility screen on = false expanded false isTopCardSettingViewOpened = false
05-25 21:40:44.862 10871 11406 E BtGatt.AdvertiseManager: [GSIM LOG]: gsimLogHandler, msg: MESSAGE_ADV_SET_START, appName: com.google.android.gms, id: 2, isLegacy: true
05-25 21:40:44.887 10594 10594 E ClockPackSettingsUtils: isRoamingState: android.provider.Settings$SettingNotFoundException: easy_mode_switch
05-25 21:40:44.891   609  3021 E android.system.suspend-service: Autosuspend already started.
05-25 21:40:44.891 10594 10594 E AbsSettings: refreshInner: refreshedSettingsDBItem key lock_theme_clock_trial_package val = null
05-25 21:40:44.892 10594 10594 E AbsSettings: refreshInner: refreshedSettingsDBItem key lock_theme_clock_package val = 
05-25 21:40:44.907 10594 10594 E ClockPackSettingsUtils: isRoamingState: android.provider.Settings$SettingNotFoundException: easy_mode_switch
05-25 21:40:44.909 10114 10114 E PocketModeEvent: ACTION_SCREEN_OFF
05-25 21:40:44.910 10594 10594 E AbsSettings: refreshInner: refreshedSettingsDBItem key lock_theme_clock_trial_package val = null
05-25 21:40:44.910 10594 10594 E AbsSettings: refreshInner: refreshedSettingsDBItem key lock_theme_clock_package val = 
05-25 21:40:44.911 10594 10594 E AbsSettings: refreshInner: refreshedSettingsDBItem key lock_theme_clock_trial_package val = null
05-25 21:40:44.911 10594 10594 E AbsSettings: refreshInner: refreshedSettingsDBItem key lock_theme_clock_package val = 
05-25 21:40:44.918 10114 10393 E PocketModeEvent: currentState : 1
05-25 21:40:44.929 10594 10735 E FromGoneTransitionInteractor: Ignoring startTransition: This interactor asked to transition from GONE -> LOCKSCREEN, but we last transitioned to DOZING, not GONE. This should never happen - check currentTransitionInfoInternal or use filterRelevantKeyguardState before starting transitions.
05-25 21:40:44.959 10114 10393 E PocketMotionManager: unregister activity tracker
05-25 21:40:44.960 10114 10393 E PocketModeEvent: MSG_TYPE_STOP_SENSING
05-25 21:40:44.965 11577  8406 E LoadedApk: Exception : java.lang.NullPointerException: Attempt to invoke virtual method 'boolean android.os.Looper.isPerfLogEnable()' on a null object reference
05-25 21:40:45.033 10594 10594 E KeyguardPunchHoleVIView: onApplyWindowInsets() return - mVIDirector is null (a54xsqw)
05-25 21:40:45.036 11925 12241 E Notification4P_GO: CommonUtil.isDesktopMode manager is null
05-25 21:40:45.037 10594 10942 E engmode_client_list: Cannot find client
05-25 21:40:45.037 10594 10942 E engmode_hidl_client_service: Client error
05-25 21:40:45.040 11577  9304 E LoadedApk: Exception : java.lang.NullPointerException: Attempt to invoke virtual method 'boolean android.os.Looper.isPerfLogEnable()' on a null object reference
05-25 21:40:45.052 10594 10594 E KeyguardPunchHoleVIView: onApplyWindowInsets() return - mVIDirector is null (a54xsqw)
05-25 21:40:45.060 11577  9304 E LoadedApk: Exception : java.lang.NullPointerException: Attempt to invoke virtual method 'boolean android.os.Looper.isPerfLogEnable()' on a null object reference
05-25 21:40:45.081 11925 11925 E IUHostManager: getDevicesToSend [messages]
05-25 21:40:45.085  9965 14219 E engmode_world: Unknown token(00/00/00)
05-25 21:40:45.086   612   612 E engmode_hidl_service: error to server(0xd0060012)
